194.106.112.211 - - [05/Nov/2018:06:32:02 +0300] "POST /json/get_section_page HTTP/1.1" 200 60 "https://bigenc.ru/fine_art/text/3513647" "Mozilla/5.0 (iPhone; CPU iPhone OS 12_0_1 like Mac OS X) AppleWebKit/605.1.15 (KHTML, like Gecko) Version/12.0 Mobile/15E148 Safari/604.1" "-" "t=-,qwx=WMbMEFvNkbKdGQ7fCyd6Ag==" "-" [request_time=0.001, upstream_response_time=0.001, cache=-] (upstream 88.198.204.16:14090 // 200)" [ssl=TLSv1.2]
194.106.112.211 - - [05/Nov/2018:06:32:02 +0300] "POST /json/get_section_page HTTP/1.1" 200 60 "https://bigenc.ru/fine_art/text/3513647" "Mozilla/5.0 (iPhone; CPU iPhone OS 12_0_1 like Mac OS X) AppleWebKit/605.1.15 (KHTML, like Gecko) Version/12.0 Mobile/15E148 Safari/604.1" "-" "t=-,qwx=WMbMEFvNkbKdGQ7fCyd6Ag==" "-" [request_time=0.002, upstream_response_time=0.002, cache=-] (upstream 88.198.204.16:14090 // 200)" [ssl=TLSv1.2]
194.106.112.211 - - [05/Nov/2018:06:32:02 +0300] "GET /media/2016/10/27/1235248381/13664.jpg.88x-.png HTTP/1.1" 200 10107 "https://bigenc.ru/fine_art/text/3513647" "Mozilla/5.0 (iPhone; CPU iPhone OS 12_0_1 like Mac OS X) AppleWebKit/605.1.15 (KHTML, like Gecko) Version/12.0 Mobile/15E148 Safari/604.1" "-" "t=-,qwx=WMbMEFvNkbKdGQ7fCyd6Ag==" "-" [request_time=0.000, upstream_response_time=-, cache=-] (upstream - // -)" [ssl=TLSv1.2]
194.106.112.211 - - [05/Nov/2018:06:32:02 +0300] "GET /media/2016/10/27/1235248369/29587.jpg.88x-.png HTTP/1.1" 200 6514 "https://bigenc.ru/fine_art/text/3513647" "Mozilla/5.0 (iPhone; CPU iPhone OS 12_0_1 like Mac OS X) AppleWebKit/605.1.15 (KHTML, like Gecko) Version/12.0 Mobile/15E148 Safari/604.1" "-" "t=-,qwx=WMbMEFvNkbKdGQ7fCyd6Ag==" "-" [request_time=0.000, upstream_response_time=-, cache=-] (upstream - // -)" [ssl=TLSv1.2]
194.106.112.211 - - [05/Nov/2018:06:32:02 +0300] "POST /fine_art/text/3513647 HTTP/1.1" 200 16307 "https://bigenc.ru/fine_art/text/3513647" "Mozilla/5.0 (iPhone; CPU iPhone OS 12_0_1 like Mac OS X) AppleWebKit/605.1.15 (KHTML, like Gecko) Version/12.0 Mobile/15E148 Safari/604.1" "-" "t=-,qwx=WMbMEFvNkbKdGQ7fCyd6Ag==" "-" [request_time=0.132, upstream_response_time=0.131, cache=-] (upstream 88.198.204.16:14090 // 200)" [ssl=TLSv1.2]
194.106.112.211 - - [05/Nov/2018:06:32:02 +0300] "POST /fine_art/text/3513647 HTTP/1.1" 200 16284 "https://bigenc.ru/fine_art/text/3513647" "Mozilla/5.0 (iPhone; CPU iPhone OS 12_0_1 like Mac OS X) AppleWebKit/605.1.15 (KHTML, like Gecko) Version/12.0 Mobile/15E148 Safari/604.1" "-" "t=-,qwx=WMbMEFvNkbKdGQ7fCyd6Ag==" "-" [request_time=0.121, upstream_response_time=0.121, cache=-] (upstream 88.198.204.16:14090 // 200)" [ssl=TLSv1.2]
194.106.112.211 - - [05/Nov/2018:06:32:02 +0300] "GET /media/2016/10/27/1235248381/13664.jpg HTTP/1.1" 200 307344 "https://bigenc.ru/fine_art/text/3513647" "Mozilla/5.0 (iPhone; CPU iPhone OS 12_0_1 like Mac OS X) AppleWebKit/605.1.15 (KHTML, like Gecko) Version/12.0 Mobile/15E148 Safari/604.1" "-" "t=-,qwx=WMbMEFvNkbKdGQ7fCyd6Ag==" "-" [request_time=0.439, upstream_response_time=-, cache=-] (upstream - // -)" [ssl=TLSv1.2]
194.106.112.211 - - [05/Nov/2018:06:32:02 +0300] "GET /media/2016/10/27/1235248369/29587.jpg HTTP/1.1" 200 340554 "https://bigenc.ru/fine_art/text/3513647" "Mozilla/5.0 (iPhone; CPU iPhone OS 12_0_1 like Mac OS X) AppleWebKit/605.1.15 (KHTML, like Gecko) Version/12.0 Mobile/15E148 Safari/604.1" "-" "t=-,qwx=WMbMEFvNkbKdGQ7fCyd6Ag==" "-" [request_time=0.495, upstream_response_time=-, cache=-] (upstream - // -)" [ssl=TLSv1.2]
87.250.224.77 - - [05/Nov/2018:06:32:04 +0300] "GET /media/2016/10/27/1235203507/18024.jpg HTTP/1.1" 200 130286 "-" "Mozilla/5.0 (compatible; YandexImages/3.0; +http://yandex.com/bots)" "-" "t=-,qwx=-" "-" [request_time=0.119, upstream_response_time=-, cache=-] (upstream - // -)" [ssl=TLSv1.2]
5.101.113.64 - - [05/Nov/2018:06:32:04 +0300] "GET /pg/metrics HTTP/1.1" 302 154 "-" "Prometheus/2.3.2" "-" "t=-,qwx=-" "-" [request_time=0.000, upstream_response_time=-, cache=-] (upstream - // -)" [ssl=-]
5.196.87.2 - - [05/Nov/2018:06:32:05 +0300] "GET /geography/text/2878191 HTTP/1.1" 302 154 "-" "Mozilla/5.0 (compatible; AhrefsBot/5.2; +http://ahrefs.com/robot/)" "-" "t=-,qwx=-" "-" [request_time=0.000, upstream_response_time=-, cache=-] (upstream - // -)" [ssl=-]
157.55.39.218 - - [05/Nov/2018:06:32:08 +0300] "GET /linguistics/text/4216589 HTTP/1.1" 200 11125 "-" "Mozilla/5.0 (compatible; bingbot/2.0; +http://www.bing.com/bingbot.htm)" "-" "t=-,qwx=-" "-" [request_time=0.099, upstream_response_time=0.099, cache=-] (upstream 88.198.204.16:14090 // 200)" [ssl=TLSv1.2]
157.55.39.218 - - [05/Nov/2018:06:32:09 +0300] "GET /world_history/text/2196984 HTTP/1.1" 302 154 "-" "Mozilla/5.0 (compatible; bingbot/2.0; +http://www.bing.com/bingbot.htm)" "-" "t=-,qwx=-" "-" [request_time=0.000, upstream_response_time=-, cache=-] (upstream - // -)" [ssl=-]
157.55.39.218 - - [05/Nov/2018:06:32:09 +0300] "GET /world_history/text/2196984 HTTP/1.1" 200 8111 "-" "Mozilla/5.0 (compatible; bingbot/2.0; +http://www.bing.com/bingbot.htm)" "-" "t=-,qwx=-" "-" [request_time=0.067, upstream_response_time=0.067, cache=-] (upstream 88.198.204.16:14090 // 200)" [ssl=TLSv1.2]
157.55.39.218 - - [05/Nov/2018:06:32:10 +0300] "GET /domestic_history/text/1853389 HTTP/1.1" 301 312 "-" "Mozilla/5.0 (compatible; bingbot/2.0; +http://www.bing.com/bingbot.htm)" "-" "t=-,qwx=-" "-" [request_time=0.023, upstream_response_time=0.023, cache=-] (upstream 88.198.204.16:14090 // 301)" [ssl=TLSv1.2]
157.55.39.218 - - [05/Nov/2018:06:32:10 +0300] "GET /domestic_history/text/3824328 HTTP/1.1" 200 13256 "-" "Mozilla/5.0 (compatible; bingbot/2.0; +http://www.bing.com/bingbot.htm)" "-" "t=-,qwx=-" "-" [request_time=0.107, upstream_response_time=0.107, cache=-] (upstream 88.198.204.16:14090 // 200)" [ssl=TLSv1.2]
5.101.113.64 - - [05/Nov/2018:06:32:12 +0300] "GET /nginx/metrics HTTP/1.1" 302 154 "-" "Prometheus/2.3.2" "-" "t=-,qwx=-" "-" [request_time=0.000, upstream_response_time=-, cache=-] (upstream - // -)" [ssl=-]
178.90.38.40 - - [05/Nov/2018:06:32:13 +0300] "GET /geography/text/3039129 HTTP/1.1" 200 44795 "-" "Mozilla/5.0 (Windows NT 6.1; Win64; x64; Trident/7.0; rv:11.0) like Gecko" "-" "t=-,qwx=-" "-" [request_time=0.285, upstream_response_time=0.181, cache=-] (upstream 88.198.204.16:14090 // 200)" [ssl=TLSv1.2]
157.55.39.218 - - [05/Nov/2018:06:32:13 +0300] "GET /mathematics/text/2642070 HTTP/1.1" 200 7553 "-" "Mozilla/5.0 (compatible; bingbot/2.0; +http://www.bing.com/bingbot.htm)" "-" "t=-,qwx=-" "-" [request_time=0.064, upstream_response_time=0.064, cache=-] (upstream 88.198.204.16:14090 // 200)" [ssl=TLSv1.2]
157.55.39.218 - - [05/Nov/2018:06:32:13 +0300] "GET /geology/text/2367905 HTTP/1.1" 200 8081 "-" "Mozilla/5.0 (compatible; bingbot/2.0; +http://www.bing.com/bingbot.htm)" "-" "t=-,qwx=-" "-" [request_time=0.067, upstream_response_time=0.067, cache=-] (upstream 88.198.204.16:14090 // 200)" [ssl=TLSv1.2]
157.55.39.218 - - [05/Nov/2018:06:32:14 +0300] "GET /media/2016/10/27/1235581748/10742.jpg HTTP/1.1" 302 154 "-" "Mozilla/5.0 (compatible; bingbot/2.0; +http://www.bing.com/bingbot.htm)" "-" "t=-,qwx=-" "-" [request_time=0.000, upstream_response_time=-, cache=-] (upstream - // -)" [ssl=-]
178.90.38.40 - - [05/Nov/2018:06:32:14 +0300] "GET /geography/text/2238756 HTTP/1.1" 200 51015 "-" "Mozilla/5.0 (Windows NT 6.1; Win64; x64; Trident/7.0; rv:11.0) like Gecko" "-" "t=-,qwx=-" "-" [request_time=1.836, upstream_response_time=0.265, cache=-] (upstream 88.198.204.16:14090 // 200)" [ssl=TLSv1.2]
5.101.113.64 - - [05/Nov/2018:06:32:15 +0300] "GET /node/metrics HTTP/1.1" 302 154 "-" "Prometheus/2.3.2" "-" "t=-,qwx=-" "-" [request_time=0.000, upstream_response_time=-, cache=-] (upstream - // -)" [ssl=-]
157.55.39.218 - - [05/Nov/2018:06:32:15 +0300] "GET /media/2016/10/27/1235581748/10742.jpg HTTP/1.1" 200 121732 "-" "Mozilla/5.0 (compatible; bingbot/2.0; +http://www.bing.com/bingbot.htm)" "-" "t=-,qwx=-" "-" [request_time=0.315, upstream_response_time=-, cache=-] (upstream - // -)" [ssl=TLSv1.2]
157.55.39.218 - - [05/Nov/2018:06:32:15 +0300] "GET /media/2016/10/27/1235173459/%D0%94%D0%90%D0%9B%D0%AC%D0%9D%D0%95%D0%92%D0%9E%D0%A1%D0%A2%D0%9E%D0%A7%20%D0%A0%D0%95%D0%A1%D0%9F%D0%A3%D0%91.%20%D0%91%D0%BE%D0%B5%D0%B2%D1%8B%D0%B5%20%D0%B4%D0%B5%D0%B9%D1%81%D1%82%D0%B2%D0%B8%D1%8F%201920-22.jpg.262x-.png HTTP/1.1" 302 154 "-" "Mozilla/5.0 (compatible; bingbot/2.0; +http://www.bing.com/bingbot.htm)" "-" "t=-,qwx=-" "-" [request_time=0.000, upstream_response_time=-, cache=-] (upstream - // -)" [ssl=-]
87.250.224.77 - - [05/Nov/2018:06:32:16 +0300] "GET /theatre_and_cinema/text/1979717 HTTP/1.1" 200 9322 "-" "Mozilla/5.0 (compatible; YandexBot/3.0; +http://yandex.com/bots)" "-" "t=-,qwx=-" "-" [request_time=0.082, upstream_response_time=0.082, cache=-] (upstream 88.198.204.16:14090 // 200)" [ssl=TLSv1.2]
46.229.168.134 - - [05/Nov/2018:06:32:17 +0300] "GET /text/2205466 HTTP/1.1" 302 154 "-" "Mozilla/5.0 (compatible; SemrushBot/2~bl; +http://www.semrush.com/bot.html)" "-" "t=-,qwx=-" "-" [request_time=0.000, upstream_response_time=-, cache=-] (upstream - // -)" [ssl=-]
157.55.39.218 - - [05/Nov/2018:06:32:18 +0300] "GET /media/2016/10/27/1235173459/%D0%94%D0%90%D0%9B%D0%AC%D0%9D%D0%95%D0%92%D0%9E%D0%A1%D0%A2%D0%9E%D0%A7%20%D0%A0%D0%95%D0%A1%D0%9F%D0%A3%D0%91.%20%D0%91%D0%BE%D0%B5%D0%B2%D1%8B%D0%B5%20%D0%B4%D0%B5%D0%B9%D1%81%D1%82%D0%B2%D0%B8%D1%8F%201920-22.jpg.262x-.png HTTP/1.1" 200 44011 "-" "Mozilla/5.0 (compatible; bingbot/2.0; +http://www.bing.com/bingbot.htm)" "-" "t=-,qwx=-" "-" [request_time=0.250, upstream_response_time=-, cache=-] (upstream - // -)" [ssl=TLSv1.2]
157.55.39.218 - - [05/Nov/2018:06:32:19 +0300] "GET /fine_art/text/1849771 HTTP/1.1" 200 8700 "-" "Mozilla/5.0 (compatible; bingbot/2.0; +http://www.bing.com/bingbot.htm)" "-" "t=-,qwx=-" "-" [request_time=0.084, upstream_response_time=0.084, cache=-] (upstream 88.198.204.16:14090 // 200)" [ssl=TLSv1.2]
46.229.168.152 - - [05/Nov/2018:06:32:19 +0300] "GET /text/2205466 HTTP/1.1" 301 305 "-" "Mozilla/5.0 (compatible; SemrushBot/2~bl; +http://www.semrush.com/bot.html)" "-" "t=-,qwx=-" "-" [request_time=0.001, upstream_response_time=0.001, cache=-] (upstream 88.198.204.16:14090 // 301)" [ssl=TLSv1.2]
5.101.113.64 - - [05/Nov/2018:06:32:19 +0300] "GET /pg/metrics HTTP/1.1" 302 154 "-" "Prometheus/2.3.2" "-" "t=-,qwx=-" "-" [request_time=0.000, upstream_response_time=-, cache=-] (upstream - // -)" [ssl=-]
157.55.39.218 - - [05/Nov/2018:06:32:19 +0300] "GET /text/3511115 HTTP/1.1" 301 303 "-" "Mozilla/5.0 (compatible; bingbot/2.0; +http://www.bing.com/bingbot.htm)" "-" "t=-,qwx=-" "-" [request_time=0.005, upstream_response_time=0.005, cache=-] (upstream 88.198.204.16:14090 // 301)" [ssl=TLSv1.2]
157.55.39.218 - - [05/Nov/2018:06:32:20 +0300] "GET /world_history/text/4071550 HTTP/1.1" 200 9901 "-" "Mozilla/5.0 (compatible; bingbot/2.0; +http://www.bing.com/bingbot.htm)" "-" "t=-,qwx=-" "-" [request_time=0.090, upstream_response_time=0.090, cache=-] (upstream 88.198.204.16:14090 // 200)" [ssl=TLSv1.2]
157.55.39.218 - - [05/Nov/2018:06:32:20 +0300] "GET /%C3%91%E2%80%A1%C3%90%C2%B5%C3%91%E2%82%AC%C3%90%C2%BA%C3%90%C2%B5%C3%91%C2%81%C3%91%E2%80%B9 HTTP/1.1" 302 299 "-" "Mozilla/5.0 (compatible; bingbot/2.0; +http://www.bing.com/bingbot.htm)" "-" "t=-,qwx=-" "-" [request_time=0.008, upstream_response_time=0.008, cache=-] (upstream 88.198.204.16:14090 // 302)" [ssl=TLSv1.2]
46.229.168.141 - - [05/Nov/2018:06:32:20 +0300] "GET /geography/text/2205466 HTTP/1.1" 200 12060 "-" "Mozilla/5.0 (compatible; SemrushBot/2~bl; +http://www.semrush.com/bot.html)" "-" "t=-,qwx=-" "-" [request_time=0.100, upstream_response_time=0.100, cache=-] (upstream 88.198.204.16:14090 // 200)" [ssl=TLSv1.2]
157.55.39.218 - - [05/Nov/2018:06:32:20 +0300] "GET /text/1995752 HTTP/1.1" 301 309 "-" "Mozilla/5.0 (compatible; bingbot/2.0; +http://www.bing.com/bingbot.htm)" "-" "t=-,qwx=-" "-" [request_time=0.001, upstream_response_time=0.001, cache=-] (upstream 88.198.204.16:14090 // 301)" [ssl=TLSv1.2]
157.55.39.218 - - [05/Nov/2018:06:32:21 +0300] "GET /text/2164683 HTTP/1.1" 301 306 "-" "Mozilla/5.0 (compatible; bingbot/2.0; +http://www.bing.com/bingbot.htm)" "-" "t=-,qwx=-" "-" [request_time=0.001, upstream_response_time=0.001, cache=-] (upstream 88.198.204.16:14090 // 301)" [ssl=TLSv1.2]
157.55.39.218 - - [05/Nov/2018:06:32:21 +0300] "GET /mathematics/text/1820147 HTTP/1.1" 200 12950 "-" "Mozilla/5.0 (compatible; bingbot/2.0; +http://www.bing.com/bingbot.htm)" "-" "t=-,qwx=-" "-" [request_time=0.108, upstream_response_time=0.108, cache=-] (upstream 88.198.204.16:14090 // 200)" [ssl=TLSv1.2]
157.55.39.218 - - [05/Nov/2018:06:32:21 +0300] "GET /text/3172458 HTTP/1.1" 301 307 "-" "Mozilla/5.0 (compatible; bingbot/2.0; +http://www.bing.com/bingbot.htm)" "-" "t=-,qwx=-" "-" [request_time=0.004, upstream_response_time=0.004, cache=-] (upstream 88.198.204.16:14090 // 301)" [ssl=TLSv1.2]
157.55.39.218 - - [05/Nov/2018:06:32:21 +0300] "GET /economics/text/2259728 HTTP/1.1" 200 9669 "-" "Mozilla/5.0 (compatible; bingbot/2.0; +http://www.bing.com/bingbot.htm)" "-" "t=-,qwx=-" "-" [request_time=0.094, upstream_response_time=0.094, cache=-] (upstream 88.198.204.16:14090 // 200)" [ssl=TLSv1.2]
157.55.39.218 - - [05/Nov/2018:06:32:22 +0300] "GET /literature/text/3514145 HTTP/1.1" 200 8490 "-" "Mozilla/5.0 (compatible; bingbot/2.0; +http://www.bing.com/bingbot.htm)" "-" "t=-,qwx=-" "-" [request_time=0.067, upstream_response_time=0.067, cache=-] (upstream 88.198.204.16:14090 // 200)" [ssl=TLSv1.2]
157.55.39.218 - - [05/Nov/2018:06:32:22 +0300] "GET /text/1986601 HTTP/1.1" 301 307 "-" "Mozilla/5.0 (compatible; bingbot/2.0; +http://www.bing.com/bingbot.htm)" "-" "t=-,qwx=-" "-" [request_time=0.001, upstream_response_time=0.001, cache=-] (upstream 88.198.204.16:14090 // 301)" [ssl=TLSv1.2]
157.55.39.218 - - [05/Nov/2018:06:32:22 +0300] "GET /text/2370404 HTTP/1.1" 301 306 "-" "Mozilla/5.0 (compatible; bingbot/2.0; +http://www.bing.com/bingbot.htm)" "-" "t=-,qwx=-" "-" [request_time=0.001, upstream_response_time=0.001, cache=-] (upstream 88.198.204.16:14090 // 301)" [ssl=TLSv1.2]
157.55.39.218 - - [05/Nov/2018:06:32:22 +0300] "GET /text/4926673 HTTP/1.1" 301 309 "-" "Mozilla/5.0 (compatible; bingbot/2.0; +http://www.bing.com/bingbot.htm)" "-" "t=-,qwx=-" "-" [request_time=0.001, upstream_response_time=0.001, cache=-] (upstream 88.198.204.16:14090 // 301)" [ssl=TLSv1.2]
157.55.39.218 - - [05/Nov/2018:06:32:22 +0300] "GET /sport/text/3273818 HTTP/1.1" 200 7272 "-" "Mozilla/5.0 (compatible; bingbot/2.0; +http://www.bing.com/bingbot.htm)" "-" "t=-,qwx=-" "-" [request_time=0.068, upstream_response_time=0.068, cache=-] (upstream 88.198.204.16:14090 // 200)" [ssl=TLSv1.2]
157.55.39.218 - - [05/Nov/2018:06:32:22 +0300] "GET /text/1825332 HTTP/1.1" 301 304 "-" "Mozilla/5.0 (compatible; bingbot/2.0; +http://www.bing.com/bingbot.htm)" "-" "t=-,qwx=-" "-" [request_time=0.001, upstream_response_time=0.001, cache=-] (upstream 88.198.204.16:14090 // 301)" [ssl=TLSv1.2]
157.55.39.218 - - [05/Nov/2018:06:32:23 +0300] "GET /text/1946760 HTTP/1.1" 301 312 "-" "Mozilla/5.0 (compatible; bingbot/2.0; +http://www.bing.com/bingbot.htm)" "-" "t=-,qwx=-" "-" [request_time=0.002, upstream_response_time=0.002, cache=-] (upstream 88.198.204.16:14090 // 301)" [ssl=TLSv1.2]
157.55.39.218 - - [05/Nov/2018:06:32:23 +0300] "GET /text/3161778 HTTP/1.1" 301 307 "-" "Mozilla/5.0 (compatible; bingbot/2.0; +http://www.bing.com/bingbot.htm)" "-" "t=-,qwx=-" "-" [request_time=0.004, upstream_response_time=0.004, cache=-] (upstream 88.198.204.16:14090 // 301)" [ssl=TLSv1.2]
157.55.39.218 - - [05/Nov/2018:06:32:23 +0300] "GET /text/4217083 HTTP/1.1" 301 306 "-" "Mozilla/5.0 (compatible; bingbot/2.0; +http://www.bing.com/bingbot.htm)" "-" "t=-,qwx=-" "-" [request_time=0.004, upstream_response_time=0.004, cache=-] (upstream 88.198.204.16:14090 // 301)" [ssl=TLSv1.2]
157.55.39.218 - - [05/Nov/2018:06:32:23 +0300] "GET /theatre_and_cinema/text/3354878 HTTP/1.1" 200 9658 "-" "Mozilla/5.0 (compatible; bingbot/2.0; +http://www.bing.com/bingbot.htm)" "-" "t=-,qwx=-" "-" [request_time=0.092, upstream_response_time=0.092, cache=-] (upstream 88.198.204.16:14090 // 200)" [ssl=TLSv1.2]
87.250.224.77 - - [05/Nov/2018:06:32:23 +0300] "GET /world_history/text/2262607 HTTP/1.1" 200 11243 "-" "Mozilla/5.0 (compatible; YandexBot/3.0; +http://yandex.com/bots)" "-" "t=-,qwx=-" "-" [request_time=0.080, upstream_response_time=0.080, cache=-] (upstream 88.198.204.16:14090 // 200)" [ssl=TLSv1.2]
54.36.148.205 - - [05/Nov/2018:06:32:24 +0300] "GET /pdf/2104686 HTTP/1.1" 302 154 "-" "Mozilla/5.0 (compatible; AhrefsBot/5.2; +http://ahrefs.com/robot/)" "-" "t=-,qwx=-" "-" [request_time=0.000, upstream_response_time=-, cache=-] (upstream - // -)" [ssl=-]
157.55.39.218 - - [05/Nov/2018:06:32:24 +0300] "GET /persons/l/%D0%91 HTTP/1.1" 200 4997 "-" "Mozilla/5.0 (compatible; bingbot/2.0; +http://www.bing.com/bingbot.htm)" "-" "t=-,qwx=-" "-" [request_time=0.973, upstream_response_time=0.973, cache=-] (upstream 88.198.204.16:14090 // 200)" [ssl=TLSv1.2]
88.198.204.16 - - [05/Nov/2018:06:32:25 +0300] "GET /css/fonts/ptserif.css HTTP/1.1" 302 154 "-" "Mozilla/5.0 (X11; Linux x86_64) AppleWebKit/534.34 (KHTML, like Gecko) wkhtmltopdf Safari/534.34" "-" "t=-,qwx=-" "-" [request_time=0.000, upstream_response_time=-, cache=-] (upstream - // -)" [ssl=-]
88.198.204.16 - - [05/Nov/2018:06:32:25 +0300] "GET /css/fonts/ptsanscaption.css HTTP/1.1" 302 154 "-" "Mozilla/5.0 (X11; Linux x86_64) AppleWebKit/534.34 (KHTML, like Gecko) wkhtmltopdf Safari/534.34" "-" "t=-,qwx=-" "-" [request_time=0.000, upstream_response_time=-, cache=-] (upstream - // -)" [ssl=-]
88.198.204.16 - - [05/Nov/2018:06:32:25 +0300] "GET /lib/j/jquery.min.js HTTP/1.1" 302 154 "-" "Mozilla/5.0 (X11; Linux x86_64) AppleWebKit/534.34 (KHTML, like Gecko) wkhtmltopdf Safari/534.34" "-" "t=-,qwx=-" "-" [request_time=0.000, upstream_response_time=-, cache=-] (upstream - // -)" [ssl=-]
88.198.204.16 - - [05/Nov/2018:06:32:25 +0300] "GET /j/charchem.js HTTP/1.1" 302 154 "-" "Mozilla/5.0 (X11; Linux x86_64) AppleWebKit/534.34 (KHTML, like Gecko) wkhtmltopdf Safari/534.34" "-" "t=-,qwx=-" "-" [request_time=0.000, upstream_response_time=-, cache=-] (upstream - // -)" [ssl=-]
88.198.204.16 - - [05/Nov/2018:06:32:25 +0300] "GET /j/easychem.css HTTP/1.1" 302 154 "-" "Mozilla/5.0 (X11; Linux x86_64) AppleWebKit/534.34 (KHTML, like Gecko) wkhtmltopdf Safari/534.34" "-" "t=-,qwx=-" "-" [request_time=0.000, upstream_response_time=-, cache=-] (upstream - // -)" [ssl=-]
88.198.204.16 - - [05/Nov/2018:06:32:25 +0300] "GET /css/fonts/ptserif.css HTTP/1.1" 200 260 "-" "Mozilla/5.0 (X11; Linux x86_64) AppleWebKit/534.34 (KHTML, like Gecko) wkhtmltopdf Safari/534.34" "-" "t=-,qwx=WMbMEFvfuclQh18KA8UIAg==" "-" [request_time=0.000, upstream_response_time=-, cache=-] (upstream - // -)" [ssl=TLSv1.2]
88.198.204.16 - - [05/Nov/2018:06:32:25 +0300] "GET /css/fonts/ptsanscaption.css HTTP/1.1" 200 597 "-" "Mozilla/5.0 (X11; Linux x86_64) AppleWebKit/534.34 (KHTML, like Gecko) wkhtmltopdf Safari/534.34" "-" "t=-,qwx=WMbMEFvfuclQoF8MBZ2oAg==" "-" [request_time=0.000, upstream_response_time=-, cache=-] (upstream - // -)" [ssl=TLSv1.2]
88.198.204.16 - - [05/Nov/2018:06:32:25 +0300] "GET /img/logo.svg HTTP/1.1" 302 154 "-" "Mozilla/5.0 (X11; Linux x86_64) AppleWebKit/534.34 (KHTML, like Gecko) wkhtmltopdf Safari/534.34" "-" "t=-,qwx=WMbMEFvfuclQoF8MBZ2rAg==" "-" [request_time=0.000, upstream_response_time=-, cache=-] (upstream - // -)" [ssl=-]
88.198.204.16 - - [05/Nov/2018:06:32:25 +0300] "GET /css/fonts/ptsanscaptionbold.woff HTTP/1.1" 200 33872 "-" "Mozilla/5.0 (X11; Linux x86_64) AppleWebKit/534.34 (KHTML, like Gecko) wkhtmltopdf Safari/534.34" "-" "t=-,qwx=WMbMEFvfuclQoF8MBZ2rAg==" "-" [request_time=0.000, upstream_response_time=-, cache=-] (upstream - // -)" [ssl=TLSv1.2]
88.198.204.16 - - [05/Nov/2018:06:32:25 +0300] "GET /css/fonts/ptsanscaption.woff HTTP/1.1" 200 33832 "-" "Mozilla/5.0 (X11; Linux x86_64) AppleWebKit/534.34 (KHTML, like Gecko) wkhtmltopdf Safari/534.34" "-" "t=-,qwx=WMbMEFvfuclQoF8MBZ2rAg==" "-" [request_time=0.000, upstream_response_time=-, cache=-] (upstream - // -)" [ssl=TLSv1.2]
88.198.204.16 - - [05/Nov/2018:06:32:25 +0300] "GET /media/2016/10/27/1237282193/20607.jpg.262x-.png HTTP/1.1" 302 154 "-" "Mozilla/5.0 (X11; Linux x86_64) AppleWebKit/534.34 (KHTML, like Gecko) wkhtmltopdf Safari/534.34" "-" "t=-,qwx=WMbMEFvfuclQoF8MBZ2rAg==" "-" [request_time=0.000, upstream_response_time=-, cache=-] (upstream - // -)" [ssl=-]
88.198.204.16 - - [05/Nov/2018:06:32:25 +0300] "GET /media/2016/10/27/1237282193/20607.jpg.262x-.png HTTP/1.1" 200 50623 "-" "Mozilla/5.0 (X11; Linux x86_64) AppleWebKit/534.34 (KHTML, like Gecko) wkhtmltopdf Safari/534.34" "-" "t=-,qwx=WMbMEFvfuclQoF8MBZ2rAg==" "-" [request_time=0.000, upstream_response_time=-, cache=-] (upstream - // -)" [ssl=TLSv1.2]
157.55.39.218 - - [05/Nov/2018:06:32:25 +0300] "GET /pdf/2241071 HTTP/1.1" 200 81936 "-" "Mozilla/5.0 (compatible; bingbot/2.0; +http://www.bing.com/bingbot.htm)" "-" "t=-,qwx=-" "-" [request_time=0.724, upstream_response_time=0.407, cache=-] (upstream 88.198.204.16:14090 // 200)" [ssl=TLSv1.2]
157.55.39.218 - - [05/Nov/2018:06:32:25 +0300] "GET /text/1880081 HTTP/1.1" 302 154 "-" "Mozilla/5.0 (compatible; bingbot/2.0; +http://www.bing.com/bingbot.htm)" "-" "t=-,qwx=-" "-" [request_time=0.000, upstream_response_time=-, cache=-] (upstream - // -)" [ssl=-]
157.55.39.218 - - [05/Nov/2018:06:32:26 +0300] "GET /%C3%90%C2%BA%C3%90%C2%BE%C3%91%E2%82%AC%C3%91%C2%8F%C3%90%C2%BA%C3%90%C2%B8 HTTP/1.1" 302 293 "-" "Mozilla/5.0 (compatible; bingbot/2.0; +http://www.bing.com/bingbot.htm)" "-" "t=-,qwx=-" "-" [request_time=0.008, upstream_response_time=0.008, cache=-] (upstream 88.198.204.16:14090 // 302)" [ssl=TLSv1.2]
66.249.76.105 - - [05/Nov/2018:06:32:26 +0300] "GET /physics/text/4680054 HTTP/1.1" 200 7307 "-" "Mozilla/5.0 (compatible; Googlebot/2.1; +http://www.google.com/bot.html)" "-" "t=-,qwx=-" "-" [request_time=0.084, upstream_response_time=0.084, cache=-] (upstream 88.198.204.16:14090 // 200)" [ssl=TLSv1.2]
88.198.204.16 - - [05/Nov/2018:06:32:26 +0300] "GET /css/fonts/ptserif.css HTTP/1.1" 302 154 "-" "Mozilla/5.0 (X11; Linux x86_64) AppleWebKit/534.34 (KHTML, like Gecko) wkhtmltopdf Safari/534.34" "-" "t=-,qwx=-" "-" [request_time=0.000, upstream_response_time=-, cache=-] (upstream - // -)" [ssl=-]
88.198.204.16 - - [05/Nov/2018:06:32:26 +0300] "GET /css/fonts/ptsanscaption.css HTTP/1.1" 302 154 "-" "Mozilla/5.0 (X11; Linux x86_64) AppleWebKit/534.34 (KHTML, like Gecko) wkhtmltopdf Safari/534.34" "-" "t=-,qwx=-" "-" [request_time=0.000, upstream_response_time=-, cache=-] (upstream - // -)" [ssl=-]
88.198.204.16 - - [05/Nov/2018:06:32:26 +0300] "GET /j/charchem.js HTTP/1.1" 302 154 "-" "Mozilla/5.0 (X11; Linux x86_64) AppleWebKit/534.34 (KHTML, like Gecko) wkhtmltopdf Safari/534.34" "-" "t=-,qwx=-" "-" [request_time=0.000, upstream_response_time=-, cache=-] (upstream - // -)" [ssl=-]
88.198.204.16 - - [05/Nov/2018:06:32:26 +0300] "GET /lib/j/jquery.min.js HTTP/1.1" 302 154 "-" "Mozilla/5.0 (X11; Linux x86_64) AppleWebKit/534.34 (KHTML, like Gecko) wkhtmltopdf Safari/534.34" "-" "t=-,qwx=-" "-" [request_time=0.000, upstream_response_time=-, cache=-] (upstream - // -)" [ssl=-]
88.198.204.16 - - [05/Nov/2018:06:32:26 +0300] "GET /j/easychem.css HTTP/1.1" 302 154 "-" "Mozilla/5.0 (X11; Linux x86_64) AppleWebKit/534.34 (KHTML, like Gecko) wkhtmltopdf Safari/534.34" "-" "t=-,qwx=-" "-" [request_time=0.000, upstream_response_time=-, cache=-] (upstream - // -)" [ssl=-]
88.198.204.16 - - [05/Nov/2018:06:32:26 +0300] "GET /css/fonts/ptserif.css HTTP/1.1" 200 260 "-" "Mozilla/5.0 (X11; Linux x86_64) AppleWebKit/534.34 (KHTML, like Gecko) wkhtmltopdf Safari/534.34" "-" "t=-,qwx=WMbMEFvfucpQoF8MBZ2sAg==" "-" [request_time=0.000, upstream_response_time=-, cache=-] (upstream - // -)" [ssl=TLSv1.2]
88.198.204.16 - - [05/Nov/2018:06:32:26 +0300] "GET /css/fonts/ptsanscaption.css HTTP/1.1" 200 597 "-" "Mozilla/5.0 (X11; Linux x86_64) AppleWebKit/534.34 (KHTML, like Gecko) wkhtmltopdf Safari/534.34" "-" "t=-,qwx=WMbMEFvfucpQoF8MBZ2tAg==" "-" [request_time=0.000, upstream_response_time=-, cache=-] (upstream - // -)" [ssl=TLSv1.2]
88.198.204.16 - - [05/Nov/2018:06:32:26 +0300] "GET /img/logo.svg HTTP/1.1" 302 154 "-" "Mozilla/5.0 (X11; Linux x86_64) AppleWebKit/534.34 (KHTML, like Gecko) wkhtmltopdf Safari/534.34" "-" "t=-,qwx=WMbMEFvfucpQoF8MBZ2vAg==" "-" [request_time=0.000, upstream_response_time=-, cache=-] (upstream - // -)" [ssl=-]
88.198.204.16 - - [05/Nov/2018:06:32:26 +0300] "GET /css/fonts/ptsanscaptionbold.woff HTTP/1.1" 200 33872 "-" "Mozilla/5.0 (X11; Linux x86_64) AppleWebKit/534.34 (KHTML, like Gecko) wkhtmltopdf Safari/534.34" "-" "t=-,qwx=WMbMEFvfucpQoF8MBZ2vAg==" "-" [request_time=0.000, upstream_response_time=-, cache=-] (upstream - // -)" [ssl=TLSv1.2]
88.198.204.16 - - [05/Nov/2018:06:32:26 +0300] "GET /css/fonts/ptsanscaption.woff HTTP/1.1" 200 33832 "-" "Mozilla/5.0 (X11; Linux x86_64) AppleWebKit/534.34 (KHTML, like Gecko) wkhtmltopdf Safari/534.34" "-" "t=-,qwx=WMbMEFvfucpQoF8MBZ2vAg==" "-" [request_time=0.000, upstream_response_time=-, cache=-] (upstream - // -)" [ssl=TLSv1.2]
157.55.39.218 - - [05/Nov/2018:06:32:27 +0300] "GET /pdf/5259616 HTTP/1.1" 200 34675 "-" "Mozilla/5.0 (compatible; bingbot/2.0; +http://www.bing.com/bingbot.htm)" "-" "t=-,qwx=-" "-" [request_time=0.541, upstream_response_time=0.383, cache=-] (upstream 88.198.204.16:14090 // 200)" [ssl=TLSv1.2]
5.101.113.64 - - [05/Nov/2018:06:32:27 +0300] "GET /nginx/metrics HTTP/1.1" 302 154 "-" "Prometheus/2.3.2" "-" "t=-,qwx=-" "-" [request_time=0.000, upstream_response_time=-, cache=-] (upstream - // -)" [ssl=-]
88.198.204.16 - - [05/Nov/2018:06:32:27 +0300] "GET /css/fonts/ptsanscaption.css HTTP/1.1" 302 154 "-" "Mozilla/5.0 (X11; Linux x86_64) AppleWebKit/534.34 (KHTML, like Gecko) wkhtmltopdf Safari/534.34" "-" "t=-,qwx=-" "-" [request_time=0.000, upstream_response_time=-, cache=-] (upstream - // -)" [ssl=-]
88.198.204.16 - - [05/Nov/2018:06:32:27 +0300] "GET /css/fonts/ptserif.css HTTP/1.1" 302 154 "-" "Mozilla/5.0 (X11; Linux x86_64) AppleWebKit/534.34 (KHTML, like Gecko) wkhtmltopdf Safari/534.34" "-" "t=-,qwx=-" "-" [request_time=0.000, upstream_response_time=-, cache=-] (upstream - // -)" [ssl=-]
88.198.204.16 - - [05/Nov/2018:06:32:27 +0300] "GET /j/charchem.js HTTP/1.1" 302 154 "-" "Mozilla/5.0 (X11; Linux x86_64) AppleWebKit/534.34 (KHTML, like Gecko) wkhtmltopdf Safari/534.34" "-" "t=-,qwx=-" "-" [request_time=0.000, upstream_response_time=-, cache=-] (upstream - // -)" [ssl=-]
88.198.204.16 - - [05/Nov/2018:06:32:27 +0300] "GET /lib/j/jquery.min.js HTTP/1.1" 302 154 "-" "Mozilla/5.0 (X11; Linux x86_64) AppleWebKit/534.34 (KHTML, like Gecko) wkhtmltopdf Safari/534.34" "-" "t=-,qwx=-" "-" [request_time=0.000, upstream_response_time=-, cache=-] (upstream - // -)" [ssl=-]
88.198.204.16 - - [05/Nov/2018:06:32:27 +0300] "GET /j/easychem.css HTTP/1.1" 302 154 "-" "Mozilla/5.0 (X11; Linux x86_64) AppleWebKit/534.34 (KHTML, like Gecko) wkhtmltopdf Safari/534.34" "-" "t=-,qwx=-" "-" [request_time=0.000, upstream_response_time=-, cache=-] (upstream - // -)" [ssl=-]
88.198.204.16 - - [05/Nov/2018:06:32:27 +0300] "GET /css/fonts/ptsanscaption.css HTTP/1.1" 200 597 "-" "Mozilla/5.0 (X11; Linux x86_64) AppleWebKit/534.34 (KHTML, like Gecko) wkhtmltopdf Safari/534.34" "-" "t=-,qwx=WMbMEFvfuctQoF8MBZ2xAg==" "-" [request_time=0.000, upstream_response_time=-, cache=-] (upstream - // -)" [ssl=TLSv1.2]
88.198.204.16 - - [05/Nov/2018:06:32:27 +0300] "GET /css/fonts/ptserif.css HTTP/1.1" 200 260 "-" "Mozilla/5.0 (X11; Linux x86_64) AppleWebKit/534.34 (KHTML, like Gecko) wkhtmltopdf Safari/534.34" "-" "t=-,qwx=WMbMEFvfuctQj18JBh1PAg==" "-" [request_time=0.000, upstream_response_time=-, cache=-] (upstream - // -)" [ssl=TLSv1.2]
88.198.204.16 - - [05/Nov/2018:06:32:27 +0300] "GET /img/logo.svg HTTP/1.1" 302 154 "-" "Mozilla/5.0 (X11; Linux x86_64) AppleWebKit/534.34 (KHTML, like Gecko) wkhtmltopdf Safari/534.34" "-" "t=-,qwx=WMbMEFvfuctQj18JBh1QAg==" "-" [request_time=0.000, upstream_response_time=-, cache=-] (upstream - // -)" [ssl=-]
88.198.204.16 - - [05/Nov/2018:06:32:27 +0300] "GET /css/fonts/ptsanscaptionbold.woff HTTP/1.1" 200 33872 "-" "Mozilla/5.0 (X11; Linux x86_64) AppleWebKit/534.34 (KHTML, like Gecko) wkhtmltopdf Safari/534.34" "-" "t=-,qwx=WMbMEFvfuctQj18JBh1QAg==" "-" [request_time=0.000, upstream_response_time=-, cache=-] (upstream - // -)" [ssl=TLSv1.2]
88.198.204.16 - - [05/Nov/2018:06:32:27 +0300] "GET /css/fonts/ptsanscaption.woff HTTP/1.1" 200 33832 "-" "Mozilla/5.0 (X11; Linux x86_64) AppleWebKit/534.34 (KHTML, like Gecko) wkhtmltopdf Safari/534.34" "-" "t=-,qwx=WMbMEFvfuctQj18JBh1QAg==" "-" [request_time=0.000, upstream_response_time=-, cache=-] (upstream - // -)" [ssl=TLSv1.2]
88.198.204.16 - - [05/Nov/2018:06:32:28 +0300] "GET /media/2017/08/31/1238434348/33550.jpg.262x-.png HTTP/1.1" 302 154 "-" "Mozilla/5.0 (X11; Linux x86_64) AppleWebKit/534.34 (KHTML, like Gecko) wkhtmltopdf Safari/534.34" "-" "t=-,qwx=WMbMEFvfuctQj18JBh1QAg==" "-" [request_time=0.000, upstream_response_time=-, cache=-] (upstream - // -)" [ssl=-]
88.198.204.16 - - [05/Nov/2018:06:32:28 +0300] "GET /media/2017/08/31/1238434348/33550.jpg.262x-.png HTTP/1.1" 200 33496 "-" "Mozilla/5.0 (X11; Linux x86_64) AppleWebKit/534.34 (KHTML, like Gecko) wkhtmltopdf Safari/534.34" "-" "t=-,qwx=WMbMEFvfuctQj18JBh1QAg==" "-" [request_time=0.000, upstream_response_time=-, cache=-] (upstream - // -)" [ssl=TLSv1.2]
157.55.39.218 - - [05/Nov/2018:06:32:28 +0300] "GET /pdf/4732630 HTTP/1.1" 200 64894 "-" "Mozilla/5.0 (compatible; bingbot/2.0; +http://www.bing.com/bingbot.htm)" "-" "t=-,qwx=-" "-" [request_time=0.589, upstream_response_time=0.431, cache=-] (upstream 88.198.204.16:14090 // 200)" [ssl=TLSv1.2]
157.55.39.218 - - [05/Nov/2018:06:32:29 +0300] "GET /chemistry/text/3489135 HTTP/1.1" 200 10631 "-" "Mozilla/5.0 (compatible; bingbot/2.0; +http://www.bing.com/bingbot.htm)" "-" "t=-,qwx=-" "-" [request_time=0.115, upstream_response_time=0.115, cache=-] (upstream 88.198.204.16:14090 // 200)" [ssl=TLSv1.2]
46.229.168.134 - - [05/Nov/2018:06:32:29 +0300] "GET /fine_art/text/2699212 HTTP/1.1" 200 16564 "-" "Mozilla/5.0 (compatible; SemrushBot/2~bl; +http://www.semrush.com/bot.html)" "-" "t=-,qwx=-" "-" [request_time=0.114, upstream_response_time=0.114, cache=-] (upstream 88.198.204.16:14090 // 200)" [ssl=TLSv1.2]
157.55.39.218 - - [05/Nov/2018:06:32:29 +0300] "GET /text/1869267 HTTP/1.1" 302 154 "-" "Mozilla/5.0 (compatible; bingbot/2.0; +http://www.bing.com/bingbot.htm)" "-" "t=-,qwx=-" "-" [request_time=0.000, upstream_response_time=-, cache=-] (upstream - // -)" [ssl=-]
5.101.113.64 - - [05/Nov/2018:06:32:30 +0300] "GET /node/metrics HTTP/1.1" 302 154 "-" "Prometheus/2.3.2" "-" "t=-,qwx=-" "-" [request_time=0.000, upstream_response_time=-, cache=-] (upstream - // -)" [ssl=-]
157.55.39.218 - - [05/Nov/2018:06:32:30 +0300] "GET /chemistry/text/2169038 HTTP/1.1" 200 8921 "-" "Mozilla/5.0 (compatible; bingbot/2.0; +http://www.bing.com/bingbot.htm)" "-" "t=-,qwx=-" "-" [request_time=0.089, upstream_response_time=0.089, cache=-] (upstream 88.198.204.16:14090 // 200)" [ssl=TLSv1.2]
157.55.39.218 - - [05/Nov/2018:06:32:31 +0300] "GET /%D0%91%D0%B0%D1%85%D0%BC%D0%B0%D0%BD HTTP/1.1" 302 280 "-" "Mozilla/5.0 (compatible; bingbot/2.0; +http://www.bing.com/bingbot.htm)" "-" "t=-,qwx=-" "-" [request_time=0.003, upstream_response_time=0.003, cache=-] (upstream 88.198.204.16:14090 // 302)" [ssl=TLSv1.2]
5.101.113.64 - - [05/Nov/2018:06:32:34 +0300] "GET /pg/metrics HTTP/1.1" 302 154 "-" "Prometheus/2.3.2" "-" "t=-,qwx=-" "-" [request_time=0.000, upstream_response_time=-, cache=-] (upstream - // -)" [ssl=-]
66.249.66.16 - - [05/Nov/2018:06:32:34 +0300] "GET /media/2016/10/27/1235200075/17256.jpg.88x-.png HTTP/1.1" 304 0 "-" "Googlebot-Image/1.0" "-" "t=-,qwx=-" "-" [request_time=0.000, upstream_response_time=-, cache=-] (upstream - // -)" [ssl=TLSv1.2]
88.99.194.48 - - [05/Nov/2018:06:32:35 +0300] "GET /geography/text/4224650 HTTP/1.1" 200 336034 "-" "Mozilla/5.0 (Windows NT 10.0; Win64; x64) AppleWebKit/537.36 (KHTML, like Gecko) Chrome/66.0.3359.181 Safari/537.36" "-" "t=-,qwx=-" "-" [request_time=0.498, upstream_response_time=0.486, cache=-] (upstream 88.198.204.16:14090 // 200)" [ssl=TLSv1.2]
208.80.155.145 - - [05/Nov/2018:06:32:35 +0300] "GET /text/1897366 HTTP/1.1" 301 314 "-" "Mozilla/5.0 (Windows; U; Windows NT 5.1; rv:1.7.3) Gecko/20041001 Firefox/0.10.1" "-" "t=-,qwx=-" "-" [request_time=0.006, upstream_response_time=0.006, cache=-] (upstream 88.198.204.16:14090 // 301)" [ssl=TLSv1.2]
208.80.155.145 - - [05/Nov/2018:06:32:36 +0300] "GET /theatre_and_cinema/text/1897366 HTTP/1.1" 200 9358 "https://bigenc.ru/text/1897366" "Mozilla/5.0 (Windows; U; Windows NT 5.1; rv:1.7.3) Gecko/20041001 Firefox/0.10.1" "-" "t=-,qwx=-" "-" [request_time=0.088, upstream_response_time=0.088, cache=-] (upstream 88.198.204.16:14090 // 200)" [ssl=TLSv1.2]
66.249.66.14 - - [05/Nov/2018:06:32:39 +0300] "GET /education/text/2100620 HTTP/1.1" 200 10969 "-" "Mozilla/5.0 (Linux; Android 6.0.1; Nexus 5X Build/MMB29P) AppleWebKit/537.36 (KHTML, like Gecko) Chrome/41.0.2272.96 Mobile Safari/537.36 (compatible; Googlebot/2.1; +http://www.google.com/bot.html)" "-" "t=-,qwx=-" "-" [request_time=0.084, upstream_response_time=0.084, cache=-] (upstream 88.198.204.16:14090 // 200)" [ssl=TLSv1.2]
46.229.168.142 - - [05/Nov/2018:06:32:39 +0300] "GET /domestic_history/text/1926198 HTTP/1.1" 200 9145 "-" "Mozilla/5.0 (compatible; SemrushBot/2~bl; +http://www.semrush.com/bot.html)" "-" "t=-,qwx=-" "-" [request_time=0.080, upstream_response_time=0.080, cache=-] (upstream 88.198.204.16:14090 // 200)" [ssl=TLSv1.2]
87.250.224.77 - - [05/Nov/2018:06:32:42 +0300] "GET /media/2016/10/27/1235208015/9663.jpg.262x-.png HTTP/1.1" 304 0 "-" "Mozilla/5.0 (compatible; YandexImages/3.0; +http://yandex.com/bots)" "-" "t=-,qwx=-" "-" [request_time=0.000, upstream_response_time=-, cache=-] (upstream - // -)" [ssl=TLSv1.2]
5.101.113.64 - - [05/Nov/2018:06:32:42 +0300] "GET /nginx/metrics HTTP/1.1" 302 154 "-" "Prometheus/2.3.2" "-" "t=-,qwx=-" "-" [request_time=0.000, upstream_response_time=-, cache=-] (upstream - // -)" [ssl=-]
213.180.203.18 - - [05/Nov/2018:06:32:43 +0300] "GET /media/2016/10/27/1235198159/16717.jpg HTTP/1.1" 304 0 "-" "Mozilla/5.0 (compatible; YandexImages/3.0; +http://yandex.com/bots)" "-" "t=-,qwx=-" "-" [request_time=0.000, upstream_response_time=-, cache=-] (upstream - // -)" [ssl=TLSv1.2]
5.101.113.64 - - [05/Nov/2018:06:32:45 +0300] "GET /node/metrics HTTP/1.1" 302 154 "-" "Prometheus/2.3.2" "-" "t=-,qwx=-" "-" [request_time=0.000, upstream_response_time=-, cache=-] (upstream - // -)" [ssl=-]
128.68.140.21 - - [05/Nov/2018:06:32:47 +0300] "GET /media/2016/10/27/1235158103/%D0%92%D0%95%D0%9B%D0%98%D0%9A%D0%98%D0%95%20%D0%93%D0%95%D0%9E%D0%93%D0%A0.%D0%9E%D0%A2%D0%9A%D0%A0%D0%AB%D0%A2%D0%98%D0%AF%3D%D0%BB%D0%B5%D0%B2%D1%8B%D0%B9.jpg HTTP/1.1" 200 1706434 "https://www.google.ru/" "Mozilla/5.0 (iPad; CPU OS 11_2_6 like Mac OS X) AppleWebKit/604.5.6 (KHTML, like Gecko) Version/11.0 Mobile/15D100 Safari/604.1" "-" "t=-,qwx=-" "-" [request_time=0.977, upstream_response_time=-, cache=-] (upstream - // -)" [ssl=TLSv1.2]
88.198.204.16 - - [05/Nov/2018:06:32:48 +0300] "GET /css/fonts/ptserif.css HTTP/1.1" 302 154 "-" "Mozilla/5.0 (X11; Linux x86_64) AppleWebKit/534.34 (KHTML, like Gecko) wkhtmltopdf Safari/534.34" "-" "t=-,qwx=-" "-" [request_time=0.000, upstream_response_time=-, cache=-] (upstream - // -)" [ssl=-]
88.198.204.16 - - [05/Nov/2018:06:32:48 +0300] "GET /css/fonts/ptsanscaption.css HTTP/1.1" 302 154 "-" "Mozilla/5.0 (X11; Linux x86_64) AppleWebKit/534.34 (KHTML, like Gecko) wkhtmltopdf Safari/534.34" "-" "t=-,qwx=-" "-" [request_time=0.000, upstream_response_time=-, cache=-] (upstream - // -)" [ssl=-]
88.198.204.16 - - [05/Nov/2018:06:32:48 +0300] "GET /lib/j/jquery.min.js HTTP/1.1" 302 154 "-" "Mozilla/5.0 (X11; Linux x86_64) AppleWebKit/534.34 (KHTML, like Gecko) wkhtmltopdf Safari/534.34" "-" "t=-,qwx=-" "-" [request_time=0.000, upstream_response_time=-, cache=-] (upstream - // -)" [ssl=-]
88.198.204.16 - - [05/Nov/2018:06:32:48 +0300] "GET /j/charchem.js HTTP/1.1" 302 154 "-" "Mozilla/5.0 (X11; Linux x86_64) AppleWebKit/534.34 (KHTML, like Gecko) wkhtmltopdf Safari/534.34" "-" "t=-,qwx=-" "-" [request_time=0.000, upstream_response_time=-, cache=-] (upstream - // -)" [ssl=-]
88.198.204.16 - - [05/Nov/2018:06:32:48 +0300] "GET /j/easychem.css HTTP/1.1" 302 154 "-" "Mozilla/5.0 (X11; Linux x86_64) AppleWebKit/534.34 (KHTML, like Gecko) wkhtmltopdf Safari/534.34" "-" "t=-,qwx=-" "-" [request_time=0.000, upstream_response_time=-, cache=-] (upstream - // -)" [ssl=-]
88.198.204.16 - - [05/Nov/2018:06:32:48 +0300] "GET /css/fonts/ptsanscaption.css HTTP/1.1" 200 597 "-" "Mozilla/5.0 (X11; Linux x86_64) AppleWebKit/534.34 (KHTML, like Gecko) wkhtmltopdf Safari/534.34" "-" "t=-,qwx=WMbMEFvfueBQj18JBh1aAg==" "-" [request_time=0.000, upstream_response_time=-, cache=-] (upstream - // -)" [ssl=TLSv1.2]
88.198.204.16 - - [05/Nov/2018:06:32:48 +0300] "GET /css/fonts/ptserif.css HTTP/1.1" 200 260 "-" "Mozilla/5.0 (X11; Linux x86_64) AppleWebKit/534.34 (KHTML, like Gecko) wkhtmltopdf Safari/534.34" "-" "t=-,qwx=WMbMEFvfueBQh18KA8UJAg==" "-" [request_time=0.000, upstream_response_time=-, cache=-] (upstream - // -)" [ssl=TLSv1.2]
88.198.204.16 - - [05/Nov/2018:06:32:48 +0300] "GET /img/logo.svg HTTP/1.1" 302 154 "-" "Mozilla/5.0 (X11; Linux x86_64) AppleWebKit/534.34 (KHTML, like Gecko) wkhtmltopdf Safari/534.34" "-" "t=-,qwx=WMbMEFvfueBQhl8LA8OAAg==" "-" [request_time=0.000, upstream_response_time=-, cache=-] (upstream - // -)" [ssl=-]
88.198.204.16 - - [05/Nov/2018:06:32:48 +0300] "GET /css/fonts/ptsanscaptionbold.woff HTTP/1.1" 200 33872 "-" "Mozilla/5.0 (X11; Linux x86_64) AppleWebKit/534.34 (KHTML, like Gecko) wkhtmltopdf Safari/534.34" "-" "t=-,qwx=WMbMEFvfueBQhl8LA8OAAg==" "-" [request_time=0.000, upstream_response_time=-, cache=-] (upstream - // -)" [ssl=TLSv1.2]
88.198.204.16 - - [05/Nov/2018:06:32:48 +0300] "GET /css/fonts/ptsanscaption.woff HTTP/1.1" 200 33832 "-" "Mozilla/5.0 (X11; Linux x86_64) AppleWebKit/534.34 (KHTML, like Gecko) wkhtmltopdf Safari/534.34" "-" "t=-,qwx=WMbMEFvfueBQhl8LA8OAAg==" "-" [request_time=0.000, upstream_response_time=-, cache=-] (upstream - // -)" [ssl=TLSv1.2]
157.55.39.218 - - [05/Nov/2018:06:32:49 +0300] "GET /pdf/2673213 HTTP/1.1" 200 28241 "-" "Mozilla/5.0 (compatible; bingbot/2.0; +http://www.bing.com/bingbot.htm)" "-" "t=-,qwx=-" "-" [request_time=0.548, upstream_response_time=0.390, cache=-] (upstream 88.198.204.16:14090 // 200)" [ssl=TLSv1.2]
5.101.113.64 - - [05/Nov/2018:06:32:49 +0300] "GET /pg/metrics HTTP/1.1" 302 154 "-" "Prometheus/2.3.2" "-" "t=-,qwx=-" "-" [request_time=0.000, upstream_response_time=-, cache=-] (upstream - // -)" [ssl=-]
88.198.204.16 - - [05/Nov/2018:06:32:50 +0300] "GET /css/fonts/ptserif.css HTTP/1.1" 302 154 "-" "Mozilla/5.0 (X11; Linux x86_64) AppleWebKit/534.34 (KHTML, like Gecko) wkhtmltopdf Safari/534.34" "-" "t=-,qwx=-" "-" [request_time=0.000, upstream_response_time=-, cache=-] (upstream - // -)" [ssl=-]
88.198.204.16 - - [05/Nov/2018:06:32:50 +0300] "GET /css/fonts/ptsanscaption.css HTTP/1.1" 302 154 "-" "Mozilla/5.0 (X11; Linux x86_64) AppleWebKit/534.34 (KHTML, like Gecko) wkhtmltopdf Safari/534.34" "-" "t=-,qwx=-" "-" [request_time=0.000, upstream_response_time=-, cache=-] (upstream - // -)" [ssl=-]
88.198.204.16 - - [05/Nov/2018:06:32:50 +0300] "GET /j/charchem.js HTTP/1.1" 302 154 "-" "Mozilla/5.0 (X11; Linux x86_64) AppleWebKit/534.34 (KHTML, like Gecko) wkhtmltopdf Safari/534.34" "-" "t=-,qwx=-" "-" [request_time=0.000, upstream_response_time=-, cache=-] (upstream - // -)" [ssl=-]
88.198.204.16 - - [05/Nov/2018:06:32:50 +0300] "GET /lib/j/jquery.min.js HTTP/1.1" 302 154 "-" "Mozilla/5.0 (X11; Linux x86_64) AppleWebKit/534.34 (KHTML, like Gecko) wkhtmltopdf Safari/534.34" "-" "t=-,qwx=-" "-" [request_time=0.000, upstream_response_time=-, cache=-] (upstream - // -)" [ssl=-]
88.198.204.16 - - [05/Nov/2018:06:32:50 +0300] "GET /j/easychem.css HTTP/1.1" 302 154 "-" "Mozilla/5.0 (X11; Linux x86_64) AppleWebKit/534.34 (KHTML, like Gecko) wkhtmltopdf Safari/534.34" "-" "t=-,qwx=-" "-" [request_time=0.000, upstream_response_time=-, cache=-] (upstream - // -)" [ssl=-]
88.198.204.16 - - [05/Nov/2018:06:32:50 +0300] "GET /css/fonts/ptserif.css HTTP/1.1" 200 260 "-" "Mozilla/5.0 (X11; Linux x86_64) AppleWebKit/534.34 (KHTML, like Gecko) wkhtmltopdf Safari/534.34" "-" "t=-,qwx=WMbMEFvfueJQoF8MBZ22Ag==" "-" [request_time=0.000, upstream_response_time=-, cache=-] (upstream - // -)" [ssl=TLSv1.2]
88.198.204.16 - - [05/Nov/2018:06:32:50 +0300] "GET /css/fonts/ptsanscaption.css HTTP/1.1" 200 597 "-" "Mozilla/5.0 (X11; Linux x86_64) AppleWebKit/534.34 (KHTML, like Gecko) wkhtmltopdf Safari/534.34" "-" "t=-,qwx=WMbMEFvfueJQoF8MBZ23Ag==" "-" [request_time=0.000, upstream_response_time=-, cache=-] (upstream - // -)" [ssl=TLSv1.2]
88.198.204.16 - - [05/Nov/2018:06:32:50 +0300] "GET /img/logo.svg HTTP/1.1" 302 154 "-" "Mozilla/5.0 (X11; Linux x86_64) AppleWebKit/534.34 (KHTML, like Gecko) wkhtmltopdf Safari/534.34" "-" "t=-,qwx=WMbMEFvfueJQj18JBh1eAg==" "-" [request_time=0.000, upstream_response_time=-, cache=-] (upstream - // -)" [ssl=-]
88.198.204.16 - - [05/Nov/2018:06:32:50 +0300] "GET /css/fonts/ptsanscaptionbold.woff HTTP/1.1" 200 33872 "-" "Mozilla/5.0 (X11; Linux x86_64) AppleWebKit/534.34 (KHTML, like Gecko) wkhtmltopdf Safari/534.34" "-" "t=-,qwx=WMbMEFvfueJQj18JBh1eAg==" "-" [request_time=0.000, upstream_response_time=-, cache=-] (upstream - // -)" [ssl=TLSv1.2]
88.198.204.16 - - [05/Nov/2018:06:32:50 +0300] "GET /css/fonts/ptsanscaption.woff HTTP/1.1" 200 33832 "-" "Mozilla/5.0 (X11; Linux x86_64) AppleWebKit/534.34 (KHTML, like Gecko) wkhtmltopdf Safari/534.34" "-" "t=-,qwx=WMbMEFvfueJQj18JBh1eAg==" "-" [request_time=0.000, upstream_response_time=-, cache=-] (upstream - // -)" [ssl=TLSv1.2]
88.198.204.16 - - [05/Nov/2018:06:32:50 +0300] "GET /media/2016/10/27/1235146947/1720.jpg.262x-.png HTTP/1.1" 302 154 "-" "Mozilla/5.0 (X11; Linux x86_64) AppleWebKit/534.34 (KHTML, like Gecko) wkhtmltopdf Safari/534.34" "-" "t=-,qwx=WMbMEFvfueJQj18JBh1eAg==" "-" [request_time=0.000, upstream_response_time=-, cache=-] (upstream - // -)" [ssl=-]
88.198.204.16 - - [05/Nov/2018:06:32:50 +0300] "GET /media/2016/10/27/1235147531/1721.jpg.262x-.png HTTP/1.1" 302 154 "-" "Mozilla/5.0 (X11; Linux x86_64) AppleWebKit/534.34 (KHTML, like Gecko) wkhtmltopdf Safari/534.34" "-" "t=-,qwx=WMbMEFvfueJQj18JBh1eAg==" "-" [request_time=0.000, upstream_response_time=-, cache=-] (upstream - // -)" [ssl=-]
88.198.204.16 - - [05/Nov/2018:06:32:50 +0300] "GET /media/2016/10/27/1235147531/1721.jpg.262x-.png HTTP/1.1" 200 19311 "-" "Mozilla/5.0 (X11; Linux x86_64) AppleWebKit/534.34 (KHTML, like Gecko) wkhtmltopdf Safari/534.34" "-" "t=-,qwx=WMbMEFvfueJQj18JBh1eAg==" "-" [request_time=0.000, upstream_response_time=-, cache=-] (upstream - // -)" [ssl=TLSv1.2]
88.198.204.16 - - [05/Nov/2018:06:32:50 +0300] "GET /media/2016/10/27/1235146947/1720.jpg.262x-.png HTTP/1.1" 200 26026 "-" "Mozilla/5.0 (X11; Linux x86_64) AppleWebKit/534.34 (KHTML, like Gecko) wkhtmltopdf Safari/534.34" "-" "t=-,qwx=WMbMEFvfueJQj18JBh1eAg==" "-" [request_time=0.000, upstream_response_time=-, cache=-] (upstream - // -)" [ssl=TLSv1.2]
157.55.39.218 - - [05/Nov/2018:06:32:50 +0300] "GET /pdf/660809 HTTP/1.1" 200 87450 "-" "Mozilla/5.0 (compatible; bingbot/2.0; +http://www.bing.com/bingbot.htm)" "-" "t=-,qwx=-" "-" [request_time=0.778, upstream_response_time=0.462, cache=-] (upstream 88.198.204.16:14090 // 200)" [ssl=TLSv1.2]
54.36.149.34 - - [05/Nov/2018:06:32:50 +0300] "GET /sport/text/2103734 HTTP/1.1" 200 7325 "-" "Mozilla/5.0 (compatible; AhrefsBot/5.2; +http://ahrefs.com/robot/)" "-" "t=-,qwx=-" "-" [request_time=0.076, upstream_response_time=0.076, cache=-] (upstream 88.198.204.16:14090 // 200)" [ssl=TLSv1.2]
157.55.39.218 - - [05/Nov/2018:06:32:51 +0300] "GET /geography/text/2353416 HTTP/1.1" 200 11458 "-" "Mozilla/5.0 (compatible; bingbot/2.0; +http://www.bing.com/bingbot.htm)" "-" "t=-,qwx=-" "-" [request_time=0.094, upstream_response_time=0.094, cache=-] (upstream 88.198.204.16:14090 // 200)" [ssl=TLSv1.2]
88.198.204.16 - - [05/Nov/2018:06:32:51 +0300] "GET /css/fonts/ptserif.css HTTP/1.1" 302 154 "-" "Mozilla/5.0 (X11; Linux x86_64) AppleWebKit/534.34 (KHTML, like Gecko) wkhtmltopdf Safari/534.34" "-" "t=-,qwx=-" "-" [request_time=0.000, upstream_response_time=-, cache=-] (upstream - // -)" [ssl=-]
88.198.204.16 - - [05/Nov/2018:06:32:51 +0300] "GET /css/fonts/ptsanscaption.css HTTP/1.1" 302 154 "-" "Mozilla/5.0 (X11; Linux x86_64) AppleWebKit/534.34 (KHTML, like Gecko) wkhtmltopdf Safari/534.34" "-" "t=-,qwx=-" "-" [request_time=0.000, upstream_response_time=-, cache=-] (upstream - // -)" [ssl=-]
88.198.204.16 - - [05/Nov/2018:06:32:51 +0300] "GET /lib/j/jquery.min.js HTTP/1.1" 302 154 "-" "Mozilla/5.0 (X11; Linux x86_64) AppleWebKit/534.34 (KHTML, like Gecko) wkhtmltopdf Safari/534.34" "-" "t=-,qwx=-" "-" [request_time=0.000, upstream_response_time=-, cache=-] (upstream - // -)" [ssl=-]
88.198.204.16 - - [05/Nov/2018:06:32:51 +0300] "GET /j/charchem.js HTTP/1.1" 302 154 "-" "Mozilla/5.0 (X11; Linux x86_64) AppleWebKit/534.34 (KHTML, like Gecko) wkhtmltopdf Safari/534.34" "-" "t=-,qwx=-" "-" [request_time=0.000, upstream_response_time=-, cache=-] (upstream - // -)" [ssl=-]
88.198.204.16 - - [05/Nov/2018:06:32:51 +0300] "GET /j/easychem.css HTTP/1.1" 302 154 "-" "Mozilla/5.0 (X11; Linux x86_64) AppleWebKit/534.34 (KHTML, like Gecko) wkhtmltopdf Safari/534.34" "-" "t=-,qwx=-" "-" [request_time=0.000, upstream_response_time=-, cache=-] (upstream - // -)" [ssl=-]
88.198.204.16 - - [05/Nov/2018:06:32:51 +0300] "GET /css/fonts/ptserif.css HTTP/1.1" 200 260 "-" "Mozilla/5.0 (X11; Linux x86_64) AppleWebKit/534.34 (KHTML, like Gecko) wkhtmltopdf Safari/534.34" "-" "t=-,qwx=WMbMEFvfueNQh18KA8UKAg==" "-" [request_time=0.000, upstream_response_time=-, cache=-] (upstream - // -)" [ssl=TLSv1.2]
88.198.204.16 - - [05/Nov/2018:06:32:51 +0300] "GET /css/fonts/ptsanscaption.css HTTP/1.1" 200 597 "-" "Mozilla/5.0 (X11; Linux x86_64) AppleWebKit/534.34 (KHTML, like Gecko) wkhtmltopdf Safari/534.34" "-" "t=-,qwx=WMbMEFvfueNQh18KA8ULAg==" "-" [request_time=0.000, upstream_response_time=-, cache=-] (upstream - // -)" [ssl=TLSv1.2]
88.198.204.16 - - [05/Nov/2018:06:32:51 +0300] "GET /img/logo.svg HTTP/1.1" 302 154 "-" "Mozilla/5.0 (X11; Linux x86_64) AppleWebKit/534.34 (KHTML, like Gecko) wkhtmltopdf Safari/534.34" "-" "t=-,qwx=WMbMEFvfueNQh18KA8UOAg==" "-" [request_time=0.000, upstream_response_time=-, cache=-] (upstream - // -)" [ssl=-]
88.198.204.16 - - [05/Nov/2018:06:32:51 +0300] "GET /css/fonts/ptsanscaptionbold.woff HTTP/1.1" 200 33872 "-" "Mozilla/5.0 (X11; Linux x86_64) AppleWebKit/534.34 (KHTML, like Gecko) wkhtmltopdf Safari/534.34" "-" "t=-,qwx=WMbMEFvfueNQh18KA8UOAg==" "-" [request_time=0.000, upstream_response_time=-, cache=-] (upstream - // -)" [ssl=TLSv1.2]
88.198.204.16 - - [05/Nov/2018:06:32:51 +0300] "GET /css/fonts/ptsanscaption.woff HTTP/1.1" 200 33832 "-" "Mozilla/5.0 (X11; Linux x86_64) AppleWebKit/534.34 (KHTML, like Gecko) wkhtmltopdf Safari/534.34" "-" "t=-,qwx=WMbMEFvfueNQh18KA8UOAg==" "-" [request_time=0.000, upstream_response_time=-, cache=-] (upstream - // -)" [ssl=TLSv1.2]
157.55.39.218 - - [05/Nov/2018:06:32:52 +0300] "GET /pdf/5208891 HTTP/1.1" 200 33451 "-" "Mozilla/5.0 (compatible; bingbot/2.0; +http://www.bing.com/bingbot.htm)" "-" "t=-,qwx=-" "-" [request_time=0.562, upstream_response_time=0.404, cache=-] (upstream 88.198.204.16:14090 // 200)" [ssl=TLSv1.2]
88.198.204.16 - - [05/Nov/2018:06:32:52 +0300] "GET /css/fonts/ptserif.css HTTP/1.1" 302 154 "-" "Mozilla/5.0 (X11; Linux x86_64) AppleWebKit/534.34 (KHTML, like Gecko) wkhtmltopdf Safari/534.34" "-" "t=-,qwx=-" "-" [request_time=0.000, upstream_response_time=-, cache=-] (upstream - // -)" [ssl=-]
88.198.204.16 - - [05/Nov/2018:06:32:52 +0300] "GET /css/fonts/ptsanscaption.css HTTP/1.1" 302 154 "-" "Mozilla/5.0 (X11; Linux x86_64) AppleWebKit/534.34 (KHTML, like Gecko) wkhtmltopdf Safari/534.34" "-" "t=-,qwx=-" "-" [request_time=0.000, upstream_response_time=-, cache=-] (upstream - // -)" [ssl=-]
88.198.204.16 - - [05/Nov/2018:06:32:52 +0300] "GET /j/charchem.js HTTP/1.1" 302 154 "-" "Mozilla/5.0 (X11; Linux x86_64) AppleWebKit/534.34 (KHTML, like Gecko) wkhtmltopdf Safari/534.34" "-" "t=-,qwx=-" "-" [request_time=0.000, upstream_response_time=-, cache=-] (upstream - // -)" [ssl=-]
88.198.204.16 - - [05/Nov/2018:06:32:52 +0300] "GET /lib/j/jquery.min.js HTTP/1.1" 302 154 "-" "Mozilla/5.0 (X11; Linux x86_64) AppleWebKit/534.34 (KHTML, like Gecko) wkhtmltopdf Safari/534.34" "-" "t=-,qwx=-" "-" [request_time=0.000, upstream_response_time=-, cache=-] (upstream - // -)" [ssl=-]
88.198.204.16 - - [05/Nov/2018:06:32:52 +0300] "GET /j/easychem.css HTTP/1.1" 302 154 "-" "Mozilla/5.0 (X11; Linux x86_64) AppleWebKit/534.34 (KHTML, like Gecko) wkhtmltopdf Safari/534.34" "-" "t=-,qwx=-" "-" [request_time=0.000, upstream_response_time=-, cache=-] (upstream - // -)" [ssl=-]
88.198.204.16 - - [05/Nov/2018:06:32:52 +0300] "GET /css/fonts/ptserif.css HTTP/1.1" 200 260 "-" "Mozilla/5.0 (X11; Linux x86_64) AppleWebKit/534.34 (KHTML, like Gecko) wkhtmltopdf Safari/534.34" "-" "t=-,qwx=WMbMEFvfueRQh18KA8UPAg==" "-" [request_time=0.000, upstream_response_time=-, cache=-] (upstream - // -)" [ssl=TLSv1.2]
