31.129.2.41 - - [05/Nov/2018:06:33:35 +0300] "GET /favicon-16x16.png HTTP/1.1" 200 582 "https://bigenc.ru/linguistics/text/4702762" "Mozilla/5.0 (Linux; U; Android 7.1.2; ru-ru; Redmi 5 Build/N2G47H) AppleWebKit/537.36 (KHTML, like Gecko) Version/4.0 Chrome/61.0.3163.128 Mobile Safari/537.36 XiaoMi/MiuiBrowser/10.1.2" "-" "t=-,qwx=WMbMEFvfuglQhl8HBSlvAg==" "-" [request_time=0.000, upstream_response_time=-, cache=-] (upstream - // -)" [ssl=TLSv1.2]
31.129.2.41 - - [05/Nov/2018:06:33:35 +0300] "GET /favicon-32x32.png HTTP/1.1" 200 1016 "https://bigenc.ru/linguistics/text/4702762" "Mozilla/5.0 (Linux; U; Android 7.1.2; ru-ru; Redmi 5 Build/N2G47H) AppleWebKit/537.36 (KHTML, like Gecko) Version/4.0 Chrome/61.0.3163.128 Mobile Safari/537.36 XiaoMi/MiuiBrowser/10.1.2" "-" "t=-,qwx=WMbMEFvfuglQhl8HBSlvAg==" "-" [request_time=0.000, upstream_response_time=-, cache=-] (upstream - // -)" [ssl=TLSv1.2]
31.129.2.41 - - [05/Nov/2018:06:33:35 +0300] "GET /site.webmanifest HTTP/1.1" 200 426 "https://bigenc.ru/linguistics/text/4702762" "Mozilla/5.0 (Linux; U; Android 7.1.2; ru-ru; Redmi 5 Build/N2G47H) AppleWebKit/537.36 (KHTML, like Gecko) Version/4.0 Chrome/61.0.3163.128 Mobile Safari/537.36 XiaoMi/MiuiBrowser/10.1.2" "-" "t=-,qwx=-" "-" [request_time=0.000, upstream_response_time=-, cache=-] (upstream - // -)" [ssl=TLSv1.2]
31.129.2.41 - - [05/Nov/2018:06:33:35 +0300] "GET /apple-touch-icon.png HTTP/1.1" 200 4394 "-" "okhttp/3.6.0" "-" "t=-,qwx=-" "-" [request_time=0.000, upstream_response_time=-, cache=-] (upstream - // -)" [ssl=TLSv1.2]
66.249.76.101 - - [05/Nov/2018:06:33:36 +0300] "GET /media/2016/10/27/1235219999/21487.jpg.88x-.png HTTP/1.1" 304 0 "-" "Googlebot-Image/1.0" "-" "t=-,qwx=-" "-" [request_time=0.000, upstream_response_time=-, cache=-] (upstream - // -)" [ssl=TLSv1.2]
54.36.148.253 - - [05/Nov/2018:06:33:38 +0300] "GET /text/3155390 HTTP/1.1" 301 305 "-" "Mozilla/5.0 (compatible; AhrefsBot/5.2; +http://ahrefs.com/robot/)" "-" "t=-,qwx=-" "-" [request_time=0.001, upstream_response_time=0.001, cache=-] (upstream 88.198.204.16:14090 // 301)" [ssl=TLSv1.2]
46.229.168.142 - - [05/Nov/2018:06:33:38 +0300] "GET /medicine/text/1845352 HTTP/1.1" 200 8055 "-" "Mozilla/5.0 (compatible; SemrushBot/2~bl; +http://www.semrush.com/bot.html)" "-" "t=-,qwx=-" "-" [request_time=0.087, upstream_response_time=0.087, cache=-] (upstream 88.198.204.16:14090 // 200)" [ssl=TLSv1.2]
66.249.66.14 - - [05/Nov/2018:06:33:41 +0300] "POST /json/get_section_page HTTP/1.1" 200 60 "https://bigenc.ru/law/text/4171338" "Mozilla/5.0 AppleWebKit/537.36 (KHTML, like Gecko; compatible; Googlebot/2.1; +http://www.google.com/bot.html) Safari/537.36" "-" "t=-,qwx=WMbMEFve8a9Qhl8HBN9KAg==" "-" [request_time=0.002, upstream_response_time=0.002, cache=-] (upstream 88.198.204.16:14090 // 200)" [ssl=TLSv1.2]
5.101.113.64 - - [05/Nov/2018:06:33:42 +0300] "GET /nginx/metrics HTTP/1.1" 302 154 "-" "Prometheus/2.3.2" "-" "t=-,qwx=-" "-" [request_time=0.000, upstream_response_time=-, cache=-] (upstream - // -)" [ssl=-]
66.249.76.101 - - [05/Nov/2018:06:33:43 +0300] "POST /json/get_section_page HTTP/1.1" 200 60 "https://bigenc.ru/theatre_and_cinema/text/v/2140883" "Mozilla/5.0 AppleWebKit/537.36 (KHTML, like Gecko; compatible; Googlebot/2.1; +http://www.google.com/bot.html) Safari/537.36" "-" "t=-,qwx=WMbMEFve8a9Qhl8HBN9KAg==" "-" [request_time=0.002, upstream_response_time=0.002, cache=-] (upstream 88.198.204.16:14090 // 200)" [ssl=TLSv1.2]
5.101.113.64 - - [05/Nov/2018:06:33:45 +0300] "GET /node/metrics HTTP/1.1" 302 154 "-" "Prometheus/2.3.2" "-" "t=-,qwx=-" "-" [request_time=0.000, upstream_response_time=-, cache=-] (upstream - // -)" [ssl=-]
88.69.178.105 - - [05/Nov/2018:06:33:45 +0300] "GET /media/2016/10/27/1235184323/%D0%98%D0%9D%D0%93%D0%A3%D0%A8%D0%95%D0%A2%D0%98%D0%AF.jpg HTTP/1.1" 200 429488 "-" "Mozilla/5.0 (Linux; Android 7.0; SM-T585 Build/NRD90M; wv) AppleWebKit/537.36 (KHTML, like Gecko) Version/4.0 Chrome/70.0.3538.80 Safari/537.36 GSA/8.33.6.21.arm" "-" "t=-,qwx=WMbMEFvM2KadIQ7eEZQIAg==" "-" [request_time=0.286, upstream_response_time=-, cache=-] (upstream - // -)" [ssl=TLSv1.2]
46.229.168.152 - - [05/Nov/2018:06:33:46 +0300] "GET /philosophy/text/1819873 HTTP/1.1" 302 154 "-" "Mozilla/5.0 (compatible; SemrushBot/2~bl; +http://www.semrush.com/bot.html)" "-" "t=-,qwx=-" "-" [request_time=0.000, upstream_response_time=-, cache=-] (upstream - // -)" [ssl=-]
87.250.224.77 - - [05/Nov/2018:06:33:46 +0300] "GET /media/2016/10/27/1237282771/22297.jpg HTTP/1.1" 304 0 "-" "Mozilla/5.0 (compatible; YandexImages/3.0; +http://yandex.com/bots)" "-" "t=-,qwx=-" "-" [request_time=0.000, upstream_response_time=-, cache=-] (upstream - // -)" [ssl=TLSv1.2]
54.36.148.250 - - [05/Nov/2018:06:33:47 +0300] "GET /ethnology/text/3151513 HTTP/1.1" 200 8728 "-" "Mozilla/5.0 (compatible; AhrefsBot/5.2; +http://ahrefs.com/robot/)" "-" "t=-,qwx=-" "-" [request_time=0.080, upstream_response_time=0.080, cache=-] (upstream 88.198.204.16:14090 // 200)" [ssl=TLSv1.2]
66.249.76.101 - - [05/Nov/2018:06:33:47 +0300] "POST /json/get_section_page HTTP/1.1" 200 60 "https://bigenc.ru/music/text/1925554" "Mozilla/5.0 AppleWebKit/537.36 (KHTML, like Gecko; compatible; Googlebot/2.1; +http://www.google.com/bot.html) Safari/537.36" "-" "t=-,qwx=WMbMEFvXt4qdIQ7eFvNsAg==" "-" [request_time=0.003, upstream_response_time=0.003, cache=-] (upstream 88.198.204.16:14090 // 200)" [ssl=TLSv1.2]
66.249.76.101 - - [05/Nov/2018:06:33:48 +0300] "POST /json/get_section_page HTTP/1.1" 200 60 "https://bigenc.ru/geography/text/1898378" "Mozilla/5.0 AppleWebKit/537.36 (KHTML, like Gecko; compatible; Googlebot/2.1; +http://www.google.com/bot.html) Safari/537.36" "-" "t=-,qwx=WMbMEFvXt4qdIQ7eFvNsAg==" "-" [request_time=0.003, upstream_response_time=0.003, cache=-] (upstream 88.198.204.16:14090 // 200)" [ssl=TLSv1.2]
46.229.168.135 - - [05/Nov/2018:06:33:49 +0300] "GET /philosophy/text/1819873 HTTP/1.1" 200 11319 "-" "Mozilla/5.0 (compatible; SemrushBot/2~bl; +http://www.semrush.com/bot.html)" "-" "t=-,qwx=-" "-" [request_time=0.080, upstream_response_time=0.080, cache=-] (upstream 88.198.204.16:14090 // 200)" [ssl=TLSv1.2]
5.101.113.64 - - [05/Nov/2018:06:33:49 +0300] "GET /pg/metrics HTTP/1.1" 302 154 "-" "Prometheus/2.3.2" "-" "t=-,qwx=-" "-" [request_time=0.000, upstream_response_time=-, cache=-] (upstream - // -)" [ssl=-]
66.249.76.101 - - [05/Nov/2018:06:33:51 +0300] "POST /json/get_section_page HTTP/1.1" 200 60 "https://bigenc.ru/biology/text/2348479" "Mozilla/5.0 AppleWebKit/537.36 (KHTML, like Gecko; compatible; Googlebot/2.1; +http://www.google.com/bot.html) Safari/537.36" "-" "t=-,qwx=WMbMEFvKXdWdIQ7eEEkgAg==" "-" [request_time=0.002, upstream_response_time=0.002, cache=-] (upstream 88.198.204.16:14090 // 200)" [ssl=TLSv1.2]
98.156.3.192 - - [05/Nov/2018:06:33:53 +0300] "GET /media/2016/10/27/1236031634/16292.jpg HTTP/1.1" 200 110899 "https://www.google.com/" "Mozilla/5.0 (Windows NT 6.1; Win64; x64; rv:63.0) Gecko/20100101 Firefox/63.0" "-" "t=-,qwx=-" "-" [request_time=0.310, upstream_response_time=-, cache=-] (upstream - // -)" [ssl=TLSv1.2]
66.249.76.101 - - [05/Nov/2018:06:33:55 +0300] "GET /domestic_history/text/2250357 HTTP/1.1" 200 28528 "-" "Mozilla/5.0 (Linux; Android 6.0.1; Nexus 5X Build/MMB29P) AppleWebKit/537.36 (KHTML, like Gecko) Chrome/41.0.2272.96 Mobile Safari/537.36 (compatible; Googlebot/2.1; +http://www.google.com/bot.html)" "-" "t=-,qwx=-" "-" [request_time=0.159, upstream_response_time=0.146, cache=-] (upstream 88.198.204.16:14090 // 200)" [ssl=TLSv1.2]
88.198.204.16 - - [05/Nov/2018:06:33:56 +0300] "GET /css/fonts/ptserif.css HTTP/1.1" 302 154 "-" "Mozilla/5.0 (X11; Linux x86_64) AppleWebKit/534.34 (KHTML, like Gecko) wkhtmltopdf Safari/534.34" "-" "t=-,qwx=-" "-" [request_time=0.000, upstream_response_time=-, cache=-] (upstream - // -)" [ssl=-]
88.198.204.16 - - [05/Nov/2018:06:33:56 +0300] "GET /css/fonts/ptsanscaption.css HTTP/1.1" 302 154 "-" "Mozilla/5.0 (X11; Linux x86_64) AppleWebKit/534.34 (KHTML, like Gecko) wkhtmltopdf Safari/534.34" "-" "t=-,qwx=-" "-" [request_time=0.000, upstream_response_time=-, cache=-] (upstream - // -)" [ssl=-]
88.198.204.16 - - [05/Nov/2018:06:33:56 +0300] "GET /lib/j/jquery.min.js HTTP/1.1" 302 154 "-" "Mozilla/5.0 (X11; Linux x86_64) AppleWebKit/534.34 (KHTML, like Gecko) wkhtmltopdf Safari/534.34" "-" "t=-,qwx=-" "-" [request_time=0.000, upstream_response_time=-, cache=-] (upstream - // -)" [ssl=-]
88.198.204.16 - - [05/Nov/2018:06:33:56 +0300] "GET /j/easychem.css HTTP/1.1" 302 154 "-" "Mozilla/5.0 (X11; Linux x86_64) AppleWebKit/534.34 (KHTML, like Gecko) wkhtmltopdf Safari/534.34" "-" "t=-,qwx=-" "-" [request_time=0.000, upstream_response_time=-, cache=-] (upstream - // -)" [ssl=-]
88.198.204.16 - - [05/Nov/2018:06:33:56 +0300] "GET /j/charchem.js HTTP/1.1" 302 154 "-" "Mozilla/5.0 (X11; Linux x86_64) AppleWebKit/534.34 (KHTML, like Gecko) wkhtmltopdf Safari/534.34" "-" "t=-,qwx=-" "-" [request_time=0.000, upstream_response_time=-, cache=-] (upstream - // -)" [ssl=-]
88.198.204.16 - - [05/Nov/2018:06:33:56 +0300] "GET /css/fonts/ptserif.css HTTP/1.1" 200 260 "-" "Mozilla/5.0 (X11; Linux x86_64) AppleWebKit/534.34 (KHTML, like Gecko) wkhtmltopdf Safari/534.34" "-" "t=-,qwx=WMbMEFvfuiRQoF8MBZ3fAg==" "-" [request_time=0.000, upstream_response_time=-, cache=-] (upstream - // -)" [ssl=TLSv1.2]
88.198.204.16 - - [05/Nov/2018:06:33:56 +0300] "GET /css/fonts/ptsanscaption.css HTTP/1.1" 200 597 "-" "Mozilla/5.0 (X11; Linux x86_64) AppleWebKit/534.34 (KHTML, like Gecko) wkhtmltopdf Safari/534.34" "-" "t=-,qwx=WMbMEFvfuiRQh18KA8UeAg==" "-" [request_time=0.000, upstream_response_time=-, cache=-] (upstream - // -)" [ssl=TLSv1.2]
88.198.204.16 - - [05/Nov/2018:06:33:56 +0300] "GET /img/logo.svg HTTP/1.1" 302 154 "-" "Mozilla/5.0 (X11; Linux x86_64) AppleWebKit/534.34 (KHTML, like Gecko) wkhtmltopdf Safari/534.34" "-" "t=-,qwx=WMbMEFvfuiRQoF8MBZ3gAg==" "-" [request_time=0.000, upstream_response_time=-, cache=-] (upstream - // -)" [ssl=-]
88.198.204.16 - - [05/Nov/2018:06:33:56 +0300] "GET /css/fonts/ptsanscaptionbold.woff HTTP/1.1" 200 33872 "-" "Mozilla/5.0 (X11; Linux x86_64) AppleWebKit/534.34 (KHTML, like Gecko) wkhtmltopdf Safari/534.34" "-" "t=-,qwx=WMbMEFvfuiRQoF8MBZ3gAg==" "-" [request_time=0.000, upstream_response_time=-, cache=-] (upstream - // -)" [ssl=TLSv1.2]
88.198.204.16 - - [05/Nov/2018:06:33:56 +0300] "GET /css/fonts/ptsanscaption.woff HTTP/1.1" 200 33832 "-" "Mozilla/5.0 (X11; Linux x86_64) AppleWebKit/534.34 (KHTML, like Gecko) wkhtmltopdf Safari/534.34" "-" "t=-,qwx=WMbMEFvfuiRQoF8MBZ3gAg==" "-" [request_time=0.000, upstream_response_time=-, cache=-] (upstream - // -)" [ssl=TLSv1.2]
176.9.9.92 - - [05/Nov/2018:06:33:56 +0300] "GET /robots.txt HTTP/1.1" 200 125 "-" "Mozilla/5.0 (compatible; MJ12bot/v1.4.8; http://mj12bot.com/)" "-" "t=-,qwx=-" "-" [request_time=0.003, upstream_response_time=0.003, cache=-] (upstream 88.198.204.16:14090 // 200)" [ssl=TLSv1.2]
66.249.66.14 - - [05/Nov/2018:06:33:56 +0300] "GET /text/5034110 HTTP/1.1" 200 9454 "-" "Mozilla/5.0 (Linux; Android 6.0.1; Nexus 5X Build/MMB29P) AppleWebKit/537.36 (KHTML, like Gecko) Chrome/41.0.2272.96 Mobile Safari/537.36 (compatible; Googlebot/2.1; +http://www.google.com/bot.html)" "-" "t=-,qwx=-" "-" [request_time=0.070, upstream_response_time=0.070, cache=-] (upstream 88.198.204.16:14090 // 200)" [ssl=TLSv1.2]
54.36.148.214 - - [05/Nov/2018:06:33:56 +0300] "GET /pdf/3662265 HTTP/1.1" 200 21456 "-" "Mozilla/5.0 (compatible; AhrefsBot/5.2; +http://ahrefs.com/robot/)" "-" "t=-,qwx=-" "-" [request_time=0.372, upstream_response_time=0.372, cache=-] (upstream 88.198.204.16:14090 // 200)" [ssl=TLSv1.2]
141.105.55.6 - - [05/Nov/2018:06:33:57 +0300] "GET /fine_art/text/1953073 HTTP/1.1" 200 10978 "https://www.yandex.ru/" "Mozilla/5.0 (Windows NT 10.0) AppleWebKit/537.36 (KHTML, like Gecko) Chrome/68.0.3440.106 YaBrowser/18.9.1.954 Yowser/2.5 Safari/537.36" "-" "t=-,qwx=WMbMEFvDNVGdGQ7fCD0PAg==" "-" [request_time=0.090, upstream_response_time=0.090, cache=-] (upstream 88.198.204.16:14090 // 200)" [ssl=TLSv1.2]
5.101.113.64 - - [05/Nov/2018:06:33:57 +0300] "GET /nginx/metrics HTTP/1.1" 302 154 "-" "Prometheus/2.3.2" "-" "t=-,qwx=-" "-" [request_time=0.000, upstream_response_time=-, cache=-] (upstream - // -)" [ssl=-]
46.229.168.147 - - [05/Nov/2018:06:33:57 +0300] "GET /economics/text/4168429 HTTP/1.1" 200 10994 "-" "Mozilla/5.0 (compatible; SemrushBot/2~bl; +http://www.semrush.com/bot.html)" "-" "t=-,qwx=-" "-" [request_time=0.104, upstream_response_time=0.104, cache=-] (upstream 88.198.204.16:14090 // 200)" [ssl=TLSv1.2]
141.105.55.6 - - [05/Nov/2018:06:33:57 +0300] "GET /css/all.css?ssa=4573-42137886-12 HTTP/1.1" 200 16706 "https://bigenc.ru/fine_art/text/1953073" "Mozilla/5.0 (Windows NT 10.0) AppleWebKit/537.36 (KHTML, like Gecko) Chrome/68.0.3440.106 YaBrowser/18.9.1.954 Yowser/2.5 Safari/537.36" "-" "t=-,qwx=WMbMEFvDNVGdGQ7fCD0PAg==" "-" [request_time=0.000, upstream_response_time=-, cache=-] (upstream - // -)" [ssl=TLSv1.2]
141.105.55.6 - - [05/Nov/2018:06:33:57 +0300] "GET /css/article-fonts.css HTTP/1.1" 200 447 "https://bigenc.ru/fine_art/text/1953073" "Mozilla/5.0 (Windows NT 10.0) AppleWebKit/537.36 (KHTML, like Gecko) Chrome/68.0.3440.106 YaBrowser/18.9.1.954 Yowser/2.5 Safari/537.36" "-" "t=-,qwx=WMbMEFvDNVGdGQ7fCD0PAg==" "-" [request_time=0.000, upstream_response_time=-, cache=-] (upstream - // -)" [ssl=TLSv1.2]
141.105.55.6 - - [05/Nov/2018:06:33:58 +0300] "GET /css/fonts/ptserif.css HTTP/1.1" 200 260 "https://bigenc.ru/fine_art/text/1953073" "Mozilla/5.0 (Windows NT 10.0) AppleWebKit/537.36 (KHTML, like Gecko) Chrome/68.0.3440.106 YaBrowser/18.9.1.954 Yowser/2.5 Safari/537.36" "-" "t=-,qwx=WMbMEFvDNVGdGQ7fCD0PAg==" "-" [request_time=0.000, upstream_response_time=-, cache=-] (upstream - // -)" [ssl=TLSv1.2]
141.105.55.6 - - [05/Nov/2018:06:33:58 +0300] "GET /css/fonts/djserif.css HTTP/1.1" 200 260 "https://bigenc.ru/fine_art/text/1953073" "Mozilla/5.0 (Windows NT 10.0) AppleWebKit/537.36 (KHTML, like Gecko) Chrome/68.0.3440.106 YaBrowser/18.9.1.954 Yowser/2.5 Safari/537.36" "-" "t=-,qwx=WMbMEFvDNVGdGQ7fCD0PAg==" "-" [request_time=0.000, upstream_response_time=-, cache=-] (upstream - // -)" [ssl=TLSv1.2]
141.105.55.6 - - [05/Nov/2018:06:33:58 +0300] "GET /css/fonts/ptsanscaption.css HTTP/1.1" 200 597 "https://bigenc.ru/fine_art/text/1953073" "Mozilla/5.0 (Windows NT 10.0) AppleWebKit/537.36 (KHTML, like Gecko) Chrome/68.0.3440.106 YaBrowser/18.9.1.954 Yowser/2.5 Safari/537.36" "-" "t=-,qwx=WMbMEFvDNVGdGQ7fCD0PAg==" "-" [request_time=0.000, upstream_response_time=-, cache=-] (upstream - // -)" [ssl=TLSv1.2]
141.105.55.6 - - [05/Nov/2018:06:33:58 +0300] "GET /css/fonts/PTS55_stylesheet.css HTTP/1.1" 200 527 "https://bigenc.ru/fine_art/text/1953073" "Mozilla/5.0 (Windows NT 10.0) AppleWebKit/537.36 (KHTML, like Gecko) Chrome/68.0.3440.106 YaBrowser/18.9.1.954 Yowser/2.5 Safari/537.36" "-" "t=-,qwx=WMbMEFvDNVGdGQ7fCD0PAg==" "-" [request_time=0.000, upstream_response_time=-, cache=-] (upstream - // -)" [ssl=TLSv1.2]
141.105.55.6 - - [05/Nov/2018:06:33:58 +0300] "GET /css/fonts/PTF75_stylesheet.css HTTP/1.1" 200 529 "https://bigenc.ru/fine_art/text/1953073" "Mozilla/5.0 (Windows NT 10.0) AppleWebKit/537.36 (KHTML, like Gecko) Chrome/68.0.3440.106 YaBrowser/18.9.1.954 Yowser/2.5 Safari/537.36" "-" "t=-,qwx=WMbMEFvDNVGdGQ7fCD0PAg==" "-" [request_time=0.000, upstream_response_time=-, cache=-] (upstream - // -)" [ssl=TLSv1.2]
141.105.55.6 - - [05/Nov/2018:06:33:58 +0300] "GET /css/fonts/PTF55_stylesheet.css HTTP/1.1" 200 530 "https://bigenc.ru/fine_art/text/1953073" "Mozilla/5.0 (Windows NT 10.0) AppleWebKit/537.36 (KHTML, like Gecko) Chrome/68.0.3440.106 YaBrowser/18.9.1.954 Yowser/2.5 Safari/537.36" "-" "t=-,qwx=WMbMEFvDNVGdGQ7fCD0PAg==" "-" [request_time=0.000, upstream_response_time=-, cache=-] (upstream - // -)" [ssl=TLSv1.2]
141.105.55.6 - - [05/Nov/2018:06:33:58 +0300] "GET /css/fonts/PTF56_stylesheet.css HTTP/1.1" 200 528 "https://bigenc.ru/fine_art/text/1953073" "Mozilla/5.0 (Windows NT 10.0) AppleWebKit/537.36 (KHTML, like Gecko) Chrome/68.0.3440.106 YaBrowser/18.9.1.954 Yowser/2.5 Safari/537.36" "-" "t=-,qwx=WMbMEFvDNVGdGQ7fCD0PAg==" "-" [request_time=0.000, upstream_response_time=-, cache=-] (upstream - // -)" [ssl=TLSv1.2]
141.105.55.6 - - [05/Nov/2018:06:33:59 +0300] "GET /media/2016/10/27/1235174239/10360.jpg.198x-.png HTTP/1.1" 200 25457 "https://bigenc.ru/fine_art/text/1953073" "Mozilla/5.0 (Windows NT 10.0) AppleWebKit/537.36 (KHTML, like Gecko) Chrome/68.0.3440.106 YaBrowser/18.9.1.954 Yowser/2.5 Safari/537.36" "-" "t=-,qwx=WMbMEFvDNVGdGQ7fCD0PAg==" "-" [request_time=0.000, upstream_response_time=-, cache=-] (upstream - // -)" [ssl=TLSv1.2]
141.105.55.6 - - [05/Nov/2018:06:33:59 +0300] "GET /media/2016/10/27/1235174239/10360.jpg.262x-.png HTTP/1.1" 200 41069 "https://bigenc.ru/fine_art/text/1953073" "Mozilla/5.0 (Windows NT 10.0) AppleWebKit/537.36 (KHTML, like Gecko) Chrome/68.0.3440.106 YaBrowser/18.9.1.954 Yowser/2.5 Safari/537.36" "-" "t=-,qwx=WMbMEFvDNVGdGQ7fCD0PAg==" "-" [request_time=0.000, upstream_response_time=-, cache=-] (upstream - // -)" [ssl=TLSv1.2]
141.105.55.6 - - [05/Nov/2018:06:33:59 +0300] "GET /media/2016/10/27/1235174175/10359.jpg.198x-.png HTTP/1.1" 200 53843 "https://bigenc.ru/fine_art/text/1953073" "Mozilla/5.0 (Windows NT 10.0) AppleWebKit/537.36 (KHTML, like Gecko) Chrome/68.0.3440.106 YaBrowser/18.9.1.954 Yowser/2.5 Safari/537.36" "-" "t=-,qwx=WMbMEFvDNVGdGQ7fCD0PAg==" "-" [request_time=0.124, upstream_response_time=-, cache=-] (upstream - // -)" [ssl=TLSv1.2]
141.105.55.6 - - [05/Nov/2018:06:33:59 +0300] "GET /media/2016/10/27/1235174175/10359.jpg.262x-.png HTTP/1.1" 200 87504 "https://bigenc.ru/fine_art/text/1953073" "Mozilla/5.0 (Windows NT 10.0) AppleWebKit/537.36 (KHTML, like Gecko) Chrome/68.0.3440.106 YaBrowser/18.9.1.954 Yowser/2.5 Safari/537.36" "-" "t=-,qwx=WMbMEFvDNVGdGQ7fCD0PAg==" "-" [request_time=0.232, upstream_response_time=-, cache=-] (upstream - // -)" [ssl=TLSv1.2]
176.115.54.48 - - [05/Nov/2018:06:33:59 +0300] "GET /archeology/text/1977271 HTTP/1.0" 200 8954 "-" "Mozilla/5.0 (Windows NT 6.1; WOW64; Trident/7.0; rv:11.0) like Gecko" "-" "t=-,qwx=-" "-" [request_time=0.084, upstream_response_time=0.084, cache=-] (upstream 88.198.204.16:14090 // 200)" [ssl=TLSv1]
141.105.55.6 - - [05/Nov/2018:06:33:59 +0300] "GET /css/fonts/PTS55__W.woff2 HTTP/1.1" 200 73326 "https://bigenc.ru/css/fonts/PTS55_stylesheet.css" "Mozilla/5.0 (Windows NT 10.0) AppleWebKit/537.36 (KHTML, like Gecko) Chrome/68.0.3440.106 YaBrowser/18.9.1.954 Yowser/2.5 Safari/537.36" "-" "t=-,qwx=WMbMEFvDNVGdGQ7fCD0PAg==" "-" [request_time=0.106, upstream_response_time=-, cache=-] (upstream - // -)" [ssl=TLSv1.2]
141.105.55.6 - - [05/Nov/2018:06:33:59 +0300] "GET /css/fonts/PTF55__W.woff2 HTTP/1.1" 200 82970 "https://bigenc.ru/css/fonts/PTF55_stylesheet.css" "Mozilla/5.0 (Windows NT 10.0) AppleWebKit/537.36 (KHTML, like Gecko) Chrome/68.0.3440.106 YaBrowser/18.9.1.954 Yowser/2.5 Safari/537.36" "-" "t=-,qwx=WMbMEFvDNVGdGQ7fCD0PAg==" "-" [request_time=0.102, upstream_response_time=-, cache=-] (upstream - // -)" [ssl=TLSv1.2]
141.105.55.6 - - [05/Nov/2018:06:33:59 +0300] "GET /css/fonts/PTF75__W.woff2 HTTP/1.1" 200 80660 "https://bigenc.ru/css/fonts/PTF75_stylesheet.css" "Mozilla/5.0 (Windows NT 10.0) AppleWebKit/537.36 (KHTML, like Gecko) Chrome/68.0.3440.106 YaBrowser/18.9.1.954 Yowser/2.5 Safari/537.36" "-" "t=-,qwx=WMbMEFvDNVGdGQ7fCD0PAg==" "-" [request_time=0.096, upstream_response_time=-, cache=-] (upstream - // -)" [ssl=TLSv1.2]
141.105.55.6 - - [05/Nov/2018:06:33:59 +0300] "GET /css/fonts/PTF56__W.woff2 HTTP/1.1" 200 87074 "https://bigenc.ru/css/fonts/PTF56_stylesheet.css" "Mozilla/5.0 (Windows NT 10.0) AppleWebKit/537.36 (KHTML, like Gecko) Chrome/68.0.3440.106 YaBrowser/18.9.1.954 Yowser/2.5 Safari/537.36" "-" "t=-,qwx=WMbMEFvDNVGdGQ7fCD0PAg==" "-" [request_time=0.101, upstream_response_time=-, cache=-] (upstream - // -)" [ssl=TLSv1.2]
66.249.66.14 - - [05/Nov/2018:06:33:59 +0300] "POST /json/get_section_page HTTP/1.1" 200 60 "https://bigenc.ru/sport/text/2129973" "Mozilla/5.0 AppleWebKit/537.36 (KHTML, like Gecko; compatible; Googlebot/2.1; +http://www.google.com/bot.html) Safari/537.36" "-" "t=-,qwx=WMbMEFvKXdWdIQ7eEEkgAg==" "-" [request_time=0.005, upstream_response_time=0.005, cache=-] (upstream 88.198.204.16:14090 // 200)" [ssl=TLSv1.2]
141.105.55.6 - - [05/Nov/2018:06:33:59 +0300] "GET /media/2016/10/27/1235174239/10360.jpg HTTP/1.1" 200 116773 "https://bigenc.ru/fine_art/text/1953073" "Mozilla/5.0 (Windows NT 10.0) AppleWebKit/537.36 (KHTML, like Gecko) Chrome/68.0.3440.106 YaBrowser/18.9.1.954 Yowser/2.5 Safari/537.36" "-" "t=-,qwx=WMbMEFvDNVGdGQ7fCD0PAg==" "-" [request_time=0.102, upstream_response_time=-, cache=-] (upstream - // -)" [ssl=TLSv1.2]
141.105.55.6 - - [05/Nov/2018:06:33:59 +0300] "GET /media/2016/10/27/1235174239/10360.jpg.88x-.png HTTP/1.1" 200 6647 "https://bigenc.ru/fine_art/text/1953073" "Mozilla/5.0 (Windows NT 10.0) AppleWebKit/537.36 (KHTML, like Gecko) Chrome/68.0.3440.106 YaBrowser/18.9.1.954 Yowser/2.5 Safari/537.36" "-" "t=-,qwx=WMbMEFvDNVGdGQ7fCD0PAg==" "-" [request_time=0.000, upstream_response_time=-, cache=-] (upstream - // -)" [ssl=TLSv1.2]
141.105.55.6 - - [05/Nov/2018:06:33:59 +0300] "GET /media/2016/10/27/1235174175/10359.jpg.88x-.png HTTP/1.1" 200 13266 "https://bigenc.ru/fine_art/text/1953073" "Mozilla/5.0 (Windows NT 10.0) AppleWebKit/537.36 (KHTML, like Gecko) Chrome/68.0.3440.106 YaBrowser/18.9.1.954 Yowser/2.5 Safari/537.36" "-" "t=-,qwx=WMbMEFvDNVGdGQ7fCD0PAg==" "-" [request_time=0.000, upstream_response_time=-, cache=-] (upstream - // -)" [ssl=TLSv1.2]
141.105.55.6 - - [05/Nov/2018:06:33:59 +0300] "GET /media/2016/10/27/1235174175/10359.jpg HTTP/1.1" 200 137324 "https://bigenc.ru/fine_art/text/1953073" "Mozilla/5.0 (Windows NT 10.0) AppleWebKit/537.36 (KHTML, like Gecko) Chrome/68.0.3440.106 YaBrowser/18.9.1.954 Yowser/2.5 Safari/537.36" "-" "t=-,qwx=WMbMEFvDNVGdGQ7fCD0PAg==" "-" [request_time=0.103, upstream_response_time=-, cache=-] (upstream - // -)" [ssl=TLSv1.2]
5.101.113.64 - - [05/Nov/2018:06:34:00 +0300] "GET /node/metrics HTTP/1.1" 302 154 "-" "Prometheus/2.3.2" "-" "t=-,qwx=-" "-" [request_time=0.000, upstream_response_time=-, cache=-] (upstream - // -)" [ssl=-]
141.105.55.6 - - [05/Nov/2018:06:34:00 +0300] "POST /json/get_section_page HTTP/1.1" 200 60 "https://bigenc.ru/fine_art/text/1953073" "Mozilla/5.0 (Windows NT 10.0) AppleWebKit/537.36 (KHTML, like Gecko) Chrome/68.0.3440.106 YaBrowser/18.9.1.954 Yowser/2.5 Safari/537.36" "-" "t=-,qwx=WMbMEFvDNVGdGQ7fCD0PAg==" "-" [request_time=0.004, upstream_response_time=0.004, cache=-] (upstream 88.198.204.16:14090 // 200)" [ssl=TLSv1.2]
141.105.55.6 - - [05/Nov/2018:06:34:00 +0300] "POST /json/get_section_page HTTP/1.1" 200 60 "https://bigenc.ru/fine_art/text/1953073" "Mozilla/5.0 (Windows NT 10.0) AppleWebKit/537.36 (KHTML, like Gecko) Chrome/68.0.3440.106 YaBrowser/18.9.1.954 Yowser/2.5 Safari/537.36" "-" "t=-,qwx=WMbMEFvDNVGdGQ7fCD0PAg==" "-" [request_time=0.005, upstream_response_time=0.005, cache=-] (upstream 88.198.204.16:14090 // 200)" [ssl=TLSv1.2]
141.105.55.6 - - [05/Nov/2018:06:34:00 +0300] "POST /fine_art/text/1953073 HTTP/1.1" 200 7859 "https://bigenc.ru/fine_art/text/1953073" "Mozilla/5.0 (Windows NT 10.0) AppleWebKit/537.36 (KHTML, like Gecko) Chrome/68.0.3440.106 YaBrowser/18.9.1.954 Yowser/2.5 Safari/537.36" "-" "t=-,qwx=WMbMEFvDNVGdGQ7fCD0PAg==" "-" [request_time=0.091, upstream_response_time=0.091, cache=-] (upstream 88.198.204.16:14090 // 200)" [ssl=TLSv1.2]
66.249.76.101 - - [05/Nov/2018:06:34:00 +0300] "POST /json/get_section_page HTTP/1.1" 200 60 "https://bigenc.ru/technology_and_technique/text/3545236" "Mozilla/5.0 (Linux; Android 6.0.1; Nexus 5X Build/MMB29P) AppleWebKit/537.36 (KHTML, like Gecko) Chrome/41.0.2272.96 Mobile Safari/537.36 (compatible; Googlebot/2.1; +http://www.google.com/bot.html)" "-" "t=-,qwx=WMbMEFve8a9Qhl8HBN9KAg==" "-" [request_time=0.003, upstream_response_time=0.003, cache=-] (upstream 88.198.204.16:14090 // 200)" [ssl=TLSv1.2]
141.105.55.6 - - [05/Nov/2018:06:34:00 +0300] "POST /fine_art/text/1953073 HTTP/1.1" 200 7822 "https://bigenc.ru/fine_art/text/1953073" "Mozilla/5.0 (Windows NT 10.0) AppleWebKit/537.36 (KHTML, like Gecko) Chrome/68.0.3440.106 YaBrowser/18.9.1.954 Yowser/2.5 Safari/537.36" "-" "t=-,qwx=WMbMEFvDNVGdGQ7fCD0PAg==" "-" [request_time=0.081, upstream_response_time=0.081, cache=-] (upstream 88.198.204.16:14090 // 200)" [ssl=TLSv1.2]
141.105.55.6 - - [05/Nov/2018:06:34:00 +0300] "GET /css/print.css HTTP/1.1" 200 335 "https://bigenc.ru/fine_art/text/1953073" "Mozilla/5.0 (Windows NT 10.0) AppleWebKit/537.36 (KHTML, like Gecko) Chrome/68.0.3440.106 YaBrowser/18.9.1.954 Yowser/2.5 Safari/537.36" "-" "t=-,qwx=WMbMEFvDNVGdGQ7fCD0PAg==" "-" [request_time=0.000, upstream_response_time=-, cache=-] (upstream - // -)" [ssl=TLSv1.2]
54.36.148.12 - - [05/Nov/2018:06:34:02 +0300] "GET /geology/text/3170947 HTTP/1.1" 200 8524 "-" "Mozilla/5.0 (compatible; AhrefsBot/5.2; +http://ahrefs.com/robot/)" "-" "t=-,qwx=-" "-" [request_time=0.071, upstream_response_time=0.071, cache=-] (upstream 88.198.204.16:14090 // 200)" [ssl=TLSv1.2]
5.101.113.64 - - [05/Nov/2018:06:34:04 +0300] "GET /pg/metrics HTTP/1.1" 302 154 "-" "Prometheus/2.3.2" "-" "t=-,qwx=-" "-" [request_time=0.000, upstream_response_time=-, cache=-] (upstream - // -)" [ssl=-]
54.36.148.27 - - [05/Nov/2018:06:34:07 +0300] "GET /literature/text/2163618 HTTP/1.1" 200 8480 "-" "Mozilla/5.0 (compatible; AhrefsBot/5.2; +http://ahrefs.com/robot/)" "-" "t=-,qwx=-" "-" [request_time=0.074, upstream_response_time=0.074, cache=-] (upstream 88.198.204.16:14090 // 200)" [ssl=TLSv1.2]
54.36.148.242 - - [05/Nov/2018:06:34:08 +0300] "GET /text/1833660 HTTP/1.1" 302 154 "-" "Mozilla/5.0 (compatible; AhrefsBot/5.2; +http://ahrefs.com/robot/)" "-" "t=-,qwx=-" "-" [request_time=0.000, upstream_response_time=-, cache=-] (upstream - // -)" [ssl=-]
176.9.9.92 - - [05/Nov/2018:06:34:11 +0300] "GET /%D0%9F%D1%80%D0%B8%D0%BC%D0%B8%D1%82%D0%B8%D0%B2%D0%B8%D0%B7%D0%BC HTTP/1.1" 301 304 "-" "Mozilla/5.0 (compatible; MJ12bot/v1.4.8; http://mj12bot.com/)" "-" "t=-,qwx=-" "-" [request_time=0.007, upstream_response_time=0.007, cache=-] (upstream 88.198.204.16:14090 // 301)" [ssl=TLSv1.2]
46.229.168.130 - - [05/Nov/2018:06:34:11 +0300] "GET /text/2067763 HTTP/1.1" 301 301 "-" "Mozilla/5.0 (compatible; SemrushBot/2~bl; +http://www.semrush.com/bot.html)" "-" "t=-,qwx=-" "-" [request_time=0.001, upstream_response_time=0.001, cache=-] (upstream 88.198.204.16:14090 // 301)" [ssl=TLSv1.2]
5.101.113.64 - - [05/Nov/2018:06:34:12 +0300] "GET /nginx/metrics HTTP/1.1" 302 154 "-" "Prometheus/2.3.2" "-" "t=-,qwx=-" "-" [request_time=0.000, upstream_response_time=-, cache=-] (upstream - // -)" [ssl=-]
46.229.168.140 - - [05/Nov/2018:06:34:14 +0300] "GET /music/text/2067763 HTTP/1.1" 200 12779 "-" "Mozilla/5.0 (compatible; SemrushBot/2~bl; +http://www.semrush.com/bot.html)" "-" "t=-,qwx=-" "-" [request_time=0.083, upstream_response_time=0.083, cache=-] (upstream 88.198.204.16:14090 // 200)" [ssl=TLSv1.2]
5.101.113.64 - - [05/Nov/2018:06:34:15 +0300] "GET /node/metrics HTTP/1.1" 302 154 "-" "Prometheus/2.3.2" "-" "t=-,qwx=-" "-" [request_time=0.000, upstream_response_time=-, cache=-] (upstream - // -)" [ssl=-]
5.101.113.64 - - [05/Nov/2018:06:34:19 +0300] "GET /pg/metrics HTTP/1.1" 302 154 "-" "Prometheus/2.3.2" "-" "t=-,qwx=-" "-" [request_time=0.000, upstream_response_time=-, cache=-] (upstream - // -)" [ssl=-]
66.249.76.101 - - [05/Nov/2018:06:34:19 +0300] "POST /json/get_section_page HTTP/1.1" 200 60 "https://bigenc.ru/text/5034110" "Mozilla/5.0 (Linux; Android 6.0.1; Nexus 5X Build/MMB29P) AppleWebKit/537.36 (KHTML, like Gecko) Chrome/41.0.2272.96 Mobile Safari/537.36 (compatible; Googlebot/2.1; +http://www.google.com/bot.html)" "-" "t=-,qwx=WMbMEFvXt4qdIQ7eFvNsAg==" "-" [request_time=0.005, upstream_response_time=0.005, cache=-] (upstream 88.198.204.16:14090 // 200)" [ssl=TLSv1.2]
46.229.168.139 - - [05/Nov/2018:06:34:21 +0300] "GET /geography/text/4175321 HTTP/1.1" 302 154 "-" "Mozilla/5.0 (compatible; SemrushBot/2~bl; +http://www.semrush.com/bot.html)" "-" "t=-,qwx=-" "-" [request_time=0.000, upstream_response_time=-, cache=-] (upstream - // -)" [ssl=-]
88.198.204.16 - - [05/Nov/2018:06:34:22 +0300] "GET /css/fonts/ptsanscaption.css HTTP/1.1" 302 154 "-" "Mozilla/5.0 (X11; Linux x86_64) AppleWebKit/534.34 (KHTML, like Gecko) wkhtmltopdf Safari/534.34" "-" "t=-,qwx=-" "-" [request_time=0.000, upstream_response_time=-, cache=-] (upstream - // -)" [ssl=-]
88.198.204.16 - - [05/Nov/2018:06:34:22 +0300] "GET /css/fonts/ptserif.css HTTP/1.1" 302 154 "-" "Mozilla/5.0 (X11; Linux x86_64) AppleWebKit/534.34 (KHTML, like Gecko) wkhtmltopdf Safari/534.34" "-" "t=-,qwx=-" "-" [request_time=0.000, upstream_response_time=-, cache=-] (upstream - // -)" [ssl=-]
88.198.204.16 - - [05/Nov/2018:06:34:22 +0300] "GET /lib/j/jquery.min.js HTTP/1.1" 302 154 "-" "Mozilla/5.0 (X11; Linux x86_64) AppleWebKit/534.34 (KHTML, like Gecko) wkhtmltopdf Safari/534.34" "-" "t=-,qwx=-" "-" [request_time=0.000, upstream_response_time=-, cache=-] (upstream - // -)" [ssl=-]
88.198.204.16 - - [05/Nov/2018:06:34:22 +0300] "GET /j/charchem.js HTTP/1.1" 302 154 "-" "Mozilla/5.0 (X11; Linux x86_64) AppleWebKit/534.34 (KHTML, like Gecko) wkhtmltopdf Safari/534.34" "-" "t=-,qwx=-" "-" [request_time=0.000, upstream_response_time=-, cache=-] (upstream - // -)" [ssl=-]
88.198.204.16 - - [05/Nov/2018:06:34:22 +0300] "GET /j/easychem.css HTTP/1.1" 302 154 "-" "Mozilla/5.0 (X11; Linux x86_64) AppleWebKit/534.34 (KHTML, like Gecko) wkhtmltopdf Safari/534.34" "-" "t=-,qwx=-" "-" [request_time=0.000, upstream_response_time=-, cache=-] (upstream - // -)" [ssl=-]
88.198.204.16 - - [05/Nov/2018:06:34:22 +0300] "GET /css/fonts/ptsanscaption.css HTTP/1.1" 200 597 "-" "Mozilla/5.0 (X11; Linux x86_64) AppleWebKit/534.34 (KHTML, like Gecko) wkhtmltopdf Safari/534.34" "-" "t=-,qwx=WMbMEFvfuj5Qhl8LA8ONAg==" "-" [request_time=0.000, upstream_response_time=-, cache=-] (upstream - // -)" [ssl=TLSv1.2]
88.198.204.16 - - [05/Nov/2018:06:34:22 +0300] "GET /css/fonts/ptserif.css HTTP/1.1" 200 260 "-" "Mozilla/5.0 (X11; Linux x86_64) AppleWebKit/534.34 (KHTML, like Gecko) wkhtmltopdf Safari/534.34" "-" "t=-,qwx=WMbMEFvfuj5Qj18JBh2TAg==" "-" [request_time=0.000, upstream_response_time=-, cache=-] (upstream - // -)" [ssl=TLSv1.2]
88.198.204.16 - - [05/Nov/2018:06:34:22 +0300] "GET /img/logo.svg HTTP/1.1" 302 154 "-" "Mozilla/5.0 (X11; Linux x86_64) AppleWebKit/534.34 (KHTML, like Gecko) wkhtmltopdf Safari/534.34" "-" "t=-,qwx=WMbMEFvfuj5Qhl8LA8OOAg==" "-" [request_time=0.000, upstream_response_time=-, cache=-] (upstream - // -)" [ssl=-]
88.198.204.16 - - [05/Nov/2018:06:34:22 +0300] "GET /css/fonts/ptsanscaptionbold.woff HTTP/1.1" 200 33872 "-" "Mozilla/5.0 (X11; Linux x86_64) AppleWebKit/534.34 (KHTML, like Gecko) wkhtmltopdf Safari/534.34" "-" "t=-,qwx=WMbMEFvfuj5Qhl8LA8OOAg==" "-" [request_time=0.000, upstream_response_time=-, cache=-] (upstream - // -)" [ssl=TLSv1.2]
88.198.204.16 - - [05/Nov/2018:06:34:22 +0300] "GET /css/fonts/ptsanscaption.woff HTTP/1.1" 200 33832 "-" "Mozilla/5.0 (X11; Linux x86_64) AppleWebKit/534.34 (KHTML, like Gecko) wkhtmltopdf Safari/534.34" "-" "t=-,qwx=WMbMEFvfuj5Qhl8LA8OOAg==" "-" [request_time=0.000, upstream_response_time=-, cache=-] (upstream - // -)" [ssl=TLSv1.2]
46.229.168.134 - - [05/Nov/2018:06:34:22 +0300] "GET /robots.txt HTTP/1.1" 200 102 "-" "Mozilla/5.0 (compatible; SemrushBot/2~bl; +http://www.semrush.com/bot.html)" "-" "t=-,qwx=-" "-" [request_time=0.005, upstream_response_time=0.005, cache=-] (upstream 88.198.204.16:14090 // 200)" [ssl=TLSv1.2]
66.249.76.101 - - [05/Nov/2018:06:34:22 +0300] "GET /pdf/4201852 HTTP/1.1" 200 25657 "-" "Mozilla/5.0 (Linux; Android 6.0.1; Nexus 5X Build/MMB29P) AppleWebKit/537.36 (KHTML, like Gecko) Chrome/41.0.2272.96 Mobile Safari/537.36 (compatible; Googlebot/2.1; +http://www.google.com/bot.html)" "-" "t=-,qwx=-" "-" [request_time=0.400, upstream_response_time=0.400, cache=-] (upstream 88.198.204.16:14090 // 200)" [ssl=TLSv1.2]
46.229.168.140 - - [05/Nov/2018:06:34:23 +0300] "GET /geography/text/4175321 HTTP/1.1" 200 7771 "-" "Mozilla/5.0 (compatible; SemrushBot/2~bl; +http://www.semrush.com/bot.html)" "-" "t=-,qwx=-" "-" [request_time=0.089, upstream_response_time=0.089, cache=-] (upstream 88.198.204.16:14090 // 200)" [ssl=TLSv1.2]
66.96.235.61 - - [05/Nov/2018:06:34:26 +0300] "GET /psychology/text/1924637 HTTP/1.1" 200 12703 "https://bigenc.ru/psychology/text/1924637" "Mozilla/4.0 (compatible; MSIE 6.0; Windows NT 5.1; SV1)" "-" "t=-,qwx=-" "-" [request_time=0.129, upstream_response_time=0.129, cache=-] (upstream 88.198.204.16:14090 // 200)" [ssl=TLSv1.2]
54.36.149.79 - - [05/Nov/2018:06:34:26 +0300] "GET /religious_studies/text/1999594 HTTP/1.1" 200 11239 "-" "Mozilla/5.0 (compatible; AhrefsBot/5.2; +http://ahrefs.com/robot/)" "-" "t=-,qwx=-" "-" [request_time=0.092, upstream_response_time=0.092, cache=-] (upstream 88.198.204.16:14090 // 200)" [ssl=TLSv1.2]
5.101.113.64 - - [05/Nov/2018:06:34:27 +0300] "GET /nginx/metrics HTTP/1.1" 302 154 "-" "Prometheus/2.3.2" "-" "t=-,qwx=-" "-" [request_time=0.000, upstream_response_time=-, cache=-] (upstream - // -)" [ssl=-]
5.101.113.64 - - [05/Nov/2018:06:34:30 +0300] "GET /node/metrics HTTP/1.1" 302 154 "-" "Prometheus/2.3.2" "-" "t=-,qwx=-" "-" [request_time=0.000, upstream_response_time=-, cache=-] (upstream - // -)" [ssl=-]
93.170.187.59 - - [05/Nov/2018:06:34:30 +0300] "POST /json/art_link HTTP/1.1" 200 268 "https://bigenc.ru/archeology/text/2005183" "Mozilla/5.0 (Windows NT 6.1) AppleWebKit/537.36 (KHTML, like Gecko) Chrome/70.0.3538.77 Safari/537.36" "-" "t=-,qwx=WMbMEFvfpcRQoF8MBZW7Ag==" "-" [request_time=0.013, upstream_response_time=0.013, cache=-] (upstream 88.198.204.16:14090 // 200)" [ssl=TLSv1.2]
93.170.187.59 - - [05/Nov/2018:06:34:31 +0300] "GET /media/2016/10/27/1235158935/4383.jpg.88x-.png HTTP/1.1" 200 5500 "https://bigenc.ru/archeology/text/2005183" "Mozilla/5.0 (Windows NT 6.1) AppleWebKit/537.36 (KHTML, like Gecko) Chrome/70.0.3538.77 Safari/537.36" "-" "t=-,qwx=WMbMEFvfpcRQoF8MBZW7Ag==" "-" [request_time=0.000, upstream_response_time=-, cache=-] (upstream - // -)" [ssl=TLSv1.2]
46.229.168.153 - - [05/Nov/2018:06:34:31 +0300] "GET /text/2039951 HTTP/1.1" 302 154 "-" "Mozilla/5.0 (compatible; SemrushBot/2~bl; +http://www.semrush.com/bot.html)" "-" "t=-,qwx=-" "-" [request_time=0.000, upstream_response_time=-, cache=-] (upstream - // -)" [ssl=-]
93.170.187.59 - - [05/Nov/2018:06:34:33 +0300] "GET /world_history/text/1879797 HTTP/1.1" 200 14603 "https://bigenc.ru/archeology/text/2005183" "Mozilla/5.0 (Windows NT 6.1) AppleWebKit/537.36 (KHTML, like Gecko) Chrome/70.0.3538.77 Safari/537.36" "-" "t=-,qwx=WMbMEFvfpcRQoF8MBZW7Ag==" "-" [request_time=0.099, upstream_response_time=0.099, cache=-] (upstream 88.198.204.16:14090 // 200)" [ssl=TLSv1.2]
93.170.187.59 - - [05/Nov/2018:06:34:33 +0300] "GET /css/all.css?ssa=4573-42137886-12 HTTP/1.1" 200 16706 "https://bigenc.ru/world_history/text/1879797" "Mozilla/5.0 (Windows NT 6.1) AppleWebKit/537.36 (KHTML, like Gecko) Chrome/70.0.3538.77 Safari/537.36" "-" "t=-,qwx=WMbMEFvfpcRQoF8MBZW7Ag==" "-" [request_time=0.000, upstream_response_time=-, cache=-] (upstream - // -)" [ssl=TLSv1.2]
93.170.187.59 - - [05/Nov/2018:06:34:34 +0300] "GET /css/article-fonts.css HTTP/1.1" 200 447 "https://bigenc.ru/world_history/text/1879797" "Mozilla/5.0 (Windows NT 6.1) AppleWebKit/537.36 (KHTML, like Gecko) Chrome/70.0.3538.77 Safari/537.36" "-" "t=-,qwx=WMbMEFvfpcRQoF8MBZW7Ag==" "-" [request_time=0.000, upstream_response_time=-, cache=-] (upstream - // -)" [ssl=TLSv1.2]
46.229.168.135 - - [05/Nov/2018:06:34:34 +0300] "GET /geography/text/5310930 HTTP/1.1" 200 131097 "-" "Mozilla/5.0 (compatible; SemrushBot/2~bl; +http://www.semrush.com/bot.html)" "-" "t=-,qwx=-" "-" [request_time=1.491, upstream_response_time=0.859, cache=-] (upstream 88.198.204.16:14090 // 200)" [ssl=TLSv1.2]
176.9.9.92 - - [05/Nov/2018:06:34:34 +0300] "GET /fine_art/text/3167262 HTTP/1.1" 200 45924 "-" "Mozilla/5.0 (compatible; MJ12bot/v1.4.8; http://mj12bot.com/)" "-" "t=-,qwx=-" "-" [request_time=0.101, upstream_response_time=0.098, cache=-] (upstream 88.198.204.16:14090 // 200)" [ssl=TLSv1.2]
5.101.113.64 - - [05/Nov/2018:06:34:34 +0300] "GET /pg/metrics HTTP/1.1" 302 154 "-" "Prometheus/2.3.2" "-" "t=-,qwx=-" "-" [request_time=0.000, upstream_response_time=-, cache=-] (upstream - // -)" [ssl=-]
93.170.187.59 - - [05/Nov/2018:06:34:34 +0300] "GET /media/2016/10/27/1235158935/4383.jpg.262x-.png HTTP/1.1" 200 36501 "https://bigenc.ru/world_history/text/1879797" "Mozilla/5.0 (Windows NT 6.1) AppleWebKit/537.36 (KHTML, like Gecko) Chrome/70.0.3538.77 Safari/537.36" "-" "t=-,qwx=WMbMEFvfpcRQoF8MBZW7Ag==" "-" [request_time=0.000, upstream_response_time=-, cache=-] (upstream - // -)" [ssl=TLSv1.2]
93.170.187.59 - - [05/Nov/2018:06:34:34 +0300] "GET /media/2016/10/27/1235158583/6257.jpg.198x-.png HTTP/1.1" 200 24151 "https://bigenc.ru/world_history/text/1879797" "Mozilla/5.0 (Windows NT 6.1) AppleWebKit/537.36 (KHTML, like Gecko) Chrome/70.0.3538.77 Safari/537.36" "-" "t=-,qwx=WMbMEFvfpcRQoF8MBZW7Ag==" "-" [request_time=0.000, upstream_response_time=-, cache=-] (upstream - // -)" [ssl=TLSv1.2]
93.170.187.59 - - [05/Nov/2018:06:34:34 +0300] "GET /media/2016/10/27/1235158583/6257.jpg.262x-.png HTTP/1.1" 200 39652 "https://bigenc.ru/world_history/text/1879797" "Mozilla/5.0 (Windows NT 6.1) AppleWebKit/537.36 (KHTML, like Gecko) Chrome/70.0.3538.77 Safari/537.36" "-" "t=-,qwx=WMbMEFvfpcRQoF8MBZW7Ag==" "-" [request_time=0.114, upstream_response_time=-, cache=-] (upstream - // -)" [ssl=TLSv1.2]
93.170.187.59 - - [05/Nov/2018:06:34:34 +0300] "GET /media/2016/10/27/1235158907/6256.jpg.262x-.png HTTP/1.1" 200 42504 "https://bigenc.ru/world_history/text/1879797" "Mozilla/5.0 (Windows NT 6.1) AppleWebKit/537.36 (KHTML, like Gecko) Chrome/70.0.3538.77 Safari/537.36" "-" "t=-,qwx=WMbMEFvfpcRQoF8MBZW7Ag==" "-" [request_time=0.123, upstream_response_time=-, cache=-] (upstream - // -)" [ssl=TLSv1.2]
93.170.187.59 - - [05/Nov/2018:06:34:34 +0300] "GET /media/2016/10/27/1235158987/%D0%91%D0%BE%D1%81%D0%BF%D0%BE%D1%80%D1%81%D0%BA%D0%BE%D0%B5%20%D0%B3%D0%BE%D1%81%20%D0%B2%204-2%20%D0%B2.jpg.198x-.png HTTP/1.1" 200 42294 "https://bigenc.ru/world_history/text/1879797" "Mozilla/5.0 (Windows NT 6.1) AppleWebKit/537.36 (KHTML, like Gecko) Chrome/70.0.3538.77 Safari/537.36" "-" "t=-,qwx=WMbMEFvfpcRQoF8MBZW7Ag==" "-" [request_time=0.109, upstream_response_time=-, cache=-] (upstream - // -)" [ssl=TLSv1.2]
93.170.187.59 - - [05/Nov/2018:06:34:34 +0300] "GET /media/2016/10/27/1235158987/%D0%91%D0%BE%D1%81%D0%BF%D0%BE%D1%80%D1%81%D0%BA%D0%BE%D0%B5%20%D0%B3%D0%BE%D1%81%20%D0%B2%204-2%20%D0%B2.jpg.262x-.png HTTP/1.1" 200 69473 "https://bigenc.ru/world_history/text/1879797" "Mozilla/5.0 (Windows NT 6.1) AppleWebKit/537.36 (KHTML, like Gecko) Chrome/70.0.3538.77 Safari/537.36" "-" "t=-,qwx=WMbMEFvfpcRQoF8MBZW7Ag==" "-" [request_time=0.209, upstream_response_time=-, cache=-] (upstream - // -)" [ssl=TLSv1.2]
93.170.187.59 - - [05/Nov/2018:06:34:34 +0300] "POST /json/get_section_page HTTP/1.1" 200 60 "https://bigenc.ru/world_history/text/1879797" "Mozilla/5.0 (Windows NT 6.1) AppleWebKit/537.36 (KHTML, like Gecko) Chrome/70.0.3538.77 Safari/537.36" "-" "t=-,qwx=WMbMEFvfpcRQoF8MBZW7Ag==" "-" [request_time=0.004, upstream_response_time=0.004, cache=-] (upstream 88.198.204.16:14090 // 200)" [ssl=TLSv1.2]
93.170.187.59 - - [05/Nov/2018:06:34:34 +0300] "POST /json/get_section_page HTTP/1.1" 200 60 "https://bigenc.ru/world_history/text/1879797" "Mozilla/5.0 (Windows NT 6.1) AppleWebKit/537.36 (KHTML, like Gecko) Chrome/70.0.3538.77 Safari/537.36" "-" "t=-,qwx=WMbMEFvfpcRQoF8MBZW7Ag==" "-" [request_time=0.004, upstream_response_time=0.004, cache=-] (upstream 88.198.204.16:14090 // 200)" [ssl=TLSv1.2]
93.170.187.59 - - [05/Nov/2018:06:34:34 +0300] "GET /media/2016/10/27/1235158907/6256.jpg.198x-.png HTTP/1.1" 200 24567 "https://bigenc.ru/world_history/text/1879797" "Mozilla/5.0 (Windows NT 6.1) AppleWebKit/537.36 (KHTML, like Gecko) Chrome/70.0.3538.77 Safari/537.36" "-" "t=-,qwx=WMbMEFvfpcRQoF8MBZW7Ag==" "-" [request_time=0.000, upstream_response_time=-, cache=-] (upstream - // -)" [ssl=TLSv1.2]
93.170.187.59 - - [05/Nov/2018:06:34:34 +0300] "GET /media/2016/10/27/1235158935/4383.jpg.198x-.png HTTP/1.1" 200 22781 "https://bigenc.ru/world_history/text/1879797" "Mozilla/5.0 (Windows NT 6.1) AppleWebKit/537.36 (KHTML, like Gecko) Chrome/70.0.3538.77 Safari/537.36" "-" "t=-,qwx=WMbMEFvfpcRQoF8MBZW7Ag==" "-" [request_time=0.000, upstream_response_time=-, cache=-] (upstream - // -)" [ssl=TLSv1.2]
93.170.187.59 - - [05/Nov/2018:06:34:35 +0300] "POST /world_history/text/1879797 HTTP/1.1" 200 14556 "https://bigenc.ru/world_history/text/1879797" "Mozilla/5.0 (Windows NT 6.1) AppleWebKit/537.36 (KHTML, like Gecko) Chrome/70.0.3538.77 Safari/537.36" "-" "t=-,qwx=WMbMEFvfpcRQoF8MBZW7Ag==" "-" [request_time=0.098, upstream_response_time=0.098, cache=-] (upstream 88.198.204.16:14090 // 200)" [ssl=TLSv1.2]
93.170.187.59 - - [05/Nov/2018:06:34:35 +0300] "GET /media/2016/10/27/1235158987/%D0%91%D0%BE%D1%81%D0%BF%D0%BE%D1%80%D1%81%D0%BA%D0%BE%D0%B5%20%D0%B3%D0%BE%D1%81%20%D0%B2%204-2%20%D0%B2.jpg.88x-.png HTTP/1.1" 200 9663 "https://bigenc.ru/world_history/text/1879797" "Mozilla/5.0 (Windows NT 6.1) AppleWebKit/537.36 (KHTML, like Gecko) Chrome/70.0.3538.77 Safari/537.36" "-" "t=-,qwx=WMbMEFvfpcRQoF8MBZW7Ag==" "-" [request_time=0.000, upstream_response_time=-, cache=-] (upstream - // -)" [ssl=TLSv1.2]
93.170.187.59 - - [05/Nov/2018:06:34:35 +0300] "GET /media/2016/10/27/1235158583/6257.jpg.88x-.png HTTP/1.1" 200 5512 "https://bigenc.ru/world_history/text/1879797" "Mozilla/5.0 (Windows NT 6.1) AppleWebKit/537.36 (KHTML, like Gecko) Chrome/70.0.3538.77 Safari/537.36" "-" "t=-,qwx=WMbMEFvfpcRQoF8MBZW7Ag==" "-" [request_time=0.000, upstream_response_time=-, cache=-] (upstream - // -)" [ssl=TLSv1.2]
157.55.39.218 - - [05/Nov/2018:06:34:35 +0300] "GET /world_history/text/1979577 HTTP/1.1" 200 8510 "-" "Mozilla/5.0 (compatible; bingbot/2.0; +http://www.bing.com/bingbot.htm)" "-" "t=-,qwx=-" "-" [request_time=0.076, upstream_response_time=0.076, cache=-] (upstream 88.198.204.16:14090 // 200)" [ssl=TLSv1.2]
93.170.187.59 - - [05/Nov/2018:06:34:35 +0300] "GET /media/2016/10/27/1235158907/6256.jpg HTTP/1.1" 200 165936 "https://bigenc.ru/world_history/text/1879797" "Mozilla/5.0 (Windows NT 6.1) AppleWebKit/537.36 (KHTML, like Gecko) Chrome/70.0.3538.77 Safari/537.36" "-" "t=-,qwx=WMbMEFvfpcRQoF8MBZW7Ag==" "-" [request_time=0.270, upstream_response_time=-, cache=-] (upstream - // -)" [ssl=TLSv1.2]
93.170.187.59 - - [05/Nov/2018:06:34:35 +0300] "GET /media/2016/10/27/1235158907/6256.jpg.88x-.png HTTP/1.1" 200 5476 "https://bigenc.ru/world_history/text/1879797" "Mozilla/5.0 (Windows NT 6.1) AppleWebKit/537.36 (KHTML, like Gecko) Chrome/70.0.3538.77 Safari/537.36" "-" "t=-,qwx=WMbMEFvfpcRQoF8MBZW7Ag==" "-" [request_time=0.000, upstream_response_time=-, cache=-] (upstream - // -)" [ssl=TLSv1.2]
93.170.187.59 - - [05/Nov/2018:06:34:35 +0300] "POST /world_history/text/1879797 HTTP/1.1" 200 14589 "https://bigenc.ru/world_history/text/1879797" "Mozilla/5.0 (Windows NT 6.1) AppleWebKit/537.36 (KHTML, like Gecko) Chrome/70.0.3538.77 Safari/537.36" "-" "t=-,qwx=WMbMEFvfpcRQoF8MBZW7Ag==" "-" [request_time=0.087, upstream_response_time=0.087, cache=-] (upstream 88.198.204.16:14090 // 200)" [ssl=TLSv1.2]
93.170.187.59 - - [05/Nov/2018:06:34:35 +0300] "GET /media/2016/10/27/1235158935/4383.jpg HTTP/1.1" 200 210952 "https://bigenc.ru/world_history/text/1879797" "Mozilla/5.0 (Windows NT 6.1) AppleWebKit/537.36 (KHTML, like Gecko) Chrome/70.0.3538.77 Safari/537.36" "-" "t=-,qwx=WMbMEFvfpcRQoF8MBZW7Ag==" "-" [request_time=0.268, upstream_response_time=-, cache=-] (upstream - // -)" [ssl=TLSv1.2]
93.170.187.59 - - [05/Nov/2018:06:34:35 +0300] "GET /media/2016/10/27/1235158987/%D0%91%D0%BE%D1%81%D0%BF%D0%BE%D1%80%D1%81%D0%BA%D0%BE%D0%B5%20%D0%B3%D0%BE%D1%81%20%D0%B2%204-2%20%D0%B2.jpg HTTP/1.1" 200 231081 "https://bigenc.ru/world_history/text/1879797" "Mozilla/5.0 (Windows NT 6.1) AppleWebKit/537.36 (KHTML, like Gecko) Chrome/70.0.3538.77 Safari/537.36" "-" "t=-,qwx=WMbMEFvfpcRQoF8MBZW7Ag==" "-" [request_time=0.486, upstream_response_time=-, cache=-] (upstream - // -)" [ssl=TLSv1.2]
93.170.187.59 - - [05/Nov/2018:06:34:35 +0300] "GET /media/2016/10/27/1235158583/6257.jpg HTTP/1.1" 200 292021 "https://bigenc.ru/world_history/text/1879797" "Mozilla/5.0 (Windows NT 6.1) AppleWebKit/537.36 (KHTML, like Gecko) Chrome/70.0.3538.77 Safari/537.36" "-" "t=-,qwx=WMbMEFvfpcRQoF8MBZW7Ag==" "-" [request_time=0.593, upstream_response_time=-, cache=-] (upstream - // -)" [ssl=TLSv1.2]
46.229.168.145 - - [05/Nov/2018:06:34:36 +0300] "GET /text/2039951 HTTP/1.1" 301 309 "-" "Mozilla/5.0 (compatible; SemrushBot/2~bl; +http://www.semrush.com/bot.html)" "-" "t=-,qwx=-" "-" [request_time=0.005, upstream_response_time=0.005, cache=-] (upstream 88.198.204.16:14090 // 301)" [ssl=TLSv1.2]
46.229.168.130 - - [05/Nov/2018:06:34:37 +0300] "GET /religious_studies/text/4726936 HTTP/1.1" 200 8891 "-" "Mozilla/5.0 (compatible; SemrushBot/2~bl; +http://www.semrush.com/bot.html)" "-" "t=-,qwx=-" "-" [request_time=0.088, upstream_response_time=0.088, cache=-] (upstream 88.198.204.16:14090 // 200)" [ssl=TLSv1.2]
88.198.204.16 - - [05/Nov/2018:06:34:37 +0300] "GET /css/fonts/ptserif.css HTTP/1.1" 302 154 "-" "Mozilla/5.0 (X11; Linux x86_64) AppleWebKit/534.34 (KHTML, like Gecko) wkhtmltopdf Safari/534.34" "-" "t=-,qwx=-" "-" [request_time=0.000, upstream_response_time=-, cache=-] (upstream - // -)" [ssl=-]
88.198.204.16 - - [05/Nov/2018:06:34:37 +0300] "GET /css/fonts/ptsanscaption.css HTTP/1.1" 302 154 "-" "Mozilla/5.0 (X11; Linux x86_64) AppleWebKit/534.34 (KHTML, like Gecko) wkhtmltopdf Safari/534.34" "-" "t=-,qwx=-" "-" [request_time=0.000, upstream_response_time=-, cache=-] (upstream - // -)" [ssl=-]
88.198.204.16 - - [05/Nov/2018:06:34:37 +0300] "GET /j/charchem.js HTTP/1.1" 302 154 "-" "Mozilla/5.0 (X11; Linux x86_64) AppleWebKit/534.34 (KHTML, like Gecko) wkhtmltopdf Safari/534.34" "-" "t=-,qwx=-" "-" [request_time=0.000, upstream_response_time=-, cache=-] (upstream - // -)" [ssl=-]
88.198.204.16 - - [05/Nov/2018:06:34:37 +0300] "GET /lib/j/jquery.min.js HTTP/1.1" 302 154 "-" "Mozilla/5.0 (X11; Linux x86_64) AppleWebKit/534.34 (KHTML, like Gecko) wkhtmltopdf Safari/534.34" "-" "t=-,qwx=-" "-" [request_time=0.000, upstream_response_time=-, cache=-] (upstream - // -)" [ssl=-]
88.198.204.16 - - [05/Nov/2018:06:34:37 +0300] "GET /j/easychem.css HTTP/1.1" 302 154 "-" "Mozilla/5.0 (X11; Linux x86_64) AppleWebKit/534.34 (KHTML, like Gecko) wkhtmltopdf Safari/534.34" "-" "t=-,qwx=-" "-" [request_time=0.000, upstream_response_time=-, cache=-] (upstream - // -)" [ssl=-]
88.198.204.16 - - [05/Nov/2018:06:34:37 +0300] "GET /css/fonts/ptsanscaption.css HTTP/1.1" 200 597 "-" "Mozilla/5.0 (X11; Linux x86_64) AppleWebKit/534.34 (KHTML, like Gecko) wkhtmltopdf Safari/534.34" "-" "t=-,qwx=WMbMEFvfuk1QoF8MBZ3pAg==" "-" [request_time=0.000, upstream_response_time=-, cache=-] (upstream - // -)" [ssl=TLSv1.2]
88.198.204.16 - - [05/Nov/2018:06:34:37 +0300] "GET /css/fonts/ptserif.css HTTP/1.1" 200 260 "-" "Mozilla/5.0 (X11; Linux x86_64) AppleWebKit/534.34 (KHTML, like Gecko) wkhtmltopdf Safari/534.34" "-" "t=-,qwx=WMbMEFvfuk1QoF8MBZ3oAg==" "-" [request_time=0.000, upstream_response_time=-, cache=-] (upstream - // -)" [ssl=TLSv1.2]
88.198.204.16 - - [05/Nov/2018:06:34:37 +0300] "GET /img/logo.svg HTTP/1.1" 302 154 "-" "Mozilla/5.0 (X11; Linux x86_64) AppleWebKit/534.34 (KHTML, like Gecko) wkhtmltopdf Safari/534.34" "-" "t=-,qwx=WMbMEFvfuk1QoF8MBZ3qAg==" "-" [request_time=0.000, upstream_response_time=-, cache=-] (upstream - // -)" [ssl=-]
88.198.204.16 - - [05/Nov/2018:06:34:37 +0300] "GET /css/fonts/ptsanscaptionbold.woff HTTP/1.1" 200 33872 "-" "Mozilla/5.0 (X11; Linux x86_64) AppleWebKit/534.34 (KHTML, like Gecko) wkhtmltopdf Safari/534.34" "-" "t=-,qwx=WMbMEFvfuk1QoF8MBZ3qAg==" "-" [request_time=0.000, upstream_response_time=-, cache=-] (upstream - // -)" [ssl=TLSv1.2]
88.198.204.16 - - [05/Nov/2018:06:34:37 +0300] "GET /css/fonts/ptsanscaption.woff HTTP/1.1" 200 33832 "-" "Mozilla/5.0 (X11; Linux x86_64) AppleWebKit/534.34 (KHTML, like Gecko) wkhtmltopdf Safari/534.34" "-" "t=-,qwx=WMbMEFvfuk1QoF8MBZ3qAg==" "-" [request_time=0.000, upstream_response_time=-, cache=-] (upstream - // -)" [ssl=TLSv1.2]
54.36.149.43 - - [05/Nov/2018:06:34:38 +0300] "GET /pdf/2373746 HTTP/1.1" 200 43769 "-" "Mozilla/5.0 (compatible; AhrefsBot/5.2; +http://ahrefs.com/robot/)" "-" "t=-,qwx=-" "-" [request_time=0.406, upstream_response_time=0.395, cache=-] (upstream 88.198.204.16:14090 // 200)" [ssl=TLSv1.2]
46.229.168.152 - - [05/Nov/2018:06:34:39 +0300] "GET /world_history/text/2039951 HTTP/1.1" 200 7384 "-" "Mozilla/5.0 (compatible; SemrushBot/2~bl; +http://www.semrush.com/bot.html)" "-" "t=-,qwx=-" "-" [request_time=0.071, upstream_response_time=0.071, cache=-] (upstream 88.198.204.16:14090 // 200)" [ssl=TLSv1.2]
141.105.55.6 - - [05/Nov/2018:06:34:40 +0300] "POST /json/art_link HTTP/1.1" 200 212 "https://bigenc.ru/fine_art/text/1953073" "Mozilla/5.0 (Windows NT 10.0) AppleWebKit/537.36 (KHTML, like Gecko) Chrome/68.0.3440.106 YaBrowser/18.9.1.954 Yowser/2.5 Safari/537.36" "-" "t=-,qwx=WMbMEFvDNVGdGQ7fCD0PAg==" "-" [request_time=0.004, upstream_response_time=0.004, cache=-] (upstream 88.198.204.16:14090 // 200)" [ssl=TLSv1.2]
