46.229.168.148 - - [05/Nov/2018:06:25:56 +0300] "GET /text/3157963 HTTP/1.1" 301 307 "-" "Mozilla/5.0 (compatible; SemrushBot/2~bl; +http://www.semrush.com/bot.html)" "-" "t=-,qwx=-" "-" [request_time=0.002, upstream_response_time=0.002, cache=-] (upstream 88.198.204.16:14090 // 301)" [ssl=TLSv1.2]
5.101.113.64 - - [05/Nov/2018:06:25:57 +0300] "GET /nginx/metrics HTTP/1.1" 302 154 "-" "Prometheus/2.3.2" "-" "t=-,qwx=-" "-" [request_time=0.000, upstream_response_time=-, cache=-] (upstream - // -)" [ssl=-]
66.249.66.27 - - [05/Nov/2018:06:25:58 +0300] "POST /json/get_section_page HTTP/1.1" 200 60 "https://bigenc.ru/physics/text/2246483" "Mozilla/5.0 AppleWebKit/537.36 (KHTML, like Gecko; compatible; Googlebot/2.1; +http://www.google.com/bot.html) Safari/537.36" "-" "t=-,qwx=WMbMEFvXt4qdIQ7eFvNsAg==" "-" [request_time=0.006, upstream_response_time=0.006, cache=-] (upstream 88.198.204.16:14090 // 200)" [ssl=TLSv1.2]
46.229.168.144 - - [05/Nov/2018:06:25:58 +0300] "GET /agriculture/text/3157963 HTTP/1.1" 200 9245 "-" "Mozilla/5.0 (compatible; SemrushBot/2~bl; +http://www.semrush.com/bot.html)" "-" "t=-,qwx=-" "-" [request_time=0.234, upstream_response_time=0.234, cache=-] (upstream 88.198.204.16:14090 // 200)" [ssl=TLSv1.2]
5.101.113.64 - - [05/Nov/2018:06:26:00 +0300] "GET /node/metrics HTTP/1.1" 302 154 "-" "Prometheus/2.3.2" "-" "t=-,qwx=-" "-" [request_time=0.000, upstream_response_time=-, cache=-] (upstream - // -)" [ssl=-]
46.229.168.143 - - [05/Nov/2018:06:26:00 +0300] "GET /geography/text/v/1429957 HTTP/1.1" 200 8662 "-" "Mozilla/5.0 (compatible; SemrushBot/2~bl; +http://www.semrush.com/bot.html)" "-" "t=-,qwx=-" "-" [request_time=0.060, upstream_response_time=0.060, cache=-] (upstream 88.198.204.16:14090 // 200)" [ssl=TLSv1.2]
54.161.18.37 - - [05/Nov/2018:06:26:01 +0300] "GET /music/text/4996446 HTTP/1.1" 200 9252 "-" "Mozilla/5.0 (compatible; Linux x86_64; Mail.RU_Bot/2.0; +http://go.mail.ru/help/robots)" "95.163.255.65" "t=-,qwx=-" "-" [request_time=0.113, upstream_response_time=0.113, cache=-] (upstream 88.198.204.16:14090 // 200)" [ssl=TLSv1.2]
5.101.113.64 - - [05/Nov/2018:06:26:04 +0300] "GET /pg/metrics HTTP/1.1" 302 154 "-" "Prometheus/2.3.2" "-" "t=-,qwx=-" "-" [request_time=0.000, upstream_response_time=-, cache=-] (upstream - // -)" [ssl=-]
54.37.150.175 - - [05/Nov/2018:06:26:09 +0300] "GET /media/2016/10/27/1235201319/17708.jpg HTTP/1.1" 200 311606 "-" "-" "-" "t=-,qwx=-" "-" [request_time=0.048, upstream_response_time=-, cache=-] (upstream - // -)" [ssl=TLSv1.2]
95.32.9.77 - - [05/Nov/2018:06:26:10 +0300] "GET /text/1901569 HTTP/1.1" 301 306 "http://ru.wikipedia.org/wiki/\xD0\x92\xD0\xB0\xD1\x81\xD0\xB8\xD0\xBB\xD1\x8C\xD0\xB5\xD0\xB2,_\xD0\x91\xD0\xBE\xD1\x80\xD0\xB8\xD1\x81_\xD0\x9B\xD1\x8C\xD0\xB2\xD0\xBE\xD0\xB2\xD0\xB8\xD1\x87" "Mozilla/4.5 (compatible; HTTrack 3.0x; Windows 98)" "-" "t=-,qwx=WMbMEFvff7ZQj18JBf4RAg==" "-" [request_time=0.004, upstream_response_time=0.004, cache=-] (upstream 88.198.204.16:14090 // 301)" [ssl=TLSv1.2]
95.32.9.77 - - [05/Nov/2018:06:26:11 +0300] "GET /literature/text/1901569 HTTP/1.1" 301 306 "http://ru.wikipedia.org/wiki/\xD0\x92\xD0\xB0\xD1\x81\xD0\xB8\xD0\xBB\xD1\x8C\xD0\xB5\xD0\xB2,_\xD0\x91\xD0\xBE\xD1\x80\xD0\xB8\xD1\x81_\xD0\x9B\xD1\x8C\xD0\xB2\xD0\xBE\xD0\xB2\xD0\xB8\xD1\x87" "Mozilla/4.5 (compatible; HTTrack 3.0x; Windows 98)" "-" "t=-,qwx=WMbMEFvff7ZQj18JBf4RAg==" "-" [request_time=0.035, upstream_response_time=0.035, cache=-] (upstream 88.198.204.16:14090 // 301)" [ssl=TLSv1.2]
95.32.9.77 - - [05/Nov/2018:06:26:11 +0300] "GET /literature/text/5208825 HTTP/1.1" 200 8977 "http://ru.wikipedia.org/wiki/\xD0\x92\xD0\xB0\xD1\x81\xD0\xB8\xD0\xBB\xD1\x8C\xD0\xB5\xD0\xB2,_\xD0\x91\xD0\xBE\xD1\x80\xD0\xB8\xD1\x81_\xD0\x9B\xD1\x8C\xD0\xB2\xD0\xBE\xD0\xB2\xD0\xB8\xD1\x87" "Mozilla/4.5 (compatible; HTTrack 3.0x; Windows 98)" "-" "t=-,qwx=WMbMEFvff7ZQj18JBf4RAg==" "-" [request_time=0.080, upstream_response_time=0.080, cache=-] (upstream 88.198.204.16:14090 // 200)" [ssl=TLSv1.2]
46.229.168.131 - - [05/Nov/2018:06:26:11 +0300] "GET /world_history/text/1819453 HTTP/1.1" 200 8246 "-" "Mozilla/5.0 (compatible; SemrushBot/2~bl; +http://www.semrush.com/bot.html)" "-" "t=-,qwx=-" "-" [request_time=0.080, upstream_response_time=0.080, cache=-] (upstream 88.198.204.16:14090 // 200)" [ssl=TLSv1.2]
5.101.113.64 - - [05/Nov/2018:06:26:12 +0300] "GET /nginx/metrics HTTP/1.1" 302 154 "-" "Prometheus/2.3.2" "-" "t=-,qwx=-" "-" [request_time=0.000, upstream_response_time=-, cache=-] (upstream - // -)" [ssl=-]
46.229.168.143 - - [05/Nov/2018:06:26:13 +0300] "GET /theatre_and_cinema/text/1832854 HTTP/1.1" 302 154 "-" "Mozilla/5.0 (compatible; SemrushBot/2~bl; +http://www.semrush.com/bot.html)" "-" "t=-,qwx=-" "-" [request_time=0.000, upstream_response_time=-, cache=-] (upstream - // -)" [ssl=-]
5.101.113.64 - - [05/Nov/2018:06:26:15 +0300] "GET /node/metrics HTTP/1.1" 302 154 "-" "Prometheus/2.3.2" "-" "t=-,qwx=-" "-" [request_time=0.000, upstream_response_time=-, cache=-] (upstream - // -)" [ssl=-]
37.151.38.138 - - [05/Nov/2018:06:26:15 +0300] "GET /law/text/1907714 HTTP/1.1" 200 8239 "https://www.google.kz/" "Mozilla/5.0 (Windows NT 6.1; Win64; x64) AppleWebKit/537.36 (KHTML, like Gecko) Chrome/70.0.3538.77 Safari/537.36" "-" "t=-,qwx=-" "-" [request_time=0.077, upstream_response_time=0.077, cache=-] (upstream 88.198.204.16:14090 // 200)" [ssl=TLSv1.2]
37.151.38.138 - - [05/Nov/2018:06:26:15 +0300] "GET /css/all.css?ssa=4573-42137886-12 HTTP/1.1" 200 16706 "https://bigenc.ru/law/text/1907714" "Mozilla/5.0 (Windows NT 6.1; Win64; x64) AppleWebKit/537.36 (KHTML, like Gecko) Chrome/70.0.3538.77 Safari/537.36" "-" "t=-,qwx=WMbMEFvfuFdQa18FA7Z3Ag==" "-" [request_time=0.000, upstream_response_time=-, cache=-] (upstream - // -)" [ssl=TLSv1.2]
46.229.168.135 - - [05/Nov/2018:06:26:15 +0300] "GET /archeology/text/3515111 HTTP/1.1" 200 9750 "-" "Mozilla/5.0 (compatible; SemrushBot/2~bl; +http://www.semrush.com/bot.html)" "-" "t=-,qwx=-" "-" [request_time=0.082, upstream_response_time=0.082, cache=-] (upstream 88.198.204.16:14090 // 200)" [ssl=TLSv1.2]
37.151.38.138 - - [05/Nov/2018:06:26:15 +0300] "GET /css/article-fonts.css HTTP/1.1" 200 447 "https://bigenc.ru/law/text/1907714" "Mozilla/5.0 (Windows NT 6.1; Win64; x64) AppleWebKit/537.36 (KHTML, like Gecko) Chrome/70.0.3538.77 Safari/537.36" "-" "t=-,qwx=WMbMEFvfuFdQa18FA7Z3Ag==" "-" [request_time=0.000, upstream_response_time=-, cache=-] (upstream - // -)" [ssl=TLSv1.2]
37.151.38.138 - - [05/Nov/2018:06:26:15 +0300] "GET /css/fonts/ptserif.css HTTP/1.1" 200 260 "https://bigenc.ru/law/text/1907714" "Mozilla/5.0 (Windows NT 6.1; Win64; x64) AppleWebKit/537.36 (KHTML, like Gecko) Chrome/70.0.3538.77 Safari/537.36" "-" "t=-,qwx=WMbMEFvfuFdQa18FA7Z3Ag==" "-" [request_time=0.000, upstream_response_time=-, cache=-] (upstream - // -)" [ssl=TLSv1.2]
37.151.38.138 - - [05/Nov/2018:06:26:16 +0300] "GET /css/fonts/djserif.css HTTP/1.1" 200 260 "https://bigenc.ru/law/text/1907714" "Mozilla/5.0 (Windows NT 6.1; Win64; x64) AppleWebKit/537.36 (KHTML, like Gecko) Chrome/70.0.3538.77 Safari/537.36" "-" "t=-,qwx=WMbMEFvfuFdQa18FA7Z3Ag==" "-" [request_time=0.000, upstream_response_time=-, cache=-] (upstream - // -)" [ssl=TLSv1.2]
37.151.38.138 - - [05/Nov/2018:06:26:16 +0300] "GET /css/fonts/ptsanscaption.css HTTP/1.1" 200 597 "https://bigenc.ru/law/text/1907714" "Mozilla/5.0 (Windows NT 6.1; Win64; x64) AppleWebKit/537.36 (KHTML, like Gecko) Chrome/70.0.3538.77 Safari/537.36" "-" "t=-,qwx=WMbMEFvfuFdQa18FA7Z3Ag==" "-" [request_time=0.000, upstream_response_time=-, cache=-] (upstream - // -)" [ssl=TLSv1.2]
37.151.38.138 - - [05/Nov/2018:06:26:16 +0300] "GET /css/fonts/PTS55_stylesheet.css HTTP/1.1" 200 527 "https://bigenc.ru/law/text/1907714" "Mozilla/5.0 (Windows NT 6.1; Win64; x64) AppleWebKit/537.36 (KHTML, like Gecko) Chrome/70.0.3538.77 Safari/537.36" "-" "t=-,qwx=WMbMEFvfuFdQa18FA7Z3Ag==" "-" [request_time=0.000, upstream_response_time=-, cache=-] (upstream - // -)" [ssl=TLSv1.2]
37.151.38.138 - - [05/Nov/2018:06:26:16 +0300] "GET /css/fonts/PTF55_stylesheet.css HTTP/1.1" 200 530 "https://bigenc.ru/law/text/1907714" "Mozilla/5.0 (Windows NT 6.1; Win64; x64) AppleWebKit/537.36 (KHTML, like Gecko) Chrome/70.0.3538.77 Safari/537.36" "-" "t=-,qwx=WMbMEFvfuFdQa18FA7Z3Ag==" "-" [request_time=0.000, upstream_response_time=-, cache=-] (upstream - // -)" [ssl=TLSv1.2]
37.151.38.138 - - [05/Nov/2018:06:26:16 +0300] "GET /css/fonts/PTF56_stylesheet.css HTTP/1.1" 200 528 "https://bigenc.ru/law/text/1907714" "Mozilla/5.0 (Windows NT 6.1; Win64; x64) AppleWebKit/537.36 (KHTML, like Gecko) Chrome/70.0.3538.77 Safari/537.36" "-" "t=-,qwx=WMbMEFvfuFdQa18FA7Z3Ag==" "-" [request_time=0.000, upstream_response_time=-, cache=-] (upstream - // -)" [ssl=TLSv1.2]
37.151.38.138 - - [05/Nov/2018:06:26:16 +0300] "GET /css/fonts/PTF75_stylesheet.css HTTP/1.1" 200 529 "https://bigenc.ru/law/text/1907714" "Mozilla/5.0 (Windows NT 6.1; Win64; x64) AppleWebKit/537.36 (KHTML, like Gecko) Chrome/70.0.3538.77 Safari/537.36" "-" "t=-,qwx=WMbMEFvfuFdQa18FA7Z3Ag==" "-" [request_time=0.000, upstream_response_time=-, cache=-] (upstream - // -)" [ssl=TLSv1.2]
46.229.168.152 - - [05/Nov/2018:06:26:16 +0300] "GET /theatre_and_cinema/text/1832854 HTTP/1.1" 200 7713 "-" "Mozilla/5.0 (compatible; SemrushBot/2~bl; +http://www.semrush.com/bot.html)" "-" "t=-,qwx=-" "-" [request_time=0.063, upstream_response_time=0.063, cache=-] (upstream 88.198.204.16:14090 // 200)" [ssl=TLSv1.2]
37.151.38.138 - - [05/Nov/2018:06:26:17 +0300] "POST /json/get_section_page HTTP/1.1" 200 60 "https://bigenc.ru/law/text/1907714" "Mozilla/5.0 (Windows NT 6.1; Win64; x64) AppleWebKit/537.36 (KHTML, like Gecko) Chrome/70.0.3538.77 Safari/537.36" "-" "t=-,qwx=WMbMEFvfuFdQa18FA7Z3Ag==" "-" [request_time=0.001, upstream_response_time=0.001, cache=-] (upstream 88.198.204.16:14090 // 200)" [ssl=TLSv1.2]
37.151.38.138 - - [05/Nov/2018:06:26:17 +0300] "POST /json/get_section_page HTTP/1.1" 200 60 "https://bigenc.ru/law/text/1907714" "Mozilla/5.0 (Windows NT 6.1; Win64; x64) AppleWebKit/537.36 (KHTML, like Gecko) Chrome/70.0.3538.77 Safari/537.36" "-" "t=-,qwx=WMbMEFvfuFdQa18FA7Z3Ag==" "-" [request_time=0.001, upstream_response_time=0.001, cache=-] (upstream 88.198.204.16:14090 // 200)" [ssl=TLSv1.2]
37.151.38.138 - - [05/Nov/2018:06:26:17 +0300] "POST /law/text/1907714 HTTP/1.1" 200 4536 "https://bigenc.ru/law/text/1907714" "Mozilla/5.0 (Windows NT 6.1; Win64; x64) AppleWebKit/537.36 (KHTML, like Gecko) Chrome/70.0.3538.77 Safari/537.36" "-" "t=-,qwx=WMbMEFvfuFdQa18FA7Z3Ag==" "-" [request_time=0.066, upstream_response_time=0.066, cache=-] (upstream 88.198.204.16:14090 // 200)" [ssl=TLSv1.2]
37.151.38.138 - - [05/Nov/2018:06:26:18 +0300] "POST /law/text/1907714 HTTP/1.1" 200 4547 "https://bigenc.ru/law/text/1907714" "Mozilla/5.0 (Windows NT 6.1; Win64; x64) AppleWebKit/537.36 (KHTML, like Gecko) Chrome/70.0.3538.77 Safari/537.36" "-" "t=-,qwx=WMbMEFvfuFdQa18FA7Z3Ag==" "-" [request_time=0.077, upstream_response_time=0.077, cache=-] (upstream 88.198.204.16:14090 // 200)" [ssl=TLSv1.2]
37.151.38.138 - - [05/Nov/2018:06:26:18 +0300] "GET /css/fonts/PTF75__W.woff2 HTTP/1.1" 200 80660 "https://bigenc.ru/css/fonts/PTF75_stylesheet.css" "Mozilla/5.0 (Windows NT 6.1; Win64; x64) AppleWebKit/537.36 (KHTML, like Gecko) Chrome/70.0.3538.77 Safari/537.36" "-" "t=-,qwx=WMbMEFvfuFdQa18FA7Z3Ag==" "-" [request_time=0.179, upstream_response_time=-, cache=-] (upstream - // -)" [ssl=TLSv1.2]
37.151.38.138 - - [05/Nov/2018:06:26:18 +0300] "GET /css/fonts/PTF55__W.woff2 HTTP/1.1" 200 82970 "https://bigenc.ru/css/fonts/PTF55_stylesheet.css" "Mozilla/5.0 (Windows NT 6.1; Win64; x64) AppleWebKit/537.36 (KHTML, like Gecko) Chrome/70.0.3538.77 Safari/537.36" "-" "t=-,qwx=WMbMEFvfuFdQa18FA7Z3Ag==" "-" [request_time=0.441, upstream_response_time=-, cache=-] (upstream - // -)" [ssl=TLSv1.2]
37.151.38.138 - - [05/Nov/2018:06:26:18 +0300] "GET /css/fonts/PTF56__W.woff2 HTTP/1.1" 200 87074 "https://bigenc.ru/css/fonts/PTF56_stylesheet.css" "Mozilla/5.0 (Windows NT 6.1; Win64; x64) AppleWebKit/537.36 (KHTML, like Gecko) Chrome/70.0.3538.77 Safari/537.36" "-" "t=-,qwx=WMbMEFvfuFdQa18FA7Z3Ag==" "-" [request_time=0.181, upstream_response_time=-, cache=-] (upstream - // -)" [ssl=TLSv1.2]
5.101.113.64 - - [05/Nov/2018:06:26:19 +0300] "GET /pg/metrics HTTP/1.1" 302 154 "-" "Prometheus/2.3.2" "-" "t=-,qwx=-" "-" [request_time=0.000, upstream_response_time=-, cache=-] (upstream - // -)" [ssl=-]
37.151.38.138 - - [05/Nov/2018:06:26:19 +0300] "GET /css/fonts/PTS55__W.woff2 HTTP/1.1" 200 73326 "https://bigenc.ru/css/fonts/PTS55_stylesheet.css" "Mozilla/5.0 (Windows NT 6.1; Win64; x64) AppleWebKit/537.36 (KHTML, like Gecko) Chrome/70.0.3538.77 Safari/537.36" "-" "t=-,qwx=WMbMEFvfuFdQa18FA7Z3Ag==" "-" [request_time=1.330, upstream_response_time=-, cache=-] (upstream - // -)" [ssl=TLSv1.2]
37.151.38.138 - - [05/Nov/2018:06:26:20 +0300] "GET /css/print.css HTTP/1.1" 200 335 "https://bigenc.ru/law/text/1907714" "Mozilla/5.0 (Windows NT 6.1; Win64; x64) AppleWebKit/537.36 (KHTML, like Gecko) Chrome/70.0.3538.77 Safari/537.36" "-" "t=-,qwx=WMbMEFvfuFdQa18FA7Z3Ag==" "-" [request_time=0.000, upstream_response_time=-, cache=-] (upstream - // -)" [ssl=TLSv1.2]
37.151.38.138 - - [05/Nov/2018:06:26:20 +0300] "GET /favicon-32x32.png HTTP/1.1" 200 1016 "https://bigenc.ru/law/text/1907714" "Mozilla/5.0 (Windows NT 6.1; Win64; x64) AppleWebKit/537.36 (KHTML, like Gecko) Chrome/70.0.3538.77 Safari/537.36" "-" "t=-,qwx=WMbMEFvfuFdQa18FA7Z3Ag==" "-" [request_time=0.000, upstream_response_time=-, cache=-] (upstream - // -)" [ssl=TLSv1.2]
37.151.38.138 - - [05/Nov/2018:06:26:20 +0300] "GET /favicon-16x16.png HTTP/1.1" 200 582 "https://bigenc.ru/law/text/1907714" "Mozilla/5.0 (Windows NT 6.1; Win64; x64) AppleWebKit/537.36 (KHTML, like Gecko) Chrome/70.0.3538.77 Safari/537.36" "-" "t=-,qwx=WMbMEFvfuFdQa18FA7Z3Ag==" "-" [request_time=0.000, upstream_response_time=-, cache=-] (upstream - // -)" [ssl=TLSv1.2]
37.151.38.138 - - [05/Nov/2018:06:26:20 +0300] "GET /site.webmanifest HTTP/1.1" 200 426 "https://bigenc.ru/law/text/1907714" "Mozilla/5.0 (Windows NT 6.1; Win64; x64) AppleWebKit/537.36 (KHTML, like Gecko) Chrome/70.0.3538.77 Safari/537.36" "-" "t=-,qwx=-" "-" [request_time=0.000, upstream_response_time=-, cache=-] (upstream - // -)" [ssl=TLSv1.2]
46.229.168.132 - - [05/Nov/2018:06:26:21 +0300] "GET /linguistics/text/2181567 HTTP/1.1" 200 20155 "-" "Mozilla/5.0 (compatible; SemrushBot/2~bl; +http://www.semrush.com/bot.html)" "-" "t=-,qwx=-" "-" [request_time=0.132, upstream_response_time=0.132, cache=-] (upstream 88.198.204.16:14090 // 200)" [ssl=TLSv1.2]
88.198.204.16 - - [05/Nov/2018:06:26:23 +0300] "GET /css/fonts/ptserif.css HTTP/1.1" 302 154 "-" "Mozilla/5.0 (X11; Linux x86_64) AppleWebKit/534.34 (KHTML, like Gecko) wkhtmltopdf Safari/534.34" "-" "t=-,qwx=-" "-" [request_time=0.000, upstream_response_time=-, cache=-] (upstream - // -)" [ssl=-]
88.198.204.16 - - [05/Nov/2018:06:26:23 +0300] "GET /css/fonts/ptsanscaption.css HTTP/1.1" 302 154 "-" "Mozilla/5.0 (X11; Linux x86_64) AppleWebKit/534.34 (KHTML, like Gecko) wkhtmltopdf Safari/534.34" "-" "t=-,qwx=-" "-" [request_time=0.000, upstream_response_time=-, cache=-] (upstream - // -)" [ssl=-]
88.198.204.16 - - [05/Nov/2018:06:26:23 +0300] "GET /lib/j/jquery.min.js HTTP/1.1" 302 154 "-" "Mozilla/5.0 (X11; Linux x86_64) AppleWebKit/534.34 (KHTML, like Gecko) wkhtmltopdf Safari/534.34" "-" "t=-,qwx=-" "-" [request_time=0.000, upstream_response_time=-, cache=-] (upstream - // -)" [ssl=-]
88.198.204.16 - - [05/Nov/2018:06:26:23 +0300] "GET /j/charchem.js HTTP/1.1" 302 154 "-" "Mozilla/5.0 (X11; Linux x86_64) AppleWebKit/534.34 (KHTML, like Gecko) wkhtmltopdf Safari/534.34" "-" "t=-,qwx=-" "-" [request_time=0.000, upstream_response_time=-, cache=-] (upstream - // -)" [ssl=-]
88.198.204.16 - - [05/Nov/2018:06:26:23 +0300] "GET /j/easychem.css HTTP/1.1" 302 154 "-" "Mozilla/5.0 (X11; Linux x86_64) AppleWebKit/534.34 (KHTML, like Gecko) wkhtmltopdf Safari/534.34" "-" "t=-,qwx=-" "-" [request_time=0.000, upstream_response_time=-, cache=-] (upstream - // -)" [ssl=-]
88.198.204.16 - - [05/Nov/2018:06:26:23 +0300] "GET /css/fonts/ptserif.css HTTP/1.1" 200 260 "-" "Mozilla/5.0 (X11; Linux x86_64) AppleWebKit/534.34 (KHTML, like Gecko) wkhtmltopdf Safari/534.34" "-" "t=-,qwx=WMbMEFvfuF9Qh18KA8T8Ag==" "-" [request_time=0.000, upstream_response_time=-, cache=-] (upstream - // -)" [ssl=TLSv1.2]
88.198.204.16 - - [05/Nov/2018:06:26:23 +0300] "GET /css/fonts/ptsanscaption.css HTTP/1.1" 200 597 "-" "Mozilla/5.0 (X11; Linux x86_64) AppleWebKit/534.34 (KHTML, like Gecko) wkhtmltopdf Safari/534.34" "-" "t=-,qwx=WMbMEFvfuF9Qhl8LA8NkAg==" "-" [request_time=0.000, upstream_response_time=-, cache=-] (upstream - // -)" [ssl=TLSv1.2]
185.57.31.178 - - [05/Nov/2018:06:26:23 +0300] "GET / HTTP/1.1" 200 5415 "http://go.mail.ru/" "Mozilla/5.0 (Windows NT 10.0; Win64; x64) AppleWebKit/537.36 (KHTML, like Gecko) Chrome/70.0.3538.77 Safari/537.36" "-" "t=-,qwx=-" "-" [request_time=0.032, upstream_response_time=0.032, cache=-] (upstream 88.198.204.16:14090 // 200)" [ssl=TLSv1.2]
88.198.204.16 - - [05/Nov/2018:06:26:23 +0300] "GET /img/logo.svg HTTP/1.1" 302 154 "-" "Mozilla/5.0 (X11; Linux x86_64) AppleWebKit/534.34 (KHTML, like Gecko) wkhtmltopdf Safari/534.34" "-" "t=-,qwx=WMbMEFvfuF9QoF8MBZ1WAg==" "-" [request_time=0.000, upstream_response_time=-, cache=-] (upstream - // -)" [ssl=-]
88.198.204.16 - - [05/Nov/2018:06:26:23 +0300] "GET /css/fonts/ptsanscaptionbold.woff HTTP/1.1" 200 33872 "-" "Mozilla/5.0 (X11; Linux x86_64) AppleWebKit/534.34 (KHTML, like Gecko) wkhtmltopdf Safari/534.34" "-" "t=-,qwx=WMbMEFvfuF9QoF8MBZ1WAg==" "-" [request_time=0.000, upstream_response_time=-, cache=-] (upstream - // -)" [ssl=TLSv1.2]
88.198.204.16 - - [05/Nov/2018:06:26:23 +0300] "GET /css/fonts/ptsanscaption.woff HTTP/1.1" 200 33832 "-" "Mozilla/5.0 (X11; Linux x86_64) AppleWebKit/534.34 (KHTML, like Gecko) wkhtmltopdf Safari/534.34" "-" "t=-,qwx=WMbMEFvfuF9QoF8MBZ1WAg==" "-" [request_time=0.000, upstream_response_time=-, cache=-] (upstream - // -)" [ssl=TLSv1.2]
46.229.168.152 - - [05/Nov/2018:06:26:23 +0300] "GET /pdf/1898910 HTTP/1.1" 200 27297 "-" "Mozilla/5.0 (compatible; SemrushBot/2~bl; +http://www.semrush.com/bot.html)" "-" "t=-,qwx=-" "-" [request_time=0.389, upstream_response_time=0.389, cache=-] (upstream 88.198.204.16:14090 // 200)" [ssl=TLSv1.2]
77.34.134.253 - - [05/Nov/2018:06:26:24 +0300] "GET /law/text/3164669 HTTP/1.1" 200 13308 "https://www.google.com/" "Mozilla/5.0 (Linux; Android 8.0.0; STF-L09) AppleWebKit/537.36 (KHTML, like Gecko) Chrome/70.0.3538.80 Mobile Safari/537.36" "-" "t=-,qwx=-" "-" [request_time=0.105, upstream_response_time=0.105, cache=-] (upstream 88.198.204.16:14090 // 200)" [ssl=TLSv1.2]
185.57.31.178 - - [05/Nov/2018:06:26:24 +0300] "GET /css/all.css?ssa=4573-42137886-12 HTTP/1.1" 200 16706 "https://bigenc.ru/" "Mozilla/5.0 (Windows NT 10.0; Win64; x64) AppleWebKit/537.36 (KHTML, like Gecko) Chrome/70.0.3538.77 Safari/537.36" "-" "t=-,qwx=WMbMEFvfuF9Qhl8HBSkeAg==" "-" [request_time=0.000, upstream_response_time=-, cache=-] (upstream - // -)" [ssl=TLSv1.2]
77.34.134.253 - - [05/Nov/2018:06:26:25 +0300] "GET /css/all.css?ssa=4573-42137886-12 HTTP/1.1" 200 16706 "https://bigenc.ru/law/text/3164669" "Mozilla/5.0 (Linux; Android 8.0.0; STF-L09) AppleWebKit/537.36 (KHTML, like Gecko) Chrome/70.0.3538.80 Mobile Safari/537.36" "-" "t=-,qwx=WMbMEFvfuGBQhl8HBSkgAg==" "-" [request_time=0.000, upstream_response_time=-, cache=-] (upstream - // -)" [ssl=TLSv1.2]
77.34.134.253 - - [05/Nov/2018:06:26:25 +0300] "GET /css/article-fonts.css HTTP/1.1" 200 447 "https://bigenc.ru/law/text/3164669" "Mozilla/5.0 (Linux; Android 8.0.0; STF-L09) AppleWebKit/537.36 (KHTML, like Gecko) Chrome/70.0.3538.80 Mobile Safari/537.36" "-" "t=-,qwx=WMbMEFvfuGBQhl8HBSkgAg==" "-" [request_time=0.000, upstream_response_time=-, cache=-] (upstream - // -)" [ssl=TLSv1.2]
77.34.134.253 - - [05/Nov/2018:06:26:25 +0300] "GET /css/fonts/ptserif.css HTTP/1.1" 200 260 "https://bigenc.ru/law/text/3164669" "Mozilla/5.0 (Linux; Android 8.0.0; STF-L09) AppleWebKit/537.36 (KHTML, like Gecko) Chrome/70.0.3538.80 Mobile Safari/537.36" "-" "t=-,qwx=WMbMEFvfuGBQhl8HBSkgAg==" "-" [request_time=0.000, upstream_response_time=-, cache=-] (upstream - // -)" [ssl=TLSv1.2]
77.34.134.253 - - [05/Nov/2018:06:26:25 +0300] "GET /css/fonts/djserif.css HTTP/1.1" 200 260 "https://bigenc.ru/law/text/3164669" "Mozilla/5.0 (Linux; Android 8.0.0; STF-L09) AppleWebKit/537.36 (KHTML, like Gecko) Chrome/70.0.3538.80 Mobile Safari/537.36" "-" "t=-,qwx=WMbMEFvfuGBQhl8HBSkgAg==" "-" [request_time=0.000, upstream_response_time=-, cache=-] (upstream - // -)" [ssl=TLSv1.2]
77.34.134.253 - - [05/Nov/2018:06:26:25 +0300] "GET /css/fonts/ptsanscaption.css HTTP/1.1" 200 597 "https://bigenc.ru/law/text/3164669" "Mozilla/5.0 (Linux; Android 8.0.0; STF-L09) AppleWebKit/537.36 (KHTML, like Gecko) Chrome/70.0.3538.80 Mobile Safari/537.36" "-" "t=-,qwx=WMbMEFvfuGBQhl8HBSkgAg==" "-" [request_time=0.000, upstream_response_time=-, cache=-] (upstream - // -)" [ssl=TLSv1.2]
46.229.168.139 - - [05/Nov/2018:06:26:25 +0300] "GET /text/2071328 HTTP/1.1" 302 154 "-" "Mozilla/5.0 (compatible; SemrushBot/2~bl; +http://www.semrush.com/bot.html)" "-" "t=-,qwx=-" "-" [request_time=0.000, upstream_response_time=-, cache=-] (upstream - // -)" [ssl=-]
77.34.134.253 - - [05/Nov/2018:06:26:25 +0300] "GET /css/fonts/PTS55_stylesheet.css HTTP/1.1" 200 527 "https://bigenc.ru/law/text/3164669" "Mozilla/5.0 (Linux; Android 8.0.0; STF-L09) AppleWebKit/537.36 (KHTML, like Gecko) Chrome/70.0.3538.80 Mobile Safari/537.36" "-" "t=-,qwx=WMbMEFvfuGBQhl8HBSkgAg==" "-" [request_time=0.000, upstream_response_time=-, cache=-] (upstream - // -)" [ssl=TLSv1.2]
77.34.134.253 - - [05/Nov/2018:06:26:25 +0300] "GET /css/fonts/PTF55_stylesheet.css HTTP/1.1" 200 530 "https://bigenc.ru/law/text/3164669" "Mozilla/5.0 (Linux; Android 8.0.0; STF-L09) AppleWebKit/537.36 (KHTML, like Gecko) Chrome/70.0.3538.80 Mobile Safari/537.36" "-" "t=-,qwx=WMbMEFvfuGBQhl8HBSkgAg==" "-" [request_time=0.000, upstream_response_time=-, cache=-] (upstream - // -)" [ssl=TLSv1.2]
77.34.134.253 - - [05/Nov/2018:06:26:25 +0300] "GET /css/fonts/PTF56_stylesheet.css HTTP/1.1" 200 528 "https://bigenc.ru/law/text/3164669" "Mozilla/5.0 (Linux; Android 8.0.0; STF-L09) AppleWebKit/537.36 (KHTML, like Gecko) Chrome/70.0.3538.80 Mobile Safari/537.36" "-" "t=-,qwx=WMbMEFvfuGBQhl8HBSkgAg==" "-" [request_time=0.000, upstream_response_time=-, cache=-] (upstream - // -)" [ssl=TLSv1.2]
77.34.134.253 - - [05/Nov/2018:06:26:25 +0300] "GET /css/fonts/PTF75_stylesheet.css HTTP/1.1" 200 529 "https://bigenc.ru/law/text/3164669" "Mozilla/5.0 (Linux; Android 8.0.0; STF-L09) AppleWebKit/537.36 (KHTML, like Gecko) Chrome/70.0.3538.80 Mobile Safari/537.36" "-" "t=-,qwx=WMbMEFvfuGBQhl8HBSkgAg==" "-" [request_time=0.000, upstream_response_time=-, cache=-] (upstream - // -)" [ssl=TLSv1.2]
185.57.31.178 - - [05/Nov/2018:06:26:25 +0300] "GET /css/fonts/ptserif.css HTTP/1.1" 200 260 "https://bigenc.ru/" "Mozilla/5.0 (Windows NT 10.0; Win64; x64) AppleWebKit/537.36 (KHTML, like Gecko) Chrome/70.0.3538.77 Safari/537.36" "-" "t=-,qwx=WMbMEFvfuF9Qhl8HBSkeAg==" "-" [request_time=0.000, upstream_response_time=-, cache=-] (upstream - // -)" [ssl=TLSv1.2]
185.57.31.178 - - [05/Nov/2018:06:26:25 +0300] "GET /css/fonts/djserif.css HTTP/1.1" 200 260 "https://bigenc.ru/" "Mozilla/5.0 (Windows NT 10.0; Win64; x64) AppleWebKit/537.36 (KHTML, like Gecko) Chrome/70.0.3538.77 Safari/537.36" "-" "t=-,qwx=WMbMEFvfuF9Qhl8HBSkeAg==" "-" [request_time=0.000, upstream_response_time=-, cache=-] (upstream - // -)" [ssl=TLSv1.2]
185.57.31.178 - - [05/Nov/2018:06:26:25 +0300] "GET /css/fonts/ptsanscaption.css HTTP/1.1" 200 597 "https://bigenc.ru/" "Mozilla/5.0 (Windows NT 10.0; Win64; x64) AppleWebKit/537.36 (KHTML, like Gecko) Chrome/70.0.3538.77 Safari/537.36" "-" "t=-,qwx=WMbMEFvfuF9Qhl8HBSkeAg==" "-" [request_time=0.000, upstream_response_time=-, cache=-] (upstream - // -)" [ssl=TLSv1.2]
185.57.31.178 - - [05/Nov/2018:06:26:25 +0300] "GET /css/fonts/PTS55_stylesheet.css HTTP/1.1" 200 527 "https://bigenc.ru/" "Mozilla/5.0 (Windows NT 10.0; Win64; x64) AppleWebKit/537.36 (KHTML, like Gecko) Chrome/70.0.3538.77 Safari/537.36" "-" "t=-,qwx=WMbMEFvfuF9Qhl8HBSkeAg==" "-" [request_time=0.000, upstream_response_time=-, cache=-] (upstream - // -)" [ssl=TLSv1.2]
185.57.31.178 - - [05/Nov/2018:06:26:26 +0300] "GET /css/fonts/PTF55_stylesheet.css HTTP/1.1" 200 530 "https://bigenc.ru/" "Mozilla/5.0 (Windows NT 10.0; Win64; x64) AppleWebKit/537.36 (KHTML, like Gecko) Chrome/70.0.3538.77 Safari/537.36" "-" "t=-,qwx=WMbMEFvfuF9Qhl8HBSkeAg==" "-" [request_time=0.000, upstream_response_time=-, cache=-] (upstream - // -)" [ssl=TLSv1.2]
185.57.31.178 - - [05/Nov/2018:06:26:26 +0300] "GET /css/fonts/PTF56_stylesheet.css HTTP/1.1" 200 528 "https://bigenc.ru/" "Mozilla/5.0 (Windows NT 10.0; Win64; x64) AppleWebKit/537.36 (KHTML, like Gecko) Chrome/70.0.3538.77 Safari/537.36" "-" "t=-,qwx=WMbMEFvfuF9Qhl8HBSkeAg==" "-" [request_time=0.000, upstream_response_time=-, cache=-] (upstream - // -)" [ssl=TLSv1.2]
185.57.31.178 - - [05/Nov/2018:06:26:26 +0300] "GET /css/fonts/PTF75_stylesheet.css HTTP/1.1" 200 529 "https://bigenc.ru/" "Mozilla/5.0 (Windows NT 10.0; Win64; x64) AppleWebKit/537.36 (KHTML, like Gecko) Chrome/70.0.3538.77 Safari/537.36" "-" "t=-,qwx=WMbMEFvfuF9Qhl8HBSkeAg==" "-" [request_time=0.000, upstream_response_time=-, cache=-] (upstream - // -)" [ssl=TLSv1.2]
88.198.204.16 - - [05/Nov/2018:06:26:26 +0300] "GET /css/fonts/ptserif.css HTTP/1.1" 302 154 "-" "Mozilla/5.0 (X11; Linux x86_64) AppleWebKit/534.34 (KHTML, like Gecko) wkhtmltopdf Safari/534.34" "-" "t=-,qwx=-" "-" [request_time=0.000, upstream_response_time=-, cache=-] (upstream - // -)" [ssl=-]
88.198.204.16 - - [05/Nov/2018:06:26:26 +0300] "GET /css/fonts/ptsanscaption.css HTTP/1.1" 302 154 "-" "Mozilla/5.0 (X11; Linux x86_64) AppleWebKit/534.34 (KHTML, like Gecko) wkhtmltopdf Safari/534.34" "-" "t=-,qwx=-" "-" [request_time=0.000, upstream_response_time=-, cache=-] (upstream - // -)" [ssl=-]
88.198.204.16 - - [05/Nov/2018:06:26:26 +0300] "GET /lib/j/jquery.min.js HTTP/1.1" 302 154 "-" "Mozilla/5.0 (X11; Linux x86_64) AppleWebKit/534.34 (KHTML, like Gecko) wkhtmltopdf Safari/534.34" "-" "t=-,qwx=-" "-" [request_time=0.000, upstream_response_time=-, cache=-] (upstream - // -)" [ssl=-]
88.198.204.16 - - [05/Nov/2018:06:26:26 +0300] "GET /j/charchem.js HTTP/1.1" 302 154 "-" "Mozilla/5.0 (X11; Linux x86_64) AppleWebKit/534.34 (KHTML, like Gecko) wkhtmltopdf Safari/534.34" "-" "t=-,qwx=-" "-" [request_time=0.000, upstream_response_time=-, cache=-] (upstream - // -)" [ssl=-]
88.198.204.16 - - [05/Nov/2018:06:26:26 +0300] "GET /j/easychem.css HTTP/1.1" 302 154 "-" "Mozilla/5.0 (X11; Linux x86_64) AppleWebKit/534.34 (KHTML, like Gecko) wkhtmltopdf Safari/534.34" "-" "t=-,qwx=-" "-" [request_time=0.000, upstream_response_time=-, cache=-] (upstream - // -)" [ssl=-]
88.198.204.16 - - [05/Nov/2018:06:26:26 +0300] "GET /css/fonts/ptserif.css HTTP/1.1" 200 260 "-" "Mozilla/5.0 (X11; Linux x86_64) AppleWebKit/534.34 (KHTML, like Gecko) wkhtmltopdf Safari/534.34" "-" "t=-,qwx=WMbMEFvfuGJQoF8MBZ1XAg==" "-" [request_time=0.000, upstream_response_time=-, cache=-] (upstream - // -)" [ssl=TLSv1.2]
88.198.204.16 - - [05/Nov/2018:06:26:26 +0300] "GET /css/fonts/ptsanscaption.css HTTP/1.1" 200 597 "-" "Mozilla/5.0 (X11; Linux x86_64) AppleWebKit/534.34 (KHTML, like Gecko) wkhtmltopdf Safari/534.34" "-" "t=-,qwx=WMbMEFvfuGJQoF8MBZ1YAg==" "-" [request_time=0.000, upstream_response_time=-, cache=-] (upstream - // -)" [ssl=TLSv1.2]
88.198.204.16 - - [05/Nov/2018:06:26:26 +0300] "GET /img/logo.svg HTTP/1.1" 302 154 "-" "Mozilla/5.0 (X11; Linux x86_64) AppleWebKit/534.34 (KHTML, like Gecko) wkhtmltopdf Safari/534.34" "-" "t=-,qwx=WMbMEFvfuGJQoF8MBZ1bAg==" "-" [request_time=0.000, upstream_response_time=-, cache=-] (upstream - // -)" [ssl=-]
88.198.204.16 - - [05/Nov/2018:06:26:26 +0300] "GET /css/fonts/ptsanscaptionbold.woff HTTP/1.1" 200 33872 "-" "Mozilla/5.0 (X11; Linux x86_64) AppleWebKit/534.34 (KHTML, like Gecko) wkhtmltopdf Safari/534.34" "-" "t=-,qwx=WMbMEFvfuGJQoF8MBZ1bAg==" "-" [request_time=0.000, upstream_response_time=-, cache=-] (upstream - // -)" [ssl=TLSv1.2]
88.198.204.16 - - [05/Nov/2018:06:26:26 +0300] "GET /css/fonts/ptsanscaption.woff HTTP/1.1" 200 33832 "-" "Mozilla/5.0 (X11; Linux x86_64) AppleWebKit/534.34 (KHTML, like Gecko) wkhtmltopdf Safari/534.34" "-" "t=-,qwx=WMbMEFvfuGJQoF8MBZ1bAg==" "-" [request_time=0.000, upstream_response_time=-, cache=-] (upstream - // -)" [ssl=TLSv1.2]
77.34.134.253 - - [05/Nov/2018:06:26:26 +0300] "GET /css/fonts/PTF55__W.woff2 HTTP/1.1" 200 82970 "https://bigenc.ru/css/fonts/PTF55_stylesheet.css" "Mozilla/5.0 (Linux; Android 8.0.0; STF-L09) AppleWebKit/537.36 (KHTML, like Gecko) Chrome/70.0.3538.80 Mobile Safari/537.36" "-" "t=-,qwx=WMbMEFvfuGBQhl8HBSkgAg==" "-" [request_time=0.157, upstream_response_time=-, cache=-] (upstream - // -)" [ssl=TLSv1.2]
77.34.134.253 - - [05/Nov/2018:06:26:26 +0300] "GET /css/fonts/PTS55__W.woff2 HTTP/1.1" 200 73326 "https://bigenc.ru/css/fonts/PTS55_stylesheet.css" "Mozilla/5.0 (Linux; Android 8.0.0; STF-L09) AppleWebKit/537.36 (KHTML, like Gecko) Chrome/70.0.3538.80 Mobile Safari/537.36" "-" "t=-,qwx=WMbMEFvfuGBQhl8HBSkgAg==" "-" [request_time=0.305, upstream_response_time=-, cache=-] (upstream - // -)" [ssl=TLSv1.2]
77.34.134.253 - - [05/Nov/2018:06:26:26 +0300] "POST /law/text/3164669 HTTP/1.1" 200 12884 "https://bigenc.ru/law/text/3164669" "Mozilla/5.0 (Linux; Android 8.0.0; STF-L09) AppleWebKit/537.36 (KHTML, like Gecko) Chrome/70.0.3538.80 Mobile Safari/537.36" "-" "t=-,qwx=WMbMEFvfuGBQhl8HBSkgAg==" "-" [request_time=0.091, upstream_response_time=0.091, cache=-] (upstream 88.198.204.16:14090 // 200)" [ssl=TLSv1.2]
77.34.134.253 - - [05/Nov/2018:06:26:26 +0300] "POST /json/get_section_page HTTP/1.1" 200 60 "https://bigenc.ru/law/text/3164669" "Mozilla/5.0 (Linux; Android 8.0.0; STF-L09) AppleWebKit/537.36 (KHTML, like Gecko) Chrome/70.0.3538.80 Mobile Safari/537.36" "-" "t=-,qwx=WMbMEFvfuGBQhl8HBSkgAg==" "-" [request_time=0.001, upstream_response_time=0.001, cache=-] (upstream 88.198.204.16:14090 // 200)" [ssl=TLSv1.2]
77.34.134.253 - - [05/Nov/2018:06:26:26 +0300] "GET /css/fonts/PTF75__W.woff2 HTTP/1.1" 200 80660 "https://bigenc.ru/css/fonts/PTF75_stylesheet.css" "Mozilla/5.0 (Linux; Android 8.0.0; STF-L09) AppleWebKit/537.36 (KHTML, like Gecko) Chrome/70.0.3538.80 Mobile Safari/537.36" "-" "t=-,qwx=WMbMEFvfuGBQhl8HBSkgAg==" "-" [request_time=0.321, upstream_response_time=-, cache=-] (upstream - // -)" [ssl=TLSv1.2]
77.34.134.253 - - [05/Nov/2018:06:26:26 +0300] "GET /css/fonts/PTF56__W.woff2 HTTP/1.1" 200 87074 "https://bigenc.ru/css/fonts/PTF56_stylesheet.css" "Mozilla/5.0 (Linux; Android 8.0.0; STF-L09) AppleWebKit/537.36 (KHTML, like Gecko) Chrome/70.0.3538.80 Mobile Safari/537.36" "-" "t=-,qwx=WMbMEFvfuGBQhl8HBSkgAg==" "-" [request_time=0.328, upstream_response_time=-, cache=-] (upstream - // -)" [ssl=TLSv1.2]
77.34.134.253 - - [05/Nov/2018:06:26:26 +0300] "POST /json/get_section_page HTTP/1.1" 200 60 "https://bigenc.ru/law/text/3164669" "Mozilla/5.0 (Linux; Android 8.0.0; STF-L09) AppleWebKit/537.36 (KHTML, like Gecko) Chrome/70.0.3538.80 Mobile Safari/537.36" "-" "t=-,qwx=WMbMEFvfuGBQhl8HBSkgAg==" "-" [request_time=0.028, upstream_response_time=0.028, cache=-] (upstream 88.198.204.16:14090 // 200)" [ssl=TLSv1.2]
157.55.39.252 - - [05/Nov/2018:06:26:26 +0300] "GET /pdf/4734799 HTTP/1.1" 200 36641 "-" "Mozilla/5.0 (compatible; bingbot/2.0; +http://www.bing.com/bingbot.htm)" "-" "t=-,qwx=-" "-" [request_time=0.545, upstream_response_time=0.381, cache=-] (upstream 88.198.204.16:14090 // 200)" [ssl=TLSv1.2]
77.34.134.253 - - [05/Nov/2018:06:26:26 +0300] "POST /law/text/3164669 HTTP/1.1" 200 12889 "https://bigenc.ru/law/text/3164669" "Mozilla/5.0 (Linux; Android 8.0.0; STF-L09) AppleWebKit/537.36 (KHTML, like Gecko) Chrome/70.0.3538.80 Mobile Safari/537.36" "-" "t=-,qwx=WMbMEFvfuGBQhl8HBSkgAg==" "-" [request_time=0.087, upstream_response_time=0.087, cache=-] (upstream 88.198.204.16:14090 // 200)" [ssl=TLSv1.2]
46.229.168.134 - - [05/Nov/2018:06:26:27 +0300] "GET /text/2071328 HTTP/1.1" 301 306 "-" "Mozilla/5.0 (compatible; SemrushBot/2~bl; +http://www.semrush.com/bot.html)" "-" "t=-,qwx=-" "-" [request_time=0.002, upstream_response_time=0.002, cache=-] (upstream 88.198.204.16:14090 // 301)" [ssl=TLSv1.2]
77.34.134.253 - - [05/Nov/2018:06:26:27 +0300] "GET /css/print.css HTTP/1.1" 200 335 "https://bigenc.ru/law/text/3164669" "Mozilla/5.0 (Linux; Android 8.0.0; STF-L09) AppleWebKit/537.36 (KHTML, like Gecko) Chrome/70.0.3538.80 Mobile Safari/537.36" "-" "t=-,qwx=WMbMEFvfuGBQhl8HBSkgAg==" "-" [request_time=0.000, upstream_response_time=-, cache=-] (upstream - // -)" [ssl=TLSv1.2]
5.101.113.64 - - [05/Nov/2018:06:26:27 +0300] "GET /nginx/metrics HTTP/1.1" 302 154 "-" "Prometheus/2.3.2" "-" "t=-,qwx=-" "-" [request_time=0.000, upstream_response_time=-, cache=-] (upstream - // -)" [ssl=-]
77.34.134.253 - - [05/Nov/2018:06:26:28 +0300] "GET /favicon-32x32.png HTTP/1.1" 200 1016 "https://bigenc.ru/law/text/3164669" "Mozilla/5.0 (Linux; Android 8.0.0; STF-L09) AppleWebKit/537.36 (KHTML, like Gecko) Chrome/70.0.3538.80 Mobile Safari/537.36" "-" "t=-,qwx=WMbMEFvfuGBQhl8HBSkgAg==" "-" [request_time=0.000, upstream_response_time=-, cache=-] (upstream - // -)" [ssl=TLSv1.2]
77.34.134.253 - - [05/Nov/2018:06:26:28 +0300] "GET /apple-touch-icon.png HTTP/1.1" 200 4394 "https://bigenc.ru/law/text/3164669" "Mozilla/5.0 (Linux; Android 8.0.0; STF-L09) AppleWebKit/537.36 (KHTML, like Gecko) Chrome/70.0.3538.80 Mobile Safari/537.36" "-" "t=-,qwx=WMbMEFvfuGBQhl8HBSkgAg==" "-" [request_time=0.000, upstream_response_time=-, cache=-] (upstream - // -)" [ssl=TLSv1.2]
185.57.31.178 - - [05/Nov/2018:06:26:28 +0300] "GET /media/2018/07/19/1237695504/33716.jpg.1440x-.png HTTP/1.1" 200 450676 "https://bigenc.ru/" "Mozilla/5.0 (Windows NT 10.0; Win64; x64) AppleWebKit/537.36 (KHTML, like Gecko) Chrome/70.0.3538.77 Safari/537.36" "-" "t=-,qwx=WMbMEFvfuF9Qhl8HBSkeAg==" "-" [request_time=1.049, upstream_response_time=-, cache=-] (upstream - // -)" [ssl=TLSv1.2]
77.34.134.253 - - [05/Nov/2018:06:26:28 +0300] "GET /site.webmanifest HTTP/1.1" 200 426 "https://bigenc.ru/law/text/3164669" "Mozilla/5.0 (Linux; Android 8.0.0; STF-L09) AppleWebKit/537.36 (KHTML, like Gecko) Chrome/70.0.3538.80 Mobile Safari/537.36" "-" "t=-,qwx=-" "-" [request_time=0.000, upstream_response_time=-, cache=-] (upstream - // -)" [ssl=TLSv1.2]
136.243.94.72 - - [05/Nov/2018:06:26:28 +0300] "GET /text/2118237 HTTP/1.1" 301 301 "-" "RyteBot/1.0.0 (+https://bot.ryte.com/)" "-" "t=-,qwx=-" "-" [request_time=0.002, upstream_response_time=0.002, cache=-] (upstream 88.198.204.16:14090 // 301)" [ssl=TLSv1.2]
185.57.31.178 - - [05/Nov/2018:06:26:28 +0300] "GET /css/fonts/PTS55__W.woff2 HTTP/1.1" 200 73326 "https://bigenc.ru/css/fonts/PTS55_stylesheet.css" "Mozilla/5.0 (Windows NT 10.0; Win64; x64) AppleWebKit/537.36 (KHTML, like Gecko) Chrome/70.0.3538.77 Safari/537.36" "-" "t=-,qwx=WMbMEFvfuF9Qhl8HBSkeAg==" "-" [request_time=0.000, upstream_response_time=-, cache=-] (upstream - // -)" [ssl=TLSv1.2]
46.229.168.134 - - [05/Nov/2018:06:26:29 +0300] "GET /literature/text/2071328 HTTP/1.1" 200 8145 "-" "Mozilla/5.0 (compatible; SemrushBot/2~bl; +http://www.semrush.com/bot.html)" "-" "t=-,qwx=-" "-" [request_time=0.063, upstream_response_time=0.063, cache=-] (upstream 88.198.204.16:14090 // 200)" [ssl=TLSv1.2]
185.57.31.178 - - [05/Nov/2018:06:26:29 +0300] "GET /media/2018/07/19/1237695511/36207.jpg.1440x-.png HTTP/1.1" 200 293005 "https://bigenc.ru/" "Mozilla/5.0 (Windows NT 10.0; Win64; x64) AppleWebKit/537.36 (KHTML, like Gecko) Chrome/70.0.3538.77 Safari/537.36" "-" "t=-,qwx=WMbMEFvfuF9Qhl8HBSkeAg==" "-" [request_time=0.774, upstream_response_time=-, cache=-] (upstream - // -)" [ssl=TLSv1.2]
185.57.31.178 - - [05/Nov/2018:06:26:29 +0300] "GET /css/fonts/PTF55__W.woff2 HTTP/1.1" 200 82970 "https://bigenc.ru/css/fonts/PTF55_stylesheet.css" "Mozilla/5.0 (Windows NT 10.0; Win64; x64) AppleWebKit/537.36 (KHTML, like Gecko) Chrome/70.0.3538.77 Safari/537.36" "-" "t=-,qwx=WMbMEFvfuF9Qhl8HBSkeAg==" "-" [request_time=0.153, upstream_response_time=-, cache=-] (upstream - // -)" [ssl=TLSv1.2]
185.57.31.178 - - [05/Nov/2018:06:26:29 +0300] "GET /media/2018/07/19/1237695510/33547.jpg.1440x-.png HTTP/1.1" 200 344599 "https://bigenc.ru/" "Mozilla/5.0 (Windows NT 10.0; Win64; x64) AppleWebKit/537.36 (KHTML, like Gecko) Chrome/70.0.3538.77 Safari/537.36" "-" "t=-,qwx=WMbMEFvfuF9Qhl8HBSkeAg==" "-" [request_time=0.843, upstream_response_time=-, cache=-] (upstream - // -)" [ssl=TLSv1.2]
185.57.31.178 - - [05/Nov/2018:06:26:29 +0300] "GET /media/2018/07/19/1237695505/33745.jpg.1440x-.png HTTP/1.1" 200 690411 "https://bigenc.ru/" "Mozilla/5.0 (Windows NT 10.0; Win64; x64) AppleWebKit/537.36 (KHTML, like Gecko) Chrome/70.0.3538.77 Safari/537.36" "-" "t=-,qwx=WMbMEFvfuF9Qhl8HBSkeAg==" "-" [request_time=1.084, upstream_response_time=-, cache=-] (upstream - // -)" [ssl=TLSv1.2]
185.57.31.178 - - [05/Nov/2018:06:26:29 +0300] "POST /json/get_section_page HTTP/1.1" 200 60 "https://bigenc.ru/" "Mozilla/5.0 (Windows NT 10.0; Win64; x64) AppleWebKit/537.36 (KHTML, like Gecko) Chrome/70.0.3538.77 Safari/537.36" "-" "t=-,qwx=WMbMEFvfuF9Qhl8HBSkeAg==" "-" [request_time=0.001, upstream_response_time=0.001, cache=-] (upstream 88.198.204.16:14090 // 200)" [ssl=TLSv1.2]
185.57.31.178 - - [05/Nov/2018:06:26:29 +0300] "POST /json/get_section_page HTTP/1.1" 200 60 "https://bigenc.ru/" "Mozilla/5.0 (Windows NT 10.0; Win64; x64) AppleWebKit/537.36 (KHTML, like Gecko) Chrome/70.0.3538.77 Safari/537.36" "-" "t=-,qwx=WMbMEFvfuF9Qhl8HBSkeAg==" "-" [request_time=0.188, upstream_response_time=0.001, cache=-] (upstream 88.198.204.16:14090 // 200)" [ssl=TLSv1.2]
5.101.113.64 - - [05/Nov/2018:06:26:30 +0300] "GET /node/metrics HTTP/1.1" 302 154 "-" "Prometheus/2.3.2" "-" "t=-,qwx=-" "-" [request_time=0.000, upstream_response_time=-, cache=-] (upstream - // -)" [ssl=-]
5.101.113.64 - - [05/Nov/2018:06:26:34 +0300] "GET /pg/metrics HTTP/1.1" 302 154 "-" "Prometheus/2.3.2" "-" "t=-,qwx=-" "-" [request_time=0.000, upstream_response_time=-, cache=-] (upstream - // -)" [ssl=-]
188.170.174.158 - - [05/Nov/2018:06:26:38 +0300] "GET /military_science/text/2697445 HTTP/1.1" 200 13345 "-" "Mozilla/5.0 (Windows NT 6.2; WOW64) AppleWebKit/537.36 (KHTML, like Gecko) Chrome/53.0.2785.143 Safari/537.36" "-" "t=-,qwx=-" "-" [request_time=0.108, upstream_response_time=0.108, cache=-] (upstream 88.198.204.16:14090 // 200)" [ssl=TLSv1.2]
46.229.168.138 - - [05/Nov/2018:06:26:39 +0300] "GET /domestic_history/text/3174377 HTTP/1.1" 302 154 "-" "Mozilla/5.0 (compatible; SemrushBot/2~bl; +http://www.semrush.com/bot.html)" "-" "t=-,qwx=-" "-" [request_time=0.000, upstream_response_time=-, cache=-] (upstream - // -)" [ssl=-]
46.229.168.139 - - [05/Nov/2018:06:26:42 +0300] "GET /domestic_history/text/3174377 HTTP/1.1" 200 13067 "-" "Mozilla/5.0 (compatible; SemrushBot/2~bl; +http://www.semrush.com/bot.html)" "-" "t=-,qwx=-" "-" [request_time=0.101, upstream_response_time=0.101, cache=-] (upstream 88.198.204.16:14090 // 200)" [ssl=TLSv1.2]
5.101.113.64 - - [05/Nov/2018:06:26:42 +0300] "GET /nginx/metrics HTTP/1.1" 302 154 "-" "Prometheus/2.3.2" "-" "t=-,qwx=-" "-" [request_time=0.000, upstream_response_time=-, cache=-] (upstream - // -)" [ssl=-]
66.249.76.103 - - [05/Nov/2018:06:26:43 +0300] "POST /json/get_section_page HTTP/1.1" 200 60 "https://bigenc.ru/archeology/text/2031564" "Mozilla/5.0 (Linux; Android 6.0.1; Nexus 5X Build/MMB29P) AppleWebKit/537.36 (KHTML, like Gecko) Chrome/41.0.2272.96 Mobile Safari/537.36 (compatible; Googlebot/2.1; +http://www.google.com/bot.html)" "-" "t=-,qwx=WMbMEFvXt4qdIQ7eFvNsAg==" "-" [request_time=0.005, upstream_response_time=0.005, cache=-] (upstream 88.198.204.16:14090 // 200)" [ssl=TLSv1.2]
185.57.31.178 - - [05/Nov/2018:06:26:43 +0300] "GET /rf HTTP/1.1" 200 10580 "https://bigenc.ru/" "Mozilla/5.0 (Windows NT 10.0; Win64; x64) AppleWebKit/537.36 (KHTML, like Gecko) Chrome/70.0.3538.77 Safari/537.36" "-" "t=-,qwx=WMbMEFvfuF9Qhl8HBSkeAg==" "-" [request_time=0.174, upstream_response_time=0.174, cache=-] (upstream 88.198.204.16:14090 // 200)" [ssl=TLSv1.2]
5.101.113.64 - - [05/Nov/2018:06:26:45 +0300] "GET /node/metrics HTTP/1.1" 302 154 "-" "Prometheus/2.3.2" "-" "t=-,qwx=-" "-" [request_time=0.000, upstream_response_time=-, cache=-] (upstream - // -)" [ssl=-]
54.36.148.45 - - [05/Nov/2018:06:26:45 +0300] "GET /text/3540545 HTTP/1.1" 302 154 "-" "Mozilla/5.0 (compatible; AhrefsBot/5.2; +http://ahrefs.com/robot/)" "-" "t=-,qwx=-" "-" [request_time=0.000, upstream_response_time=-, cache=-] (upstream - // -)" [ssl=-]
185.57.31.178 - - [05/Nov/2018:06:26:47 +0300] "GET /css/fonts/ptsanscaption.woff2 HTTP/1.1" 200 27281 "https://bigenc.ru/css/fonts/ptsanscaption.css" "Mozilla/5.0 (Windows NT 10.0; Win64; x64) AppleWebKit/537.36 (KHTML, like Gecko) Chrome/70.0.3538.77 Safari/537.36" "-" "t=-,qwx=WMbMEFvfuF9Qhl8HBSkeAg==" "-" [request_time=0.000, upstream_response_time=-, cache=-] (upstream - // -)" [ssl=TLSv1.2]
185.57.31.178 - - [05/Nov/2018:06:26:47 +0300] "POST /json/get_section_page HTTP/1.1" 200 60 "https://bigenc.ru/rf" "Mozilla/5.0 (Windows NT 10.0; Win64; x64) AppleWebKit/537.36 (KHTML, like Gecko) Chrome/70.0.3538.77 Safari/537.36" "-" "t=-,qwx=WMbMEFvfuF9Qhl8HBSkeAg==" "-" [request_time=0.003, upstream_response_time=0.003, cache=-] (upstream 88.198.204.16:14090 // 200)" [ssl=TLSv1.2]
185.57.31.178 - - [05/Nov/2018:06:26:47 +0300] "POST /json/get_section_page HTTP/1.1" 200 60 "https://bigenc.ru/rf" "Mozilla/5.0 (Windows NT 10.0; Win64; x64) AppleWebKit/537.36 (KHTML, like Gecko) Chrome/70.0.3538.77 Safari/537.36" "-" "t=-,qwx=WMbMEFvfuF9Qhl8HBSkeAg==" "-" [request_time=0.003, upstream_response_time=0.003, cache=-] (upstream 88.198.204.16:14090 // 200)" [ssl=TLSv1.2]
5.101.113.64 - - [05/Nov/2018:06:26:49 +0300] "GET /pg/metrics HTTP/1.1" 302 154 "-" "Prometheus/2.3.2" "-" "t=-,qwx=-" "-" [request_time=0.000, upstream_response_time=-, cache=-] (upstream - // -)" [ssl=-]
46.229.168.152 - - [05/Nov/2018:06:26:49 +0300] "GET /geography/text/2003352 HTTP/1.1" 200 94696 "-" "Mozilla/5.0 (compatible; SemrushBot/2~bl; +http://www.semrush.com/bot.html)" "-" "t=-,qwx=-" "-" [request_time=0.721, upstream_response_time=0.544, cache=-] (upstream 88.198.204.16:14090 // 200)" [ssl=TLSv1.2]
46.229.168.146 - - [05/Nov/2018:06:26:51 +0300] "GET /literature/text/4693401 HTTP/1.1" 200 7936 "-" "Mozilla/5.0 (compatible; SemrushBot/2~bl; +http://www.semrush.com/bot.html)" "-" "t=-,qwx=-" "-" [request_time=0.080, upstream_response_time=0.080, cache=-] (upstream 88.198.204.16:14090 // 200)" [ssl=TLSv1.2]
37.151.57.102 - - [05/Nov/2018:06:26:54 +0300] "GET /biology/text/2120981 HTTP/1.1" 200 11385 "-" "Mozilla/5.0 (Windows NT 10.0; Win64; x64) AppleWebKit/537.36 (KHTML, like Gecko) Chrome/70.0.3538.77 Safari/537.36" "-" "t=-,qwx=-" "-" [request_time=0.091, upstream_response_time=0.091, cache=-] (upstream 88.198.204.16:14090 // 200)" [ssl=TLSv1.2]
37.151.57.102 - - [05/Nov/2018:06:26:55 +0300] "GET /css/all.css?ssa=4573-42137886-12 HTTP/1.1" 200 16706 "https://bigenc.ru/biology/text/2120981" "Mozilla/5.0 (Windows NT 10.0; Win64; x64) AppleWebKit/537.36 (KHTML, like Gecko) Chrome/70.0.3538.77 Safari/537.36" "-" "t=-,qwx=WMbMEFvfuH5Qhl8IA/QaAg==" "-" [request_time=0.000, upstream_response_time=-, cache=-] (upstream - // -)" [ssl=TLSv1.2]
37.151.57.102 - - [05/Nov/2018:06:26:55 +0300] "GET /css/article-fonts.css HTTP/1.1" 200 447 "https://bigenc.ru/biology/text/2120981" "Mozilla/5.0 (Windows NT 10.0; Win64; x64) AppleWebKit/537.36 (KHTML, like Gecko) Chrome/70.0.3538.77 Safari/537.36" "-" "t=-,qwx=WMbMEFvfuH5Qhl8IA/QaAg==" "-" [request_time=0.000, upstream_response_time=-, cache=-] (upstream - // -)" [ssl=TLSv1.2]
46.229.168.154 - - [05/Nov/2018:06:26:56 +0300] "GET /world_history/text/2073927 HTTP/1.1" 302 154 "-" "Mozilla/5.0 (compatible; SemrushBot/2~bl; +http://www.semrush.com/bot.html)" "-" "t=-,qwx=-" "-" [request_time=0.000, upstream_response_time=-, cache=-] (upstream - // -)" [ssl=-]
37.151.57.102 - - [05/Nov/2018:06:26:57 +0300] "GET /css/fonts/ptserif.css HTTP/1.1" 200 260 "https://bigenc.ru/biology/text/2120981" "Mozilla/5.0 (Windows NT 10.0; Win64; x64) AppleWebKit/537.36 (KHTML, like Gecko) Chrome/70.0.3538.77 Safari/537.36" "-" "t=-,qwx=WMbMEFvfuH5Qhl8IA/QaAg==" "-" [request_time=0.000, upstream_response_time=-, cache=-] (upstream - // -)" [ssl=TLSv1.2]
37.151.57.102 - - [05/Nov/2018:06:26:57 +0300] "GET /css/fonts/djserif.css HTTP/1.1" 200 260 "https://bigenc.ru/biology/text/2120981" "Mozilla/5.0 (Windows NT 10.0; Win64; x64) AppleWebKit/537.36 (KHTML, like Gecko) Chrome/70.0.3538.77 Safari/537.36" "-" "t=-,qwx=WMbMEFvfuH5Qhl8IA/QaAg==" "-" [request_time=0.000, upstream_response_time=-, cache=-] (upstream - // -)" [ssl=TLSv1.2]
37.151.57.102 - - [05/Nov/2018:06:26:57 +0300] "GET /css/fonts/ptsanscaption.css HTTP/1.1" 200 597 "https://bigenc.ru/biology/text/2120981" "Mozilla/5.0 (Windows NT 10.0; Win64; x64) AppleWebKit/537.36 (KHTML, like Gecko) Chrome/70.0.3538.77 Safari/537.36" "-" "t=-,qwx=WMbMEFvfuH5Qhl8IA/QaAg==" "-" [request_time=0.000, upstream_response_time=-, cache=-] (upstream - // -)" [ssl=TLSv1.2]
37.151.57.102 - - [05/Nov/2018:06:26:57 +0300] "GET /css/fonts/PTS55_stylesheet.css HTTP/1.1" 200 527 "https://bigenc.ru/biology/text/2120981" "Mozilla/5.0 (Windows NT 10.0; Win64; x64) AppleWebKit/537.36 (KHTML, like Gecko) Chrome/70.0.3538.77 Safari/537.36" "-" "t=-,qwx=WMbMEFvfuH5Qhl8IA/QaAg==" "-" [request_time=0.000, upstream_response_time=-, cache=-] (upstream - // -)" [ssl=TLSv1.2]
37.151.57.102 - - [05/Nov/2018:06:26:57 +0300] "GET /css/fonts/PTF55_stylesheet.css HTTP/1.1" 200 530 "https://bigenc.ru/biology/text/2120981" "Mozilla/5.0 (Windows NT 10.0; Win64; x64) AppleWebKit/537.36 (KHTML, like Gecko) Chrome/70.0.3538.77 Safari/537.36" "-" "t=-,qwx=WMbMEFvfuH5Qhl8IA/QaAg==" "-" [request_time=0.000, upstream_response_time=-, cache=-] (upstream - // -)" [ssl=TLSv1.2]
37.151.57.102 - - [05/Nov/2018:06:26:57 +0300] "GET /css/fonts/PTF56_stylesheet.css HTTP/1.1" 200 528 "https://bigenc.ru/biology/text/2120981" "Mozilla/5.0 (Windows NT 10.0; Win64; x64) AppleWebKit/537.36 (KHTML, like Gecko) Chrome/70.0.3538.77 Safari/537.36" "-" "t=-,qwx=WMbMEFvfuH5Qhl8IA/QaAg==" "-" [request_time=0.000, upstream_response_time=-, cache=-] (upstream - // -)" [ssl=TLSv1.2]
37.151.57.102 - - [05/Nov/2018:06:26:57 +0300] "GET /css/fonts/PTF75_stylesheet.css HTTP/1.1" 200 529 "https://bigenc.ru/biology/text/2120981" "Mozilla/5.0 (Windows NT 10.0; Win64; x64) AppleWebKit/537.36 (KHTML, like Gecko) Chrome/70.0.3538.77 Safari/537.36" "-" "t=-,qwx=WMbMEFvfuH5Qhl8IA/QaAg==" "-" [request_time=0.000, upstream_response_time=-, cache=-] (upstream - // -)" [ssl=TLSv1.2]
5.101.113.64 - - [05/Nov/2018:06:26:57 +0300] "GET /nginx/metrics HTTP/1.1" 302 154 "-" "Prometheus/2.3.2" "-" "t=-,qwx=-" "-" [request_time=0.000, upstream_response_time=-, cache=-] (upstream - // -)" [ssl=-]
46.229.168.153 - - [05/Nov/2018:06:26:58 +0300] "GET /world_history/text/2073927 HTTP/1.1" 200 7878 "-" "Mozilla/5.0 (compatible; SemrushBot/2~bl; +http://www.semrush.com/bot.html)" "-" "t=-,qwx=-" "-" [request_time=0.081, upstream_response_time=0.081, cache=-] (upstream 88.198.204.16:14090 // 200)" [ssl=TLSv1.2]
37.151.57.102 - - [05/Nov/2018:06:26:58 +0300] "GET /css/fonts/PTS55__W.woff2 HTTP/1.1" 200 73326 "https://bigenc.ru/css/fonts/PTS55_stylesheet.css" "Mozilla/5.0 (Windows NT 10.0; Win64; x64) AppleWebKit/537.36 (KHTML, like Gecko) Chrome/70.0.3538.77 Safari/537.36" "-" "t=-,qwx=WMbMEFvfuH5Qhl8IA/QaAg==" "-" [request_time=0.428, upstream_response_time=-, cache=-] (upstream - // -)" [ssl=TLSv1.2]
37.151.57.102 - - [05/Nov/2018:06:26:59 +0300] "GET /css/fonts/PTF55__W.woff2 HTTP/1.1" 200 82970 "https://bigenc.ru/css/fonts/PTF55_stylesheet.css" "Mozilla/5.0 (Windows NT 10.0; Win64; x64) AppleWebKit/537.36 (KHTML, like Gecko) Chrome/70.0.3538.77 Safari/537.36" "-" "t=-,qwx=WMbMEFvfuH5Qhl8IA/QaAg==" "-" [request_time=0.544, upstream_response_time=-, cache=-] (upstream - // -)" [ssl=TLSv1.2]
37.151.57.102 - - [05/Nov/2018:06:26:59 +0300] "POST /json/get_section_page HTTP/1.1" 200 60 "https://bigenc.ru/biology/text/2120981" "Mozilla/5.0 (Windows NT 10.0; Win64; x64) AppleWebKit/537.36 (KHTML, like Gecko) Chrome/70.0.3538.77 Safari/537.36" "-" "t=-,qwx=WMbMEFvfuH5Qhl8IA/QaAg==" "-" [request_time=0.002, upstream_response_time=0.002, cache=-] (upstream 88.198.204.16:14090 // 200)" [ssl=TLSv1.2]
37.151.57.102 - - [05/Nov/2018:06:26:59 +0300] "GET /css/fonts/PTF75__W.woff2 HTTP/1.1" 200 80660 "https://bigenc.ru/css/fonts/PTF75_stylesheet.css" "Mozilla/5.0 (Windows NT 10.0; Win64; x64) AppleWebKit/537.36 (KHTML, like Gecko) Chrome/70.0.3538.77 Safari/537.36" "-" "t=-,qwx=WMbMEFvfuH5Qhl8IA/QaAg==" "-" [request_time=0.683, upstream_response_time=-, cache=-] (upstream - // -)" [ssl=TLSv1.2]
37.151.57.102 - - [05/Nov/2018:06:26:59 +0300] "POST /json/get_section_page HTTP/1.1" 200 60 "https://bigenc.ru/biology/text/2120981" "Mozilla/5.0 (Windows NT 10.0; Win64; x64) AppleWebKit/537.36 (KHTML, like Gecko) Chrome/70.0.3538.77 Safari/537.36" "-" "t=-,qwx=WMbMEFvfuH5Qhl8IA/QaAg==" "-" [request_time=0.001, upstream_response_time=0.001, cache=-] (upstream 88.198.204.16:14090 // 200)" [ssl=TLSv1.2]
