89.35.254.33 - - [05/Nov/2018:06:36:28 +0300] "GET /media/2017/12/09/1239060416/461.jpg HTTP/1.1" 200 119609 "https://www.google.kz/" "Mozilla/5.0 (Linux; Android 6.0.1; SM-G532F Build/MMB29T) AppleWebKit/537.36 (KHTML, like Gecko) Chrome/68.0.3440.91 Mobile Safari/537.36" "-" "t=-,qwx=-" "-" [request_time=0.379, upstream_response_time=-, cache=-] (upstream - // -)" [ssl=TLSv1.2]
5.255.241.247 - - [05/Nov/2018:06:36:29 +0300] "GET /media/2016/10/27/1235881595/1415.jpg HTTP/1.1" 200 289697 "-" "Mozilla/5.0 (compatible; YandexImageResizer/2.0; +http://yandex.com/bots)" "-" "t=-,qwx=-" "-" [request_time=0.160, upstream_response_time=-, cache=-] (upstream - // -)" [ssl=TLSv1.2]
5.101.113.64 - - [05/Nov/2018:06:36:30 +0300] "GET /node/metrics HTTP/1.1" 302 154 "-" "Prometheus/2.3.2" "-" "t=-,qwx=-" "-" [request_time=0.000, upstream_response_time=-, cache=-] (upstream - // -)" [ssl=-]
54.36.148.183 - - [05/Nov/2018:06:36:33 +0300] "GET /%D0%9A%D0%B0%D0%B4%D0%B6%D0%B0%D1%80%D0%BE%D0%B2 HTTP/1.1" 302 284 "-" "Mozilla/5.0 (compatible; AhrefsBot/5.2; +http://ahrefs.com/robot/)" "-" "t=-,qwx=-" "-" [request_time=0.003, upstream_response_time=0.003, cache=-] (upstream 88.198.204.16:14090 // 302)" [ssl=TLSv1.2]
87.250.224.77 - - [05/Nov/2018:06:36:33 +0300] "GET /archeology/text/2205210 HTTP/1.1" 200 13055 "-" "Mozilla/5.0 (compatible; YandexBot/3.0; +http://yandex.com/bots)" "-" "t=-,qwx=-" "-" [request_time=0.106, upstream_response_time=0.106, cache=-] (upstream 88.198.204.16:14090 // 200)" [ssl=TLSv1.2]
5.101.113.64 - - [05/Nov/2018:06:36:34 +0300] "GET /pg/metrics HTTP/1.1" 302 154 "-" "Prometheus/2.3.2" "-" "t=-,qwx=-" "-" [request_time=0.000, upstream_response_time=-, cache=-] (upstream - // -)" [ssl=-]
46.229.168.137 - - [05/Nov/2018:06:36:34 +0300] "GET /domestic_history/text/3509279 HTTP/1.1" 200 8423 "-" "Mozilla/5.0 (compatible; SemrushBot/2~bl; +http://www.semrush.com/bot.html)" "-" "t=-,qwx=-" "-" [request_time=0.080, upstream_response_time=0.080, cache=-] (upstream 88.198.204.16:14090 // 200)" [ssl=TLSv1.2]
88.69.178.105 - - [05/Nov/2018:06:36:36 +0300] "GET /media/2016/10/27/1235184323/%D0%98%D0%9D%D0%93%D0%A3%D0%A8%D0%95%D0%A2%D0%98%D0%AF.jpg.262x-.png HTTP/1.1" 200 117401 "-" "Mozilla/5.0 (Linux; Android 7.0; SM-T585 Build/NRD90M; wv) AppleWebKit/537.36 (KHTML, like Gecko) Version/4.0 Chrome/70.0.3538.80 Safari/537.36 GSA/8.33.6.21.arm" "-" "t=-,qwx=WMbMEFvM2KadIQ7eEZQIAg==" "-" [request_time=0.108, upstream_response_time=-, cache=-] (upstream - // -)" [ssl=TLSv1.2]
54.36.148.231 - - [05/Nov/2018:06:36:36 +0300] "GET /biology/text/1984911 HTTP/1.1" 302 154 "-" "Mozilla/5.0 (compatible; AhrefsBot/5.2; +http://ahrefs.com/robot/)" "-" "t=-,qwx=-" "-" [request_time=0.000, upstream_response_time=-, cache=-] (upstream - // -)" [ssl=-]
157.55.39.218 - - [05/Nov/2018:06:36:38 +0300] "GET /media/2016/10/27/1237287357/24353.jpg HTTP/1.1" 200 60655 "-" "Mozilla/5.0 (compatible; bingbot/2.0; +http://www.bing.com/bingbot.htm)" "-" "t=-,qwx=-" "-" [request_time=0.159, upstream_response_time=-, cache=-] (upstream - // -)" [ssl=TLSv1.2]
176.9.9.92 - - [05/Nov/2018:06:36:39 +0300] "GET /%D0%9F%D1%83%D0%B0%D1%81%D1%81%D0%BE%D0%BD HTTP/1.1" 301 307 "-" "Mozilla/5.0 (compatible; MJ12bot/v1.4.8; http://mj12bot.com/)" "-" "t=-,qwx=-" "-" [request_time=0.003, upstream_response_time=0.003, cache=-] (upstream 88.198.204.16:14090 // 301)" [ssl=TLSv1.2]
157.55.39.218 - - [05/Nov/2018:06:36:40 +0300] "GET /theatre_and_cinema/text/1998848 HTTP/1.1" 200 9542 "-" "Mozilla/5.0 (compatible; bingbot/2.0; +http://www.bing.com/bingbot.htm)" "-" "t=-,qwx=-" "-" [request_time=0.069, upstream_response_time=0.069, cache=-] (upstream 88.198.204.16:14090 // 200)" [ssl=TLSv1.2]
5.101.113.64 - - [05/Nov/2018:06:36:42 +0300] "GET /nginx/metrics HTTP/1.1" 302 154 "-" "Prometheus/2.3.2" "-" "t=-,qwx=-" "-" [request_time=0.000, upstream_response_time=-, cache=-] (upstream - // -)" [ssl=-]
141.105.55.6 - - [05/Nov/2018:06:36:43 +0300] "GET /media/2016/10/27/1235174175/10359.jpg.262x-.png HTTP/1.1" 200 87504 "-" "Mozilla/4.0 (compatible; MSIE 7.0; Windows NT 6.2; Trident/7.0; .NET4.0C; .NET4.0E; .NET CLR 2.0.50727; .NET CLR 3.0.30729; .NET CLR 3.5.30729; InfoPath.2; SLCC2; MASM; BRI/2; AskTbALSV5/5.15.4.23821; MSOffice 12)" "-" "t=-,qwx=WMbMEFvacn9QW18GAw1KAg==" "-" [request_time=0.239, upstream_response_time=-, cache=-] (upstream - // -)" [ssl=TLSv1.2]
5.101.113.64 - - [05/Nov/2018:06:36:45 +0300] "GET /node/metrics HTTP/1.1" 302 154 "-" "Prometheus/2.3.2" "-" "t=-,qwx=-" "-" [request_time=0.000, upstream_response_time=-, cache=-] (upstream - // -)" [ssl=-]
89.43.20.225 - - [05/Nov/2018:06:36:45 +0300] "GET /education/text/4174230 HTTP/1.1" 200 9904 "http://www.google.com/" "Mozilla/5.0 (Linux; Android 8.0.0; FIG-LX1 Build/HUAWEIFIG-LX1) AppleWebKit/537.36 (KHTML, like Gecko) Chrome/67.0.3396.87 Mobile Safari/537.36" "-" "t=-,qwx=-" "-" [request_time=0.085, upstream_response_time=0.085, cache=-] (upstream 88.198.204.16:14090 // 200)" [ssl=TLSv1.2]
89.43.20.225 - - [05/Nov/2018:06:36:45 +0300] "GET /css/all.css?ssa=4573-42137886-12 HTTP/1.1" 200 16706 "https://bigenc.ru/education/text/4174230" "Mozilla/5.0 (Linux; Android 8.0.0; FIG-LX1 Build/HUAWEIFIG-LX1) AppleWebKit/537.36 (KHTML, like Gecko) Chrome/67.0.3396.87 Mobile Safari/537.36" "-" "t=-,qwx=WMbMEFvfus1Qj18JBh3BAg==" "-" [request_time=0.000, upstream_response_time=-, cache=-] (upstream - // -)" [ssl=TLSv1.2]
89.43.20.225 - - [05/Nov/2018:06:36:45 +0300] "GET /css/article-fonts.css HTTP/1.1" 200 447 "https://bigenc.ru/education/text/4174230" "Mozilla/5.0 (Linux; Android 8.0.0; FIG-LX1 Build/HUAWEIFIG-LX1) AppleWebKit/537.36 (KHTML, like Gecko) Chrome/67.0.3396.87 Mobile Safari/537.36" "-" "t=-,qwx=WMbMEFvfus1Qj18JBh3BAg==" "-" [request_time=0.000, upstream_response_time=-, cache=-] (upstream - // -)" [ssl=TLSv1.2]
89.43.20.225 - - [05/Nov/2018:06:36:46 +0300] "GET /css/fonts/ptserif.css HTTP/1.1" 200 260 "https://bigenc.ru/education/text/4174230" "Mozilla/5.0 (Linux; Android 8.0.0; FIG-LX1 Build/HUAWEIFIG-LX1) AppleWebKit/537.36 (KHTML, like Gecko) Chrome/67.0.3396.87 Mobile Safari/537.36" "-" "t=-,qwx=WMbMEFvfus1Qj18JBh3BAg==" "-" [request_time=0.000, upstream_response_time=-, cache=-] (upstream - // -)" [ssl=TLSv1.2]
89.43.20.225 - - [05/Nov/2018:06:36:46 +0300] "GET /css/fonts/djserif.css HTTP/1.1" 200 260 "https://bigenc.ru/education/text/4174230" "Mozilla/5.0 (Linux; Android 8.0.0; FIG-LX1 Build/HUAWEIFIG-LX1) AppleWebKit/537.36 (KHTML, like Gecko) Chrome/67.0.3396.87 Mobile Safari/537.36" "-" "t=-,qwx=WMbMEFvfus1Qj18JBh3BAg==" "-" [request_time=0.000, upstream_response_time=-, cache=-] (upstream - // -)" [ssl=TLSv1.2]
89.43.20.225 - - [05/Nov/2018:06:36:46 +0300] "GET /css/fonts/ptsanscaption.css HTTP/1.1" 200 597 "https://bigenc.ru/education/text/4174230" "Mozilla/5.0 (Linux; Android 8.0.0; FIG-LX1 Build/HUAWEIFIG-LX1) AppleWebKit/537.36 (KHTML, like Gecko) Chrome/67.0.3396.87 Mobile Safari/537.36" "-" "t=-,qwx=WMbMEFvfus1Qj18JBh3BAg==" "-" [request_time=0.000, upstream_response_time=-, cache=-] (upstream - // -)" [ssl=TLSv1.2]
89.43.20.225 - - [05/Nov/2018:06:36:46 +0300] "GET /css/fonts/PTS55_stylesheet.css HTTP/1.1" 200 527 "https://bigenc.ru/education/text/4174230" "Mozilla/5.0 (Linux; Android 8.0.0; FIG-LX1 Build/HUAWEIFIG-LX1) AppleWebKit/537.36 (KHTML, like Gecko) Chrome/67.0.3396.87 Mobile Safari/537.36" "-" "t=-,qwx=WMbMEFvfus1Qj18JBh3BAg==" "-" [request_time=0.000, upstream_response_time=-, cache=-] (upstream - // -)" [ssl=TLSv1.2]
89.43.20.225 - - [05/Nov/2018:06:36:46 +0300] "GET /css/fonts/PTF55_stylesheet.css HTTP/1.1" 200 530 "https://bigenc.ru/education/text/4174230" "Mozilla/5.0 (Linux; Android 8.0.0; FIG-LX1 Build/HUAWEIFIG-LX1) AppleWebKit/537.36 (KHTML, like Gecko) Chrome/67.0.3396.87 Mobile Safari/537.36" "-" "t=-,qwx=WMbMEFvfus1Qj18JBh3BAg==" "-" [request_time=0.000, upstream_response_time=-, cache=-] (upstream - // -)" [ssl=TLSv1.2]
89.43.20.225 - - [05/Nov/2018:06:36:46 +0300] "GET /css/fonts/PTF56_stylesheet.css HTTP/1.1" 200 528 "https://bigenc.ru/education/text/4174230" "Mozilla/5.0 (Linux; Android 8.0.0; FIG-LX1 Build/HUAWEIFIG-LX1) AppleWebKit/537.36 (KHTML, like Gecko) Chrome/67.0.3396.87 Mobile Safari/537.36" "-" "t=-,qwx=WMbMEFvfus1Qj18JBh3BAg==" "-" [request_time=0.000, upstream_response_time=-, cache=-] (upstream - // -)" [ssl=TLSv1.2]
89.43.20.225 - - [05/Nov/2018:06:36:46 +0300] "GET /css/fonts/PTF75_stylesheet.css HTTP/1.1" 200 529 "https://bigenc.ru/education/text/4174230" "Mozilla/5.0 (Linux; Android 8.0.0; FIG-LX1 Build/HUAWEIFIG-LX1) AppleWebKit/537.36 (KHTML, like Gecko) Chrome/67.0.3396.87 Mobile Safari/537.36" "-" "t=-,qwx=WMbMEFvfus1Qj18JBh3BAg==" "-" [request_time=0.000, upstream_response_time=-, cache=-] (upstream - // -)" [ssl=TLSv1.2]
46.229.168.153 - - [05/Nov/2018:06:36:46 +0300] "GET /domestic_history/text/4175110 HTTP/1.1" 200 9717 "-" "Mozilla/5.0 (compatible; SemrushBot/2~bl; +http://www.semrush.com/bot.html)" "-" "t=-,qwx=-" "-" [request_time=0.078, upstream_response_time=0.078, cache=-] (upstream 88.198.204.16:14090 // 200)" [ssl=TLSv1.2]
54.36.148.11 - - [05/Nov/2018:06:36:47 +0300] "GET /agriculture/text/1853289 HTTP/1.1" 302 154 "-" "Mozilla/5.0 (compatible; AhrefsBot/5.2; +http://ahrefs.com/robot/)" "-" "t=-,qwx=-" "-" [request_time=0.000, upstream_response_time=-, cache=-] (upstream - // -)" [ssl=-]
89.43.20.225 - - [05/Nov/2018:06:36:47 +0300] "GET /css/fonts/PTS55__W.woff2 HTTP/1.1" 200 73326 "https://bigenc.ru/css/fonts/PTS55_stylesheet.css" "Mozilla/5.0 (Linux; Android 8.0.0; FIG-LX1 Build/HUAWEIFIG-LX1) AppleWebKit/537.36 (KHTML, like Gecko) Chrome/67.0.3396.87 Mobile Safari/537.36" "-" "t=-,qwx=WMbMEFvfus1Qj18JBh3BAg==" "-" [request_time=0.245, upstream_response_time=-, cache=-] (upstream - // -)" [ssl=TLSv1.2]
89.43.20.225 - - [05/Nov/2018:06:36:47 +0300] "GET /css/fonts/PTF55__W.woff2 HTTP/1.1" 200 82970 "https://bigenc.ru/css/fonts/PTF55_stylesheet.css" "Mozilla/5.0 (Linux; Android 8.0.0; FIG-LX1 Build/HUAWEIFIG-LX1) AppleWebKit/537.36 (KHTML, like Gecko) Chrome/67.0.3396.87 Mobile Safari/537.36" "-" "t=-,qwx=WMbMEFvfus1Qj18JBh3BAg==" "-" [request_time=0.246, upstream_response_time=-, cache=-] (upstream - // -)" [ssl=TLSv1.2]
89.43.20.225 - - [05/Nov/2018:06:36:47 +0300] "POST /education/text/4174230 HTTP/1.1" 200 6846 "https://bigenc.ru/education/text/4174230" "Mozilla/5.0 (Linux; Android 8.0.0; FIG-LX1 Build/HUAWEIFIG-LX1) AppleWebKit/537.36 (KHTML, like Gecko) Chrome/67.0.3396.87 Mobile Safari/537.36" "-" "t=-,qwx=WMbMEFvfus1Qj18JBh3BAg==" "-" [request_time=0.072, upstream_response_time=0.072, cache=-] (upstream 88.198.204.16:14090 // 200)" [ssl=TLSv1.2]
89.43.20.225 - - [05/Nov/2018:06:36:47 +0300] "GET /css/fonts/PTF75__W.woff2 HTTP/1.1" 200 80660 "https://bigenc.ru/css/fonts/PTF75_stylesheet.css" "Mozilla/5.0 (Linux; Android 8.0.0; FIG-LX1 Build/HUAWEIFIG-LX1) AppleWebKit/537.36 (KHTML, like Gecko) Chrome/67.0.3396.87 Mobile Safari/537.36" "-" "t=-,qwx=WMbMEFvfus1Qj18JBh3BAg==" "-" [request_time=0.241, upstream_response_time=-, cache=-] (upstream - // -)" [ssl=TLSv1.2]
89.43.20.225 - - [05/Nov/2018:06:36:47 +0300] "GET /css/fonts/PTF56__W.woff2 HTTP/1.1" 200 87074 "https://bigenc.ru/css/fonts/PTF56_stylesheet.css" "Mozilla/5.0 (Linux; Android 8.0.0; FIG-LX1 Build/HUAWEIFIG-LX1) AppleWebKit/537.36 (KHTML, like Gecko) Chrome/67.0.3396.87 Mobile Safari/537.36" "-" "t=-,qwx=WMbMEFvfus1Qj18JBh3BAg==" "-" [request_time=0.266, upstream_response_time=-, cache=-] (upstream - // -)" [ssl=TLSv1.2]
89.43.20.225 - - [05/Nov/2018:06:36:47 +0300] "POST /json/get_section_page HTTP/1.1" 200 60 "https://bigenc.ru/education/text/4174230" "Mozilla/5.0 (Linux; Android 8.0.0; FIG-LX1 Build/HUAWEIFIG-LX1) AppleWebKit/537.36 (KHTML, like Gecko) Chrome/67.0.3396.87 Mobile Safari/537.36" "-" "t=-,qwx=WMbMEFvfus1Qj18JBh3BAg==" "-" [request_time=0.001, upstream_response_time=0.001, cache=-] (upstream 88.198.204.16:14090 // 200)" [ssl=TLSv1.2]
89.43.20.225 - - [05/Nov/2018:06:36:47 +0300] "POST /json/get_section_page HTTP/1.1" 200 60 "https://bigenc.ru/education/text/4174230" "Mozilla/5.0 (Linux; Android 8.0.0; FIG-LX1 Build/HUAWEIFIG-LX1) AppleWebKit/537.36 (KHTML, like Gecko) Chrome/67.0.3396.87 Mobile Safari/537.36" "-" "t=-,qwx=WMbMEFvfus1Qj18JBh3BAg==" "-" [request_time=0.001, upstream_response_time=0.001, cache=-] (upstream 88.198.204.16:14090 // 200)" [ssl=TLSv1.2]
89.43.20.225 - - [05/Nov/2018:06:36:47 +0300] "POST /education/text/4174230 HTTP/1.1" 200 6821 "https://bigenc.ru/education/text/4174230" "Mozilla/5.0 (Linux; Android 8.0.0; FIG-LX1 Build/HUAWEIFIG-LX1) AppleWebKit/537.36 (KHTML, like Gecko) Chrome/67.0.3396.87 Mobile Safari/537.36" "-" "t=-,qwx=WMbMEFvfus1Qj18JBh3BAg==" "-" [request_time=0.074, upstream_response_time=0.074, cache=-] (upstream 88.198.204.16:14090 // 200)" [ssl=TLSv1.2]
89.43.20.225 - - [05/Nov/2018:06:36:47 +0300] "GET /css/print.css HTTP/1.1" 200 335 "https://bigenc.ru/education/text/4174230" "Mozilla/5.0 (Linux; Android 8.0.0; FIG-LX1 Build/HUAWEIFIG-LX1) AppleWebKit/537.36 (KHTML, like Gecko) Chrome/67.0.3396.87 Mobile Safari/537.36" "-" "t=-,qwx=WMbMEFvfus1Qj18JBh3BAg==" "-" [request_time=0.000, upstream_response_time=-, cache=-] (upstream - // -)" [ssl=TLSv1.2]
66.249.76.101 - - [05/Nov/2018:06:36:48 +0300] "POST /json/get_section_page HTTP/1.1" 200 60 "https://bigenc.ru/biology/text/1934605" "Mozilla/5.0 AppleWebKit/537.36 (KHTML, like Gecko; compatible; Googlebot/2.1; +http://www.google.com/bot.html) Safari/537.36" "-" "t=-,qwx=WMbMEFvXt4qdIQ7eFvNsAg==" "-" [request_time=0.002, upstream_response_time=0.002, cache=-] (upstream 88.198.204.16:14090 // 200)" [ssl=TLSv1.2]
88.198.204.16 - - [05/Nov/2018:06:36:48 +0300] "GET /css/fonts/ptserif.css HTTP/1.1" 302 154 "-" "Mozilla/5.0 (X11; Linux x86_64) AppleWebKit/534.34 (KHTML, like Gecko) wkhtmltopdf Safari/534.34" "-" "t=-,qwx=-" "-" [request_time=0.000, upstream_response_time=-, cache=-] (upstream - // -)" [ssl=-]
88.198.204.16 - - [05/Nov/2018:06:36:48 +0300] "GET /lib/j/jquery.min.js HTTP/1.1" 302 154 "-" "Mozilla/5.0 (X11; Linux x86_64) AppleWebKit/534.34 (KHTML, like Gecko) wkhtmltopdf Safari/534.34" "-" "t=-,qwx=-" "-" [request_time=0.000, upstream_response_time=-, cache=-] (upstream - // -)" [ssl=-]
88.198.204.16 - - [05/Nov/2018:06:36:48 +0300] "GET /css/fonts/ptsanscaption.css HTTP/1.1" 302 154 "-" "Mozilla/5.0 (X11; Linux x86_64) AppleWebKit/534.34 (KHTML, like Gecko) wkhtmltopdf Safari/534.34" "-" "t=-,qwx=-" "-" [request_time=0.000, upstream_response_time=-, cache=-] (upstream - // -)" [ssl=-]
88.198.204.16 - - [05/Nov/2018:06:36:48 +0300] "GET /j/charchem.js HTTP/1.1" 302 154 "-" "Mozilla/5.0 (X11; Linux x86_64) AppleWebKit/534.34 (KHTML, like Gecko) wkhtmltopdf Safari/534.34" "-" "t=-,qwx=-" "-" [request_time=0.000, upstream_response_time=-, cache=-] (upstream - // -)" [ssl=-]
88.198.204.16 - - [05/Nov/2018:06:36:48 +0300] "GET /j/easychem.css HTTP/1.1" 302 154 "-" "Mozilla/5.0 (X11; Linux x86_64) AppleWebKit/534.34 (KHTML, like Gecko) wkhtmltopdf Safari/534.34" "-" "t=-,qwx=-" "-" [request_time=0.000, upstream_response_time=-, cache=-] (upstream - // -)" [ssl=-]
88.198.204.16 - - [05/Nov/2018:06:36:48 +0300] "GET /css/fonts/ptserif.css HTTP/1.1" 200 260 "-" "Mozilla/5.0 (X11; Linux x86_64) AppleWebKit/534.34 (KHTML, like Gecko) wkhtmltopdf Safari/534.34" "-" "t=-,qwx=WMbMEFvfutBQh18KA8UkAg==" "-" [request_time=0.000, upstream_response_time=-, cache=-] (upstream - // -)" [ssl=TLSv1.2]
88.198.204.16 - - [05/Nov/2018:06:36:48 +0300] "GET /css/fonts/ptsanscaption.css HTTP/1.1" 200 597 "-" "Mozilla/5.0 (X11; Linux x86_64) AppleWebKit/534.34 (KHTML, like Gecko) wkhtmltopdf Safari/534.34" "-" "t=-,qwx=WMbMEFvfutBQh18KA8UlAg==" "-" [request_time=0.000, upstream_response_time=-, cache=-] (upstream - // -)" [ssl=TLSv1.2]
88.198.204.16 - - [05/Nov/2018:06:36:48 +0300] "GET /img/logo.svg HTTP/1.1" 302 154 "-" "Mozilla/5.0 (X11; Linux x86_64) AppleWebKit/534.34 (KHTML, like Gecko) wkhtmltopdf Safari/534.34" "-" "t=-,qwx=WMbMEFvfutBQh18KA8UmAg==" "-" [request_time=0.000, upstream_response_time=-, cache=-] (upstream - // -)" [ssl=-]
88.198.204.16 - - [05/Nov/2018:06:36:48 +0300] "GET /css/fonts/ptsanscaptionbold.woff HTTP/1.1" 200 33872 "-" "Mozilla/5.0 (X11; Linux x86_64) AppleWebKit/534.34 (KHTML, like Gecko) wkhtmltopdf Safari/534.34" "-" "t=-,qwx=WMbMEFvfutBQh18KA8UmAg==" "-" [request_time=0.000, upstream_response_time=-, cache=-] (upstream - // -)" [ssl=TLSv1.2]
88.198.204.16 - - [05/Nov/2018:06:36:48 +0300] "GET /css/fonts/ptsanscaption.woff HTTP/1.1" 200 33832 "-" "Mozilla/5.0 (X11; Linux x86_64) AppleWebKit/534.34 (KHTML, like Gecko) wkhtmltopdf Safari/534.34" "-" "t=-,qwx=WMbMEFvfutBQh18KA8UmAg==" "-" [request_time=0.000, upstream_response_time=-, cache=-] (upstream - // -)" [ssl=TLSv1.2]
46.229.168.137 - - [05/Nov/2018:06:36:48 +0300] "GET /world_history/text/2050902 HTTP/1.1" 200 10390 "-" "Mozilla/5.0 (compatible; SemrushBot/2~bl; +http://www.semrush.com/bot.html)" "-" "t=-,qwx=-" "-" [request_time=0.088, upstream_response_time=0.088, cache=-] (upstream 88.198.204.16:14090 // 200)" [ssl=TLSv1.2]
51.255.65.46 - - [05/Nov/2018:06:36:48 +0300] "GET /pdf/2138622 HTTP/1.1" 200 26585 "-" "Mozilla/5.0 (compatible; AhrefsBot/5.2; +http://ahrefs.com/robot/)" "-" "t=-,qwx=-" "-" [request_time=0.402, upstream_response_time=0.402, cache=-] (upstream 88.198.204.16:14090 // 200)" [ssl=TLSv1.2]
89.43.20.225 - - [05/Nov/2018:06:36:48 +0300] "GET /apple-touch-icon.png HTTP/1.1" 200 4394 "https://bigenc.ru/education/text/4174230" "Mozilla/5.0 (Linux; Android 8.0.0; FIG-LX1 Build/HUAWEIFIG-LX1) AppleWebKit/537.36 (KHTML, like Gecko) Chrome/67.0.3396.87 Mobile Safari/537.36" "-" "t=-,qwx=WMbMEFvfus1Qj18JBh3BAg==" "-" [request_time=0.000, upstream_response_time=-, cache=-] (upstream - // -)" [ssl=TLSv1.2]
89.43.20.225 - - [05/Nov/2018:06:36:48 +0300] "GET /favicon-32x32.png HTTP/1.1" 200 1016 "https://bigenc.ru/education/text/4174230" "Mozilla/5.0 (Linux; Android 8.0.0; FIG-LX1 Build/HUAWEIFIG-LX1) AppleWebKit/537.36 (KHTML, like Gecko) Chrome/67.0.3396.87 Mobile Safari/537.36" "-" "t=-,qwx=WMbMEFvfus1Qj18JBh3BAg==" "-" [request_time=0.000, upstream_response_time=-, cache=-] (upstream - // -)" [ssl=TLSv1.2]
87.250.224.77 - - [05/Nov/2018:06:36:49 +0300] "GET /text/1929468 HTTP/1.1" 301 312 "-" "Mozilla/5.0 (compatible; YandexBot/3.0; +http://yandex.com/bots)" "-" "t=-,qwx=-" "-" [request_time=0.005, upstream_response_time=0.005, cache=-] (upstream 88.198.204.16:14090 // 301)" [ssl=TLSv1.2]
5.101.113.64 - - [05/Nov/2018:06:36:49 +0300] "GET /pg/metrics HTTP/1.1" 302 154 "-" "Prometheus/2.3.2" "-" "t=-,qwx=-" "-" [request_time=0.000, upstream_response_time=-, cache=-] (upstream - // -)" [ssl=-]
88.198.204.16 - - [05/Nov/2018:06:36:53 +0300] "GET /css/fonts/ptsanscaption.css HTTP/1.1" 302 154 "-" "Mozilla/5.0 (X11; Linux x86_64) AppleWebKit/534.34 (KHTML, like Gecko) wkhtmltopdf Safari/534.34" "-" "t=-,qwx=-" "-" [request_time=0.000, upstream_response_time=-, cache=-] (upstream - // -)" [ssl=-]
88.198.204.16 - - [05/Nov/2018:06:36:53 +0300] "GET /css/fonts/ptserif.css HTTP/1.1" 302 154 "-" "Mozilla/5.0 (X11; Linux x86_64) AppleWebKit/534.34 (KHTML, like Gecko) wkhtmltopdf Safari/534.34" "-" "t=-,qwx=-" "-" [request_time=0.000, upstream_response_time=-, cache=-] (upstream - // -)" [ssl=-]
88.198.204.16 - - [05/Nov/2018:06:36:53 +0300] "GET /lib/j/jquery.min.js HTTP/1.1" 302 154 "-" "Mozilla/5.0 (X11; Linux x86_64) AppleWebKit/534.34 (KHTML, like Gecko) wkhtmltopdf Safari/534.34" "-" "t=-,qwx=-" "-" [request_time=0.000, upstream_response_time=-, cache=-] (upstream - // -)" [ssl=-]
88.198.204.16 - - [05/Nov/2018:06:36:53 +0300] "GET /j/charchem.js HTTP/1.1" 302 154 "-" "Mozilla/5.0 (X11; Linux x86_64) AppleWebKit/534.34 (KHTML, like Gecko) wkhtmltopdf Safari/534.34" "-" "t=-,qwx=-" "-" [request_time=0.000, upstream_response_time=-, cache=-] (upstream - // -)" [ssl=-]
88.198.204.16 - - [05/Nov/2018:06:36:53 +0300] "GET /j/easychem.css HTTP/1.1" 302 154 "-" "Mozilla/5.0 (X11; Linux x86_64) AppleWebKit/534.34 (KHTML, like Gecko) wkhtmltopdf Safari/534.34" "-" "t=-,qwx=-" "-" [request_time=0.000, upstream_response_time=-, cache=-] (upstream - // -)" [ssl=-]
88.198.204.16 - - [05/Nov/2018:06:36:53 +0300] "GET /css/fonts/ptserif.css HTTP/1.1" 200 260 "-" "Mozilla/5.0 (X11; Linux x86_64) AppleWebKit/534.34 (KHTML, like Gecko) wkhtmltopdf Safari/534.34" "-" "t=-,qwx=WMbMEFvfutVQh18KA8UnAg==" "-" [request_time=0.000, upstream_response_time=-, cache=-] (upstream - // -)" [ssl=TLSv1.2]
88.198.204.16 - - [05/Nov/2018:06:36:53 +0300] "GET /css/fonts/ptsanscaption.css HTTP/1.1" 200 597 "-" "Mozilla/5.0 (X11; Linux x86_64) AppleWebKit/534.34 (KHTML, like Gecko) wkhtmltopdf Safari/534.34" "-" "t=-,qwx=WMbMEFvfutVQoF8MBZ4SAg==" "-" [request_time=0.000, upstream_response_time=-, cache=-] (upstream - // -)" [ssl=TLSv1.2]
88.198.204.16 - - [05/Nov/2018:06:36:53 +0300] "GET /img/logo.svg HTTP/1.1" 302 154 "-" "Mozilla/5.0 (X11; Linux x86_64) AppleWebKit/534.34 (KHTML, like Gecko) wkhtmltopdf Safari/534.34" "-" "t=-,qwx=WMbMEFvfutVQj18JBh3FAg==" "-" [request_time=0.000, upstream_response_time=-, cache=-] (upstream - // -)" [ssl=-]
88.198.204.16 - - [05/Nov/2018:06:36:53 +0300] "GET /css/fonts/ptsanscaptionbold.woff HTTP/1.1" 200 33872 "-" "Mozilla/5.0 (X11; Linux x86_64) AppleWebKit/534.34 (KHTML, like Gecko) wkhtmltopdf Safari/534.34" "-" "t=-,qwx=WMbMEFvfutVQj18JBh3FAg==" "-" [request_time=0.000, upstream_response_time=-, cache=-] (upstream - // -)" [ssl=TLSv1.2]
88.198.204.16 - - [05/Nov/2018:06:36:53 +0300] "GET /css/fonts/ptsanscaption.woff HTTP/1.1" 200 33832 "-" "Mozilla/5.0 (X11; Linux x86_64) AppleWebKit/534.34 (KHTML, like Gecko) wkhtmltopdf Safari/534.34" "-" "t=-,qwx=WMbMEFvfutVQj18JBh3FAg==" "-" [request_time=0.000, upstream_response_time=-, cache=-] (upstream - // -)" [ssl=TLSv1.2]
46.229.168.145 - - [05/Nov/2018:06:36:54 +0300] "GET /pdf/4979130 HTTP/1.1" 200 34397 "-" "Mozilla/5.0 (compatible; SemrushBot/2~bl; +http://www.semrush.com/bot.html)" "-" "t=-,qwx=-" "-" [request_time=0.498, upstream_response_time=0.406, cache=-] (upstream 88.198.204.16:14090 // 200)" [ssl=TLSv1.2]
46.229.168.145 - - [05/Nov/2018:06:36:55 +0300] "GET /technology_and_technique/text/2268194 HTTP/1.1" 200 8154 "-" "Mozilla/5.0 (compatible; SemrushBot/2~bl; +http://www.semrush.com/bot.html)" "-" "t=-,qwx=-" "-" [request_time=0.080, upstream_response_time=0.080, cache=-] (upstream 88.198.204.16:14090 // 200)" [ssl=TLSv1.2]
87.250.224.77 - - [05/Nov/2018:06:36:56 +0300] "GET /world_history/text/2102057 HTTP/1.1" 200 8179 "-" "Mozilla/5.0 (compatible; YandexBot/3.0; +http://yandex.com/bots)" "-" "t=-,qwx=-" "-" [request_time=0.065, upstream_response_time=0.065, cache=-] (upstream 88.198.204.16:14090 // 200)" [ssl=TLSv1.2]
5.101.113.64 - - [05/Nov/2018:06:36:57 +0300] "GET /nginx/metrics HTTP/1.1" 302 154 "-" "Prometheus/2.3.2" "-" "t=-,qwx=-" "-" [request_time=0.000, upstream_response_time=-, cache=-] (upstream - // -)" [ssl=-]
46.229.168.131 - - [05/Nov/2018:06:36:58 +0300] "GET /biology/text/1884218 HTTP/1.1" 302 154 "-" "Mozilla/5.0 (compatible; SemrushBot/2~bl; +http://www.semrush.com/bot.html)" "-" "t=-,qwx=-" "-" [request_time=0.000, upstream_response_time=-, cache=-] (upstream - // -)" [ssl=-]
46.229.168.148 - - [05/Nov/2018:06:36:59 +0300] "GET /biology/text/1884218 HTTP/1.1" 200 9286 "-" "Mozilla/5.0 (compatible; SemrushBot/2~bl; +http://www.semrush.com/bot.html)" "-" "t=-,qwx=-" "-" [request_time=0.087, upstream_response_time=0.087, cache=-] (upstream 88.198.204.16:14090 // 200)" [ssl=TLSv1.2]
5.101.113.64 - - [05/Nov/2018:06:37:00 +0300] "GET /node/metrics HTTP/1.1" 302 154 "-" "Prometheus/2.3.2" "-" "t=-,qwx=-" "-" [request_time=0.000, upstream_response_time=-, cache=-] (upstream - // -)" [ssl=-]
46.229.168.149 - - [05/Nov/2018:06:37:01 +0300] "GET /linguistics/text/2351196 HTTP/1.1" 200 7014 "-" "Mozilla/5.0 (compatible; SemrushBot/2~bl; +http://www.semrush.com/bot.html)" "-" "t=-,qwx=-" "-" [request_time=0.082, upstream_response_time=0.082, cache=-] (upstream 88.198.204.16:14090 // 200)" [ssl=TLSv1.2]
89.43.20.225 - - [05/Nov/2018:06:37:01 +0300] "GET /site.webmanifest HTTP/1.1" 200 426 "https://bigenc.ru/education/text/4174230" "Mozilla/5.0 (Linux; Android 8.0.0; FIG-LX1 Build/HUAWEIFIG-LX1) AppleWebKit/537.36 (KHTML, like Gecko) Chrome/67.0.3396.87 Mobile Safari/537.36" "-" "t=-,qwx=-" "-" [request_time=0.000, upstream_response_time=-, cache=-] (upstream - // -)" [ssl=TLSv1.2]
66.249.76.101 - - [05/Nov/2018:06:37:03 +0300] "POST /json/get_section_page HTTP/1.1" 200 60 "https://bigenc.ru/military_science/text/1830773" "Mozilla/5.0 (Linux; Android 6.0.1; Nexus 5X Build/MMB29P) AppleWebKit/537.36 (KHTML, like Gecko) Chrome/41.0.2272.96 Mobile Safari/537.36 (compatible; Googlebot/2.1; +http://www.google.com/bot.html)" "-" "t=-,qwx=WMbMEFvXt4qdIQ7eFvNsAg==" "-" [request_time=0.006, upstream_response_time=0.006, cache=-] (upstream 88.198.204.16:14090 // 200)" [ssl=TLSv1.2]
5.101.113.64 - - [05/Nov/2018:06:37:04 +0300] "GET /pg/metrics HTTP/1.1" 302 154 "-" "Prometheus/2.3.2" "-" "t=-,qwx=-" "-" [request_time=0.000, upstream_response_time=-, cache=-] (upstream - // -)" [ssl=-]
88.99.194.48 - - [05/Nov/2018:06:37:06 +0300] "GET /geography/text/4224650 HTTP/1.1" 200 336034 "-" "Mozilla/5.0 (Windows NT 10.0; Win64; x64) AppleWebKit/537.36 (KHTML, like Gecko) Chrome/66.0.3359.181 Safari/537.36" "-" "t=-,qwx=-" "-" [request_time=0.393, upstream_response_time=0.375, cache=-] (upstream 88.198.204.16:14090 // 200)" [ssl=TLSv1.2]
188.170.174.198 - - [05/Nov/2018:06:37:06 +0300] "GET /media/2016/10/27/1235187223/%D0%9A%D0%90%D0%92%D0%9A%D0%90%D0%97%D0%A1%D0%9A%D0%90%D0%AF%20%D0%92%D0%9E%D0%99%D0%9D%D0%90.jpg HTTP/1.1" 200 1030390 "-" "Mozilla/5.0 (Linux; Android 7.1.2; Redmi 5 Build/N2G47H; wv) AppleWebKit/537.36 (KHTML, like Gecko) Version/4.0 Chrome/62.0.3202.84 Mobile Safari/537.36 GSA/7.12.24.21.arm64" "-" "t=-,qwx=-" "-" [request_time=1.081, upstream_response_time=-, cache=-] (upstream - // -)" [ssl=TLSv1.2]
46.229.168.147 - - [05/Nov/2018:06:37:09 +0300] "GET /%C2%AB%D0%9F%D0%BE%D1%80%D1%82%D1%83%C2%BB HTTP/1.1" 302 282 "-" "Mozilla/5.0 (compatible; SemrushBot/2~bl; +http://www.semrush.com/bot.html)" "-" "t=-,qwx=-" "-" [request_time=0.008, upstream_response_time=0.008, cache=-] (upstream 88.198.204.16:14090 // 302)" [ssl=TLSv1.2]
46.229.168.130 - - [05/Nov/2018:06:37:11 +0300] "GET /search?q=%C2%AB%D0%9F%D0%BE%D1%80%D1%82%D1%83%C2%BB HTTP/1.1" 200 6123 "-" "Mozilla/5.0 (compatible; SemrushBot/2~bl; +http://www.semrush.com/bot.html)" "-" "t=-,qwx=-" "-" [request_time=0.680, upstream_response_time=0.680, cache=-] (upstream 88.198.204.16:14090 // 200)" [ssl=TLSv1.2]
5.101.113.64 - - [05/Nov/2018:06:37:12 +0300] "GET /nginx/metrics HTTP/1.1" 302 154 "-" "Prometheus/2.3.2" "-" "t=-,qwx=-" "-" [request_time=0.000, upstream_response_time=-, cache=-] (upstream - // -)" [ssl=-]
5.101.113.64 - - [05/Nov/2018:06:37:15 +0300] "GET /node/metrics HTTP/1.1" 302 154 "-" "Prometheus/2.3.2" "-" "t=-,qwx=-" "-" [request_time=0.000, upstream_response_time=-, cache=-] (upstream - // -)" [ssl=-]
144.76.172.150 - - [05/Nov/2018:06:37:16 +0300] "GET /text/2225541 HTTP/1.1" 301 312 "-" "RyteBot/1.0.0 (+https://bot.ryte.com/)" "-" "t=-,qwx=-" "-" [request_time=0.002, upstream_response_time=0.002, cache=-] (upstream 88.198.204.16:14090 // 301)" [ssl=TLSv1.2]
78.157.225.246 - - [05/Nov/2018:06:37:16 +0300] "GET /media/2016/10/27/1235200459/%D0%9A%D0%A0%D0%90%D0%A1%D0%9D%D0%9E%D0%94%D0%90%D0%A0%D0%A1%D0%9A%D0%98%D0%99.jpg HTTP/1.1" 200 1587042 "https://www.google.ru/" "Mozilla/5.0 (Windows NT 6.1; Win64; x64) AppleWebKit/537.36 (KHTML, like Gecko) Chrome/70.0.3538.77 Safari/537.36" "-" "t=-,qwx=-" "-" [request_time=1.707, upstream_response_time=-, cache=-] (upstream - // -)" [ssl=TLSv1.2]
54.36.148.10 - - [05/Nov/2018:06:37:18 +0300] "GET /military_science/text/2252542 HTTP/1.1" 200 10396 "-" "Mozilla/5.0 (compatible; AhrefsBot/5.2; +http://ahrefs.com/robot/)" "-" "t=-,qwx=-" "-" [request_time=0.086, upstream_response_time=0.086, cache=-] (upstream 88.198.204.16:14090 // 200)" [ssl=TLSv1.2]
5.101.113.64 - - [05/Nov/2018:06:37:19 +0300] "GET /pg/metrics HTTP/1.1" 302 154 "-" "Prometheus/2.3.2" "-" "t=-,qwx=-" "-" [request_time=0.000, upstream_response_time=-, cache=-] (upstream - // -)" [ssl=-]
46.229.168.139 - - [05/Nov/2018:06:37:20 +0300] "GET /geography/text/2144904 HTTP/1.1" 200 7934 "-" "Mozilla/5.0 (compatible; SemrushBot/2~bl; +http://www.semrush.com/bot.html)" "-" "t=-,qwx=-" "-" [request_time=0.083, upstream_response_time=0.083, cache=-] (upstream 88.198.204.16:14090 // 200)" [ssl=TLSv1.2]
95.191.60.190 - - [05/Nov/2018:06:37:25 +0300] "GET /geography/text/4674897 HTTP/1.1" 200 13040 "https://www.google.ru/" "Mozilla/5.0 (Windows NT 10.0; Win64; x64) AppleWebKit/537.36 (KHTML, like Gecko) Chrome/70.0.3538.77 Safari/537.36" "-" "t=-,qwx=WMbMEFvesB1Qhl8IA8htAg==" "-" [request_time=0.108, upstream_response_time=0.108, cache=-] (upstream 88.198.204.16:14090 // 200)" [ssl=TLSv1.2]
95.191.60.190 - - [05/Nov/2018:06:37:25 +0300] "GET /css/all.css?ssa=4573-42137886-12 HTTP/1.1" 200 16706 "https://bigenc.ru/geography/text/4674897" "Mozilla/5.0 (Windows NT 10.0; Win64; x64) AppleWebKit/537.36 (KHTML, like Gecko) Chrome/70.0.3538.77 Safari/537.36" "-" "t=-,qwx=WMbMEFvesB1Qhl8IA8htAg==" "-" [request_time=0.000, upstream_response_time=-, cache=-] (upstream - // -)" [ssl=TLSv1.2]
95.191.60.190 - - [05/Nov/2018:06:37:25 +0300] "GET /css/article-fonts.css HTTP/1.1" 200 447 "https://bigenc.ru/geography/text/4674897" "Mozilla/5.0 (Windows NT 10.0; Win64; x64) AppleWebKit/537.36 (KHTML, like Gecko) Chrome/70.0.3538.77 Safari/537.36" "-" "t=-,qwx=WMbMEFvesB1Qhl8IA8htAg==" "-" [request_time=0.000, upstream_response_time=-, cache=-] (upstream - // -)" [ssl=TLSv1.2]
176.9.9.92 - - [05/Nov/2018:06:37:25 +0300] "GET /mathematics/text/3172458 HTTP/1.1" 200 8888 "-" "Mozilla/5.0 (compatible; MJ12bot/v1.4.8; http://mj12bot.com/)" "-" "t=-,qwx=-" "-" [request_time=0.071, upstream_response_time=0.071, cache=-] (upstream 88.198.204.16:14090 // 200)" [ssl=TLSv1.2]
95.191.60.190 - - [05/Nov/2018:06:37:25 +0300] "GET /css/fonts/ptserif.css HTTP/1.1" 200 260 "https://bigenc.ru/geography/text/4674897" "Mozilla/5.0 (Windows NT 10.0; Win64; x64) AppleWebKit/537.36 (KHTML, like Gecko) Chrome/70.0.3538.77 Safari/537.36" "-" "t=-,qwx=WMbMEFvesB1Qhl8IA8htAg==" "-" [request_time=0.000, upstream_response_time=-, cache=-] (upstream - // -)" [ssl=TLSv1.2]
95.191.60.190 - - [05/Nov/2018:06:37:25 +0300] "GET /css/fonts/djserif.css HTTP/1.1" 200 260 "https://bigenc.ru/geography/text/4674897" "Mozilla/5.0 (Windows NT 10.0; Win64; x64) AppleWebKit/537.36 (KHTML, like Gecko) Chrome/70.0.3538.77 Safari/537.36" "-" "t=-,qwx=WMbMEFvesB1Qhl8IA8htAg==" "-" [request_time=0.000, upstream_response_time=-, cache=-] (upstream - // -)" [ssl=TLSv1.2]
95.191.60.190 - - [05/Nov/2018:06:37:25 +0300] "GET /css/fonts/ptsanscaption.css HTTP/1.1" 200 597 "https://bigenc.ru/geography/text/4674897" "Mozilla/5.0 (Windows NT 10.0; Win64; x64) AppleWebKit/537.36 (KHTML, like Gecko) Chrome/70.0.3538.77 Safari/537.36" "-" "t=-,qwx=WMbMEFvesB1Qhl8IA8htAg==" "-" [request_time=0.000, upstream_response_time=-, cache=-] (upstream - // -)" [ssl=TLSv1.2]
95.191.60.190 - - [05/Nov/2018:06:37:25 +0300] "GET /css/fonts/PTS55_stylesheet.css HTTP/1.1" 200 527 "https://bigenc.ru/geography/text/4674897" "Mozilla/5.0 (Windows NT 10.0; Win64; x64) AppleWebKit/537.36 (KHTML, like Gecko) Chrome/70.0.3538.77 Safari/537.36" "-" "t=-,qwx=WMbMEFvesB1Qhl8IA8htAg==" "-" [request_time=0.000, upstream_response_time=-, cache=-] (upstream - // -)" [ssl=TLSv1.2]
95.191.60.190 - - [05/Nov/2018:06:37:25 +0300] "GET /css/fonts/PTF55_stylesheet.css HTTP/1.1" 200 530 "https://bigenc.ru/geography/text/4674897" "Mozilla/5.0 (Windows NT 10.0; Win64; x64) AppleWebKit/537.36 (KHTML, like Gecko) Chrome/70.0.3538.77 Safari/537.36" "-" "t=-,qwx=WMbMEFvesB1Qhl8IA8htAg==" "-" [request_time=0.000, upstream_response_time=-, cache=-] (upstream - // -)" [ssl=TLSv1.2]
95.191.60.190 - - [05/Nov/2018:06:37:25 +0300] "GET /css/fonts/PTF56_stylesheet.css HTTP/1.1" 200 528 "https://bigenc.ru/geography/text/4674897" "Mozilla/5.0 (Windows NT 10.0; Win64; x64) AppleWebKit/537.36 (KHTML, like Gecko) Chrome/70.0.3538.77 Safari/537.36" "-" "t=-,qwx=WMbMEFvesB1Qhl8IA8htAg==" "-" [request_time=0.000, upstream_response_time=-, cache=-] (upstream - // -)" [ssl=TLSv1.2]
95.191.60.190 - - [05/Nov/2018:06:37:25 +0300] "GET /css/fonts/PTF75_stylesheet.css HTTP/1.1" 200 529 "https://bigenc.ru/geography/text/4674897" "Mozilla/5.0 (Windows NT 10.0; Win64; x64) AppleWebKit/537.36 (KHTML, like Gecko) Chrome/70.0.3538.77 Safari/537.36" "-" "t=-,qwx=WMbMEFvesB1Qhl8IA8htAg==" "-" [request_time=0.000, upstream_response_time=-, cache=-] (upstream - // -)" [ssl=TLSv1.2]
95.191.60.190 - - [05/Nov/2018:06:37:26 +0300] "POST /json/get_section_page HTTP/1.1" 200 60 "https://bigenc.ru/geography/text/4674897" "Mozilla/5.0 (Windows NT 10.0; Win64; x64) AppleWebKit/537.36 (KHTML, like Gecko) Chrome/70.0.3538.77 Safari/537.36" "-" "t=-,qwx=WMbMEFvesB1Qhl8IA8htAg==" "-" [request_time=0.004, upstream_response_time=0.004, cache=-] (upstream 88.198.204.16:14090 // 200)" [ssl=TLSv1.2]
95.191.60.190 - - [05/Nov/2018:06:37:26 +0300] "POST /json/get_section_page HTTP/1.1" 200 60 "https://bigenc.ru/geography/text/4674897" "Mozilla/5.0 (Windows NT 10.0; Win64; x64) AppleWebKit/537.36 (KHTML, like Gecko) Chrome/70.0.3538.77 Safari/537.36" "-" "t=-,qwx=WMbMEFvesB1Qhl8IA8htAg==" "-" [request_time=0.004, upstream_response_time=0.004, cache=-] (upstream 88.198.204.16:14090 // 200)" [ssl=TLSv1.2]
93.170.187.59 - - [05/Nov/2018:06:37:27 +0300] "POST /json/art_link HTTP/1.1" 200 258 "https://bigenc.ru/world_history/text/1879797" "Mozilla/5.0 (Windows NT 6.1) AppleWebKit/537.36 (KHTML, like Gecko) Chrome/70.0.3538.77 Safari/537.36" "-" "t=-,qwx=WMbMEFvfpcRQoF8MBZW7Ag==" "-" [request_time=0.007, upstream_response_time=0.007, cache=-] (upstream 88.198.204.16:14090 // 200)" [ssl=TLSv1.2]
95.191.60.190 - - [05/Nov/2018:06:37:27 +0300] "GET /css/fonts/PTS55__W.woff2 HTTP/1.1" 200 73326 "https://bigenc.ru/css/fonts/PTS55_stylesheet.css" "Mozilla/5.0 (Windows NT 10.0; Win64; x64) AppleWebKit/537.36 (KHTML, like Gecko) Chrome/70.0.3538.77 Safari/537.36" "-" "t=-,qwx=WMbMEFvesB1Qhl8IA8htAg==" "-" [request_time=0.307, upstream_response_time=-, cache=-] (upstream - // -)" [ssl=TLSv1.2]
93.170.187.59 - - [05/Nov/2018:06:37:27 +0300] "GET /media/2016/10/27/1235193331/15703.jpg.88x-.png HTTP/1.1" 200 7177 "https://bigenc.ru/world_history/text/1879797" "Mozilla/5.0 (Windows NT 6.1) AppleWebKit/537.36 (KHTML, like Gecko) Chrome/70.0.3538.77 Safari/537.36" "-" "t=-,qwx=WMbMEFvfpcRQoF8MBZW7Ag==" "-" [request_time=0.000, upstream_response_time=-, cache=-] (upstream - // -)" [ssl=TLSv1.2]
95.191.60.190 - - [05/Nov/2018:06:37:27 +0300] "GET /css/fonts/PTF55__W.woff2 HTTP/1.1" 200 82970 "https://bigenc.ru/css/fonts/PTF55_stylesheet.css" "Mozilla/5.0 (Windows NT 10.0; Win64; x64) AppleWebKit/537.36 (KHTML, like Gecko) Chrome/70.0.3538.77 Safari/537.36" "-" "t=-,qwx=WMbMEFvesB1Qhl8IA8htAg==" "-" [request_time=0.307, upstream_response_time=-, cache=-] (upstream - // -)" [ssl=TLSv1.2]
95.191.60.190 - - [05/Nov/2018:06:37:27 +0300] "GET /css/fonts/PTF75__W.woff2 HTTP/1.1" 200 80660 "https://bigenc.ru/css/fonts/PTF75_stylesheet.css" "Mozilla/5.0 (Windows NT 10.0; Win64; x64) AppleWebKit/537.36 (KHTML, like Gecko) Chrome/70.0.3538.77 Safari/537.36" "-" "t=-,qwx=WMbMEFvesB1Qhl8IA8htAg==" "-" [request_time=0.311, upstream_response_time=-, cache=-] (upstream - // -)" [ssl=TLSv1.2]
95.191.60.190 - - [05/Nov/2018:06:37:27 +0300] "GET /css/fonts/PTF56__W.woff2 HTTP/1.1" 200 87074 "https://bigenc.ru/css/fonts/PTF56_stylesheet.css" "Mozilla/5.0 (Windows NT 10.0; Win64; x64) AppleWebKit/537.36 (KHTML, like Gecko) Chrome/70.0.3538.77 Safari/537.36" "-" "t=-,qwx=WMbMEFvesB1Qhl8IA8htAg==" "-" [request_time=0.320, upstream_response_time=-, cache=-] (upstream - // -)" [ssl=TLSv1.2]
95.191.60.190 - - [05/Nov/2018:06:37:27 +0300] "GET /css/print.css HTTP/1.1" 200 335 "https://bigenc.ru/geography/text/4674897" "Mozilla/5.0 (Windows NT 10.0; Win64; x64) AppleWebKit/537.36 (KHTML, like Gecko) Chrome/70.0.3538.77 Safari/537.36" "-" "t=-,qwx=WMbMEFvesB1Qhl8IA8htAg==" "-" [request_time=0.000, upstream_response_time=-, cache=-] (upstream - // -)" [ssl=TLSv1.2]
95.191.60.190 - - [05/Nov/2018:06:37:27 +0300] "POST /geography/text/4674897 HTTP/1.1" 200 13517 "https://bigenc.ru/geography/text/4674897" "Mozilla/5.0 (Windows NT 10.0; Win64; x64) AppleWebKit/537.36 (KHTML, like Gecko) Chrome/70.0.3538.77 Safari/537.36" "-" "t=-,qwx=WMbMEFvesB1Qhl8IA8htAg==" "-" [request_time=0.115, upstream_response_time=0.115, cache=-] (upstream 88.198.204.16:14090 // 200)" [ssl=TLSv1.2]
5.101.113.64 - - [05/Nov/2018:06:37:27 +0300] "GET /nginx/metrics HTTP/1.1" 302 154 "-" "Prometheus/2.3.2" "-" "t=-,qwx=-" "-" [request_time=0.000, upstream_response_time=-, cache=-] (upstream - // -)" [ssl=-]
95.191.60.190 - - [05/Nov/2018:06:37:27 +0300] "POST /geography/text/4674897 HTTP/1.1" 200 13514 "https://bigenc.ru/geography/text/4674897" "Mozilla/5.0 (Windows NT 10.0; Win64; x64) AppleWebKit/537.36 (KHTML, like Gecko) Chrome/70.0.3538.77 Safari/537.36" "-" "t=-,qwx=WMbMEFvesB1Qhl8IA8htAg==" "-" [request_time=0.101, upstream_response_time=0.101, cache=-] (upstream 88.198.204.16:14090 // 200)" [ssl=TLSv1.2]
78.157.225.246 - - [05/Nov/2018:06:37:28 +0300] "GET /geography/text/2106860 HTTP/1.1" 200 65739 "https://www.google.ru/" "Mozilla/5.0 (Windows NT 6.1; Win64; x64) AppleWebKit/537.36 (KHTML, like Gecko) Chrome/70.0.3538.77 Safari/537.36" "-" "t=-,qwx=WMbMEFvfuupQa18FA7adAg==" "-" [request_time=0.391, upstream_response_time=0.391, cache=-] (upstream 88.198.204.16:14090 // 200)" [ssl=TLSv1.2]
95.191.60.190 - - [05/Nov/2018:06:37:28 +0300] "GET /geography/text/4674897 HTTP/1.1" 200 13040 "https://bigenc.ru/geography/text/4674897" "Mozilla/5.0 (Windows NT 10.0; Win64; x64) AppleWebKit/537.36 (KHTML, like Gecko) Chrome/70.0.3538.77 Safari/537.36" "-" "t=-,qwx=WMbMEFvesB1Qhl8IA8htAg==" "-" [request_time=0.104, upstream_response_time=0.104, cache=-] (upstream 88.198.204.16:14090 // 200)" [ssl=TLSv1.2]
78.157.225.246 - - [05/Nov/2018:06:37:29 +0300] "GET /css/all.css?ssa=4573-42137886-12 HTTP/1.1" 200 16706 "https://bigenc.ru/geography/text/2106860" "Mozilla/5.0 (Windows NT 6.1; Win64; x64) AppleWebKit/537.36 (KHTML, like Gecko) Chrome/70.0.3538.77 Safari/537.36" "-" "t=-,qwx=WMbMEFvfuupQa18FA7adAg==" "-" [request_time=0.000, upstream_response_time=-, cache=-] (upstream - // -)" [ssl=TLSv1.2]
78.157.225.246 - - [05/Nov/2018:06:37:29 +0300] "GET /css/article-fonts.css HTTP/1.1" 200 447 "https://bigenc.ru/geography/text/2106860" "Mozilla/5.0 (Windows NT 6.1; Win64; x64) AppleWebKit/537.36 (KHTML, like Gecko) Chrome/70.0.3538.77 Safari/537.36" "-" "t=-,qwx=WMbMEFvfuupQa18FA7adAg==" "-" [request_time=0.000, upstream_response_time=-, cache=-] (upstream - // -)" [ssl=TLSv1.2]
5.101.113.64 - - [05/Nov/2018:06:37:30 +0300] "GET /node/metrics HTTP/1.1" 302 154 "-" "Prometheus/2.3.2" "-" "t=-,qwx=-" "-" [request_time=0.000, upstream_response_time=-, cache=-] (upstream - // -)" [ssl=-]
78.157.225.246 - - [05/Nov/2018:06:37:30 +0300] "GET /css/fonts/ptserif.css HTTP/1.1" 200 260 "https://bigenc.ru/geography/text/2106860" "Mozilla/5.0 (Windows NT 6.1; Win64; x64) AppleWebKit/537.36 (KHTML, like Gecko) Chrome/70.0.3538.77 Safari/537.36" "-" "t=-,qwx=WMbMEFvfuupQa18FA7adAg==" "-" [request_time=0.000, upstream_response_time=-, cache=-] (upstream - // -)" [ssl=TLSv1.2]
78.157.225.246 - - [05/Nov/2018:06:37:30 +0300] "GET /css/fonts/djserif.css HTTP/1.1" 200 260 "https://bigenc.ru/geography/text/2106860" "Mozilla/5.0 (Windows NT 6.1; Win64; x64) AppleWebKit/537.36 (KHTML, like Gecko) Chrome/70.0.3538.77 Safari/537.36" "-" "t=-,qwx=WMbMEFvfuupQa18FA7adAg==" "-" [request_time=0.000, upstream_response_time=-, cache=-] (upstream - // -)" [ssl=TLSv1.2]
78.157.225.246 - - [05/Nov/2018:06:37:30 +0300] "GET /css/fonts/ptsanscaption.css HTTP/1.1" 200 597 "https://bigenc.ru/geography/text/2106860" "Mozilla/5.0 (Windows NT 6.1; Win64; x64) AppleWebKit/537.36 (KHTML, like Gecko) Chrome/70.0.3538.77 Safari/537.36" "-" "t=-,qwx=WMbMEFvfuupQa18FA7adAg==" "-" [request_time=0.000, upstream_response_time=-, cache=-] (upstream - // -)" [ssl=TLSv1.2]
78.157.225.246 - - [05/Nov/2018:06:37:30 +0300] "GET /css/fonts/PTS55_stylesheet.css HTTP/1.1" 200 527 "https://bigenc.ru/geography/text/2106860" "Mozilla/5.0 (Windows NT 6.1; Win64; x64) AppleWebKit/537.36 (KHTML, like Gecko) Chrome/70.0.3538.77 Safari/537.36" "-" "t=-,qwx=WMbMEFvfuupQa18FA7adAg==" "-" [request_time=0.000, upstream_response_time=-, cache=-] (upstream - // -)" [ssl=TLSv1.2]
78.157.225.246 - - [05/Nov/2018:06:37:30 +0300] "GET /css/fonts/PTF55_stylesheet.css HTTP/1.1" 200 530 "https://bigenc.ru/geography/text/2106860" "Mozilla/5.0 (Windows NT 6.1; Win64; x64) AppleWebKit/537.36 (KHTML, like Gecko) Chrome/70.0.3538.77 Safari/537.36" "-" "t=-,qwx=WMbMEFvfuupQa18FA7adAg==" "-" [request_time=0.000, upstream_response_time=-, cache=-] (upstream - // -)" [ssl=TLSv1.2]
78.157.225.246 - - [05/Nov/2018:06:37:30 +0300] "GET /css/fonts/PTF56_stylesheet.css HTTP/1.1" 200 528 "https://bigenc.ru/geography/text/2106860" "Mozilla/5.0 (Windows NT 6.1; Win64; x64) AppleWebKit/537.36 (KHTML, like Gecko) Chrome/70.0.3538.77 Safari/537.36" "-" "t=-,qwx=WMbMEFvfuupQa18FA7adAg==" "-" [request_time=0.000, upstream_response_time=-, cache=-] (upstream - // -)" [ssl=TLSv1.2]
78.157.225.246 - - [05/Nov/2018:06:37:30 +0300] "GET /css/fonts/PTF75_stylesheet.css HTTP/1.1" 200 529 "https://bigenc.ru/geography/text/2106860" "Mozilla/5.0 (Windows NT 6.1; Win64; x64) AppleWebKit/537.36 (KHTML, like Gecko) Chrome/70.0.3538.77 Safari/537.36" "-" "t=-,qwx=WMbMEFvfuupQa18FA7adAg==" "-" [request_time=0.000, upstream_response_time=-, cache=-] (upstream - // -)" [ssl=TLSv1.2]
95.191.60.190 - - [05/Nov/2018:06:37:31 +0300] "GET /site.webmanifest HTTP/1.1" 200 426 "https://bigenc.ru/geography/text/4674897" "Mozilla/5.0 (Windows NT 10.0; Win64; x64) AppleWebKit/537.36 (KHTML, like Gecko) Chrome/70.0.3538.77 Safari/537.36" "-" "t=-,qwx=-" "-" [request_time=0.000, upstream_response_time=-, cache=-] (upstream - // -)" [ssl=TLSv1.2]
78.157.225.246 - - [05/Nov/2018:06:37:31 +0300] "GET /css/fonts/PTS55__W.woff2 HTTP/1.1" 200 73326 "https://bigenc.ru/css/fonts/PTS55_stylesheet.css" "Mozilla/5.0 (Windows NT 6.1; Win64; x64) AppleWebKit/537.36 (KHTML, like Gecko) Chrome/70.0.3538.77 Safari/537.36" "-" "t=-,qwx=WMbMEFvfuupQa18FA7adAg==" "-" [request_time=0.000, upstream_response_time=-, cache=-] (upstream - // -)" [ssl=TLSv1.2]
78.157.225.246 - - [05/Nov/2018:06:37:31 +0300] "GET /css/fonts/PTF55__W.woff2 HTTP/1.1" 200 82970 "https://bigenc.ru/css/fonts/PTF55_stylesheet.css" "Mozilla/5.0 (Windows NT 6.1; Win64; x64) AppleWebKit/537.36 (KHTML, like Gecko) Chrome/70.0.3538.77 Safari/537.36" "-" "t=-,qwx=WMbMEFvfuupQa18FA7adAg==" "-" [request_time=0.178, upstream_response_time=-, cache=-] (upstream - // -)" [ssl=TLSv1.2]
78.157.225.246 - - [05/Nov/2018:06:37:31 +0300] "GET /css/fonts/PTF75__W.woff2 HTTP/1.1" 200 80660 "https://bigenc.ru/css/fonts/PTF75_stylesheet.css" "Mozilla/5.0 (Windows NT 6.1; Win64; x64) AppleWebKit/537.36 (KHTML, like Gecko) Chrome/70.0.3538.77 Safari/537.36" "-" "t=-,qwx=WMbMEFvfuupQa18FA7adAg==" "-" [request_time=0.348, upstream_response_time=-, cache=-] (upstream - // -)" [ssl=TLSv1.2]
78.157.225.246 - - [05/Nov/2018:06:37:31 +0300] "GET /css/fonts/PTF56__W.woff2 HTTP/1.1" 200 87074 "https://bigenc.ru/css/fonts/PTF56_stylesheet.css" "Mozilla/5.0 (Windows NT 6.1; Win64; x64) AppleWebKit/537.36 (KHTML, like Gecko) Chrome/70.0.3538.77 Safari/537.36" "-" "t=-,qwx=WMbMEFvfuupQa18FA7adAg==" "-" [request_time=0.347, upstream_response_time=-, cache=-] (upstream - // -)" [ssl=TLSv1.2]
78.157.225.246 - - [05/Nov/2018:06:37:32 +0300] "GET /media/2016/10/27/1235200431/%D0%9A%D1%80%D0%B0%D1%81%D0%BD%D0%BE%D0%B4%D0%B0%D1%80%D1%81%D0%BA%D0%B8%D0%B9%20%D1%81%D1%85%20%D0%BF%D0%BE%D0%BB%D0%BE%D0%B6.jpg.262x-.png HTTP/1.1" 200 30237 "https://bigenc.ru/geography/text/2106860" "Mozilla/5.0 (Windows NT 6.1; Win64; x64) AppleWebKit/537.36 (KHTML, like Gecko) Chrome/70.0.3538.77 Safari/537.36" "-" "t=-,qwx=WMbMEFvfuupQa18FA7adAg==" "-" [request_time=0.000, upstream_response_time=-, cache=-] (upstream - // -)" [ssl=TLSv1.2]
78.157.225.246 - - [05/Nov/2018:06:37:32 +0300] "POST /json/get_section_page HTTP/1.1" 200 60 "https://bigenc.ru/geography/text/2106860" "Mozilla/5.0 (Windows NT 6.1; Win64; x64) AppleWebKit/537.36 (KHTML, like Gecko) Chrome/70.0.3538.77 Safari/537.36" "-" "t=-,qwx=WMbMEFvfuupQa18FA7adAg==" "-" [request_time=0.002, upstream_response_time=0.002, cache=-] (upstream 88.198.204.16:14090 // 200)" [ssl=TLSv1.2]
78.157.225.246 - - [05/Nov/2018:06:37:32 +0300] "POST /json/get_section_page HTTP/1.1" 200 60 "https://bigenc.ru/geography/text/2106860" "Mozilla/5.0 (Windows NT 6.1; Win64; x64) AppleWebKit/537.36 (KHTML, like Gecko) Chrome/70.0.3538.77 Safari/537.36" "-" "t=-,qwx=WMbMEFvfuupQa18FA7adAg==" "-" [request_time=0.002, upstream_response_time=0.002, cache=-] (upstream 88.198.204.16:14090 // 200)" [ssl=TLSv1.2]
78.157.225.246 - - [05/Nov/2018:06:37:32 +0300] "GET /media/2016/10/27/1235200323/17637.jpg HTTP/1.1" 200 374159 "https://bigenc.ru/geography/text/2106860" "Mozilla/5.0 (Windows NT 6.1; Win64; x64) AppleWebKit/537.36 (KHTML, like Gecko) Chrome/70.0.3538.77 Safari/537.36" "-" "t=-,qwx=WMbMEFvfuupQa18FA7adAg==" "-" [request_time=0.939, upstream_response_time=-, cache=-] (upstream - // -)" [ssl=TLSv1.2]
78.157.225.246 - - [05/Nov/2018:06:37:32 +0300] "GET /media/2016/10/27/1235200459/%D0%9A%D0%A0%D0%90%D0%A1%D0%9D%D0%9E%D0%94%D0%90%D0%A0%D0%A1%D0%9A%D0%98%D0%99.jpg.262x-.png HTTP/1.1" 200 51503 "https://bigenc.ru/geography/text/2106860" "Mozilla/5.0 (Windows NT 6.1; Win64; x64) AppleWebKit/537.36 (KHTML, like Gecko) Chrome/70.0.3538.77 Safari/537.36" "-" "t=-,qwx=WMbMEFvfuupQa18FA7adAg==" "-" [request_time=0.000, upstream_response_time=-, cache=-] (upstream - // -)" [ssl=TLSv1.2]
78.157.225.246 - - [05/Nov/2018:06:37:32 +0300] "GET /media/2016/10/27/1235200411/17633.jpg.262x-.png HTTP/1.1" 200 45218 "https://bigenc.ru/geography/text/2106860" "Mozilla/5.0 (Windows NT 6.1; Win64; x64) AppleWebKit/537.36 (KHTML, like Gecko) Chrome/70.0.3538.77 Safari/537.36" "-" "t=-,qwx=WMbMEFvfuupQa18FA7adAg==" "-" [request_time=0.000, upstream_response_time=-, cache=-] (upstream - // -)" [ssl=TLSv1.2]
78.157.225.246 - - [05/Nov/2018:06:37:32 +0300] "GET /media/2016/10/27/1235200027/17638.jpg.262x-.png HTTP/1.1" 200 20637 "https://bigenc.ru/geography/text/2106860" "Mozilla/5.0 (Windows NT 6.1; Win64; x64) AppleWebKit/537.36 (KHTML, like Gecko) Chrome/70.0.3538.77 Safari/537.36" "-" "t=-,qwx=WMbMEFvfuupQa18FA7adAg==" "-" [request_time=0.000, upstream_response_time=-, cache=-] (upstream - // -)" [ssl=TLSv1.2]
78.157.225.246 - - [05/Nov/2018:06:37:32 +0300] "GET /media/2016/10/27/1235200067/17636.jpg.262x-.png HTTP/1.1" 200 19295 "https://bigenc.ru/geography/text/2106860" "Mozilla/5.0 (Windows NT 6.1; Win64; x64) AppleWebKit/537.36 (KHTML, like Gecko) Chrome/70.0.3538.77 Safari/537.36" "-" "t=-,qwx=WMbMEFvfuupQa18FA7adAg==" "-" [request_time=0.000, upstream_response_time=-, cache=-] (upstream - // -)" [ssl=TLSv1.2]
78.157.225.246 - - [05/Nov/2018:06:37:32 +0300] "GET /media/2016/10/27/1235200323/17637.jpg.262x-.png HTTP/1.1" 200 18461 "https://bigenc.ru/geography/text/2106860" "Mozilla/5.0 (Windows NT 6.1; Win64; x64) AppleWebKit/537.36 (KHTML, like Gecko) Chrome/70.0.3538.77 Safari/537.36" "-" "t=-,qwx=WMbMEFvfuupQa18FA7adAg==" "-" [request_time=0.000, upstream_response_time=-, cache=-] (upstream - // -)" [ssl=TLSv1.2]
78.157.225.246 - - [05/Nov/2018:06:37:32 +0300] "GET /media/2016/10/27/1235200427/17635.jpg.262x-.png HTTP/1.1" 200 20967 "https://bigenc.ru/geography/text/2106860" "Mozilla/5.0 (Windows NT 6.1; Win64; x64) AppleWebKit/537.36 (KHTML, like Gecko) Chrome/70.0.3538.77 Safari/537.36" "-" "t=-,qwx=WMbMEFvfuupQa18FA7adAg==" "-" [request_time=0.000, upstream_response_time=-, cache=-] (upstream - // -)" [ssl=TLSv1.2]
78.157.225.246 - - [05/Nov/2018:06:37:32 +0300] "GET /media/2016/10/27/1235200099/17235.jpg.262x-.png HTTP/1.1" 200 16808 "https://bigenc.ru/geography/text/2106860" "Mozilla/5.0 (Windows NT 6.1; Win64; x64) AppleWebKit/537.36 (KHTML, like Gecko) Chrome/70.0.3538.77 Safari/537.36" "-" "t=-,qwx=WMbMEFvfuupQa18FA7adAg==" "-" [request_time=0.000, upstream_response_time=-, cache=-] (upstream - // -)" [ssl=TLSv1.2]
78.157.225.246 - - [05/Nov/2018:06:37:32 +0300] "GET /media/2016/10/27/1235200339/17234.jpg.262x-.png HTTP/1.1" 200 69096 "https://bigenc.ru/geography/text/2106860" "Mozilla/5.0 (Windows NT 6.1; Win64; x64) AppleWebKit/537.36 (KHTML, like Gecko) Chrome/70.0.3538.77 Safari/537.36" "-" "t=-,qwx=WMbMEFvfuupQa18FA7adAg==" "-" [request_time=0.000, upstream_response_time=-, cache=-] (upstream - // -)" [ssl=TLSv1.2]
78.157.225.246 - - [05/Nov/2018:06:37:32 +0300] "GET /media/2016/10/27/1235200043/18647-17762.jpg.262x-.png HTTP/1.1" 200 59711 "https://bigenc.ru/geography/text/2106860" "Mozilla/5.0 (Windows NT 6.1; Win64; x64) AppleWebKit/537.36 (KHTML, like Gecko) Chrome/70.0.3538.77 Safari/537.36" "-" "t=-,qwx=WMbMEFvfuupQa18FA7adAg==" "-" [request_time=0.000, upstream_response_time=-, cache=-] (upstream - // -)" [ssl=TLSv1.2]
78.157.225.246 - - [05/Nov/2018:06:37:32 +0300] "GET /media/2016/10/27/1235200443/17763.jpg.262x-.png HTTP/1.1" 200 13251 "https://bigenc.ru/geography/text/2106860" "Mozilla/5.0 (Windows NT 6.1; Win64; x64) AppleWebKit/537.36 (KHTML, like Gecko) Chrome/70.0.3538.77 Safari/537.36" "-" "t=-,qwx=WMbMEFvfuupQa18FA7adAg==" "-" [request_time=0.000, upstream_response_time=-, cache=-] (upstream - // -)" [ssl=TLSv1.2]
